Component: ARM Compiler 5.06 update 5 (build 528) Tool: armlink [4d35e2]

==============================================================================

Section Cross References

    startup.o(i.assert_failed) refers to kservice.o(i.rt_kprintf) for rt_kprintf
    startup.o(i.main) refers to context_rvds.o(.text) for rt_hw_interrupt_disable
    startup.o(i.main) refers to startup.o(i.rtthread_startup) for rtthread_startup
    startup.o(i.rtthread_startup) refers to board.o(i.rt_hw_board_init) for rt_hw_board_init
    startup.o(i.rtthread_startup) refers to kservice.o(i.rt_show_version) for rt_show_version
    startup.o(i.rtthread_startup) refers to clock.o(i.rt_system_tick_init) for rt_system_tick_init
    startup.o(i.rtthread_startup) refers to object.o(i.rt_system_object_init) for rt_system_object_init
    startup.o(i.rtthread_startup) refers to timer.o(i.rt_system_timer_init) for rt_system_timer_init
    startup.o(i.rtthread_startup) refers to mem.o(i.rt_system_heap_init) for rt_system_heap_init
    startup.o(i.rtthread_startup) refers to rt_memclr_w.o(.text) for __aeabi_memclr4
    startup.o(i.rtthread_startup) refers to scheduler.o(i.rt_system_scheduler_init) for rt_system_scheduler_init
    startup.o(i.rtthread_startup) refers to application.o(i.rt_application_init) for rt_application_init
    startup.o(i.rtthread_startup) refers to timer.o(i.rt_system_timer_thread_init) for rt_system_timer_thread_init
    startup.o(i.rtthread_startup) refers to idle.o(i.rt_thread_idle_init) for rt_thread_idle_init
    startup.o(i.rtthread_startup) refers to scheduler.o(i.rt_system_scheduler_start) for rt_system_scheduler_start
    application.o(i.rt_application_init) refers to thread.o(i.rt_thread_create) for rt_thread_create
    application.o(i.rt_application_init) refers to thread.o(i.rt_thread_startup) for rt_thread_startup
    application.o(i.rt_application_init) refers to application.o(i.rt_init_thread_entry) for rt_init_thread_entry
    application.o(i.rt_init_thread_entry) refers to components.o(i.rt_components_init) for rt_components_init
    application.o(i.rt_init_thread_entry) refers to dfs_fs.o(i.dfs_mount) for dfs_mount
    application.o(i.rt_init_thread_entry) refers to application.o(.constdata) for romfs_root
    application.o(.constdata) refers to application.o(.conststring) for .conststring
    multi_thread.o(i.cal_thread_start) refers to thread.o(i.rt_thread_init) for rt_thread_init
    multi_thread.o(i.cal_thread_start) refers to thread.o(i.rt_thread_startup) for rt_thread_startup
    multi_thread.o(i.cal_thread_start) refers to multi_thread.o(.data) for rt_thread_cal_stack
    multi_thread.o(i.cal_thread_start) refers to multi_thread.o(i.rt_cal_thread_entry) for rt_cal_thread_entry
    multi_thread.o(i.dp83848_2404_thread_start) refers to thread.o(i.rt_thread_init) for rt_thread_init
    multi_thread.o(i.dp83848_2404_thread_start) refers to thread.o(i.rt_thread_startup) for rt_thread_startup
    multi_thread.o(i.dp83848_2404_thread_start) refers to multi_thread.o(.bss) for rt_thread_dp83848_stack
    multi_thread.o(i.dp83848_2404_thread_start) refers to tcp_server.o(i.rt_dp83848_tcpserver_thread_entry) for rt_dp83848_tcpserver_thread_entry
    multi_thread.o(i.ftuidle_thread_start) refers to thread.o(i.rt_thread_init) for rt_thread_init
    multi_thread.o(i.ftuidle_thread_start) refers to thread.o(i.rt_thread_startup) for rt_thread_startup
    multi_thread.o(i.ftuidle_thread_start) refers to multi_thread.o(.data) for rt_thread_ftuidle_stack
    multi_thread.o(i.ftuidle_thread_start) refers to multi_thread.o(i.rt_ftuidle_thread_entry) for rt_ftuidle_thread_entry
    multi_thread.o(i.protect_thread_start) refers to thread.o(i.rt_thread_init) for rt_thread_init
    multi_thread.o(i.protect_thread_start) refers to thread.o(i.rt_thread_startup) for rt_thread_startup
    multi_thread.o(i.protect_thread_start) refers to multi_thread.o(.data) for rt_thread_protect_stack
    multi_thread.o(i.protect_thread_start) refers to multi_thread.o(i.rt_protect_thread_entry) for rt_protect_thread_entry
    multi_thread.o(i.rt_cal_thread_entry) refers to ipc.o(i.rt_event_recv) for rt_event_recv
    multi_thread.o(i.rt_cal_thread_entry) refers to calculator.o(i.CalcultateTask) for CalcultateTask
    multi_thread.o(i.rt_cal_thread_entry) refers to multi_thread.o(.bss) for calculate_event
    multi_thread.o(i.rt_cal_thread_entry) refers to common_data.o(.data) for g_ThreadRunSta
    multi_thread.o(i.rt_ftuidle_thread_entry) refers to file_operate.o(i.file_operate_Init) for file_operate_Init
    multi_thread.o(i.rt_ftuidle_thread_entry) refers to file_operate.o(i.file_operate) for file_operate
    multi_thread.o(i.rt_ftuidle_thread_entry) refers to common_data.o(i.rt_multi_common_data_fram_update_state_write) for rt_multi_common_data_fram_update_state_write
    multi_thread.o(i.rt_ftuidle_thread_entry) refers to common_data.o(.data) for g_ThreadRunSta
[...]
    libshutdown.o(.ARM.Collect$$libshutdown$$00000000) refers (Special) to libshutdown2.o(.ARM.Collect$$libshutdown$$00000010) for __rt_lib_shutdown_return
    libshutdown.o(.ARM.Collect$$libshutdown$$00000000) refers (Special) to libshutdown2.o(.ARM.Collect$$libshutdown$$0000000A) for __rt_lib_shutdown_signal_1
    libshutdown.o(.ARM.Collect$$libshutdown$$00000000) refers (Special) to libshutdown2.o(.ARM.Collect$$libshutdown$$00000004) for __rt_lib_shutdown_stdio_1
    libshutdown.o(.ARM.Collect$$libshutdown$$00000000) refers (Special) to libshutdown2.o(.ARM.Collect$$libshutdown$$0000000C) for __rt_lib_shutdown_user_alloc_1
    ldexp.o(i.__hardfp_ldexp) refers (Special) to usenofp.o(x$fpl$usenofp) for __I$use$fp
    ldexp.o(i.__hardfp_ldexp) refers to deqf.o(x$fpl$deqf) for __aeabi_cdcmpeq
    ldexp.o(i.__hardfp_ldexp) refers to scalbn_clz.o(x$fpl$scalbn) for __ARM_scalbn
    ldexp.o(i.__hardfp_ldexp) refers to _rserrno.o(.text) for __set_errno
    ldexp.o(i.__hardfp_ldexp) refers to dunder.o(i.__mathlib_dbl_underflow) for __mathlib_dbl_underflow
    ldexp.o(i.__hardfp_ldexp) refers to dunder.o(i.__mathlib_dbl_overflow) for __mathlib_dbl_overflow
    ldexp.o(i.__softfp_ldexp) refers (Special) to usenofp.o(x$fpl$usenofp) for __I$use$fp
    ldexp.o(i.__softfp_ldexp) refers to ldexp.o(i.__hardfp_ldexp) for __hardfp_ldexp
    ldexp.o(i.__support_ldexp) refers (Special) to usenofp.o(x$fpl$usenofp) for __I$use$fp
    ldexp.o(i.__support_ldexp) refers to ldexp.o(i.__hardfp_ldexp) for __hardfp_ldexp
    ldexp.o(i.ldexp) refers (Special) to usenofp.o(x$fpl$usenofp) for __I$use$fp
    ldexp.o(i.ldexp) refers to ldexp.o(i.__hardfp_ldexp) for __hardfp_ldexp
    ldexp_x.o(i.____hardfp_ldexp$lsc) refers (Special) to usenofp.o(x$fpl$usenofp) for __I$use$fp
    ldexp_x.o(i.____hardfp_ldexp$lsc) refers to deqf.o(x$fpl$deqf) for __aeabi_cdcmpeq
    ldexp_x.o(i.____hardfp_ldexp$lsc) refers to istatus.o(x$fpl$ieeestatus) for __ieee_status
    ldexp_x.o(i.____hardfp_ldexp$lsc) refers to scalbn_clz.o(x$fpl$scalbn) for __ARM_scalbn
    ldexp_x.o(i.____hardfp_ldexp$lsc) refers to _rserrno.o(.text) for __set_errno
    ldexp_x.o(i.____hardfp_ldexp$lsc) refers to qnan.o(.constdata) for __mathlib_zero
    ldexp_x.o(i.____softfp_ldexp$lsc) refers (Special) to usenofp.o(x$fpl$usenofp) for __I$use$fp
    ldexp_x.o(i.____softfp_ldexp$lsc) refers to ldexp_x.o(i.____hardfp_ldexp$lsc) for ____hardfp_ldexp$lsc
    ldexp_x.o(i.____support_ldexp$lsc) refers (Special) to usenofp.o(x$fpl$usenofp) for __I$use$fp
    ldexp_x.o(i.____support_ldexp$lsc) refers to ldexp_x.o(i.____hardfp_ldexp$lsc) for ____hardfp_ldexp$lsc
    ldexp_x.o(i.__ldexp$lsc) refers (Special) to usenofp.o(x$fpl$usenofp) for __I$use$fp
    ldexp_x.o(i.__ldexp$lsc) refers to ldexp_x.o(i.____hardfp_ldexp$lsc) for ____hardfp_ldexp$lsc
    gui_common.o(i.GetTimer1Tick) refers to gui_common.o(.data) for timer1Count
    gui_common.o(i.GetTimer1IntervalTick) refers to gui_common.o(.data) for timer1Count
    interface_s2j.o(i.rt_Get_cJSON) refers to cjson.o(i.cJSON_Parse) for cJSON_Parse
    interface_s2j.o(i.rt_Print_cJSON) refers to cjson.o(i.cJSON_Print) for cJSON_Print


==============================================================================

Removing Unused input sections from the image.

    Removing startup.o(.rev16_text), (4 bytes).
    Removing startup.o(.revsh_text), (4 bytes).
    Removing startup.o(.rrx_text), (6 bytes).
    Removing startup.o(i.assert_failed), (112 bytes).
    Removing application.o(.rev16_text), (4 bytes).
    Removing application.o(.revsh_text), (4 bytes).
    Removing application.o(.rrx_text), (6 bytes).
    Removing multi_thread.o(.rev16_text), (4 bytes).
    Removing multi_thread.o(.revsh_text), (4 bytes).
    Removing multi_thread.o(.rrx_text), (6 bytes).
    Removing common_data.o(.rev16_text), (4 bytes).
    Removing common_data.o(.revsh_text), (4 bytes).
    Removing common_data.o(.rrx_text), (6 bytes).
    Removing common_data.o(i.BinToFloat), (6 bytes).
    Removing common_data.o(i.DBWriteNVA), (68 bytes).
    Removing common_data.o(i.rt_common_data_save_value_default_to_fram), (228 bytes).
    Removing point_table_config.o(.rev16_text), (4 bytes).
    Removing point_table_config.o(.revsh_text), (4 bytes).
    Removing point_table_config.o(.rrx_text), (6 bytes).
    Removing breaker_protect.o(.rev16_text), (4 bytes).
    Removing breaker_protect.o(.revsh_text), (4 bytes).
    Removing breaker_protect.o(.rrx_text), (6 bytes).
    Removing load_switch_ctrl.o(.rev16_text), (4 bytes).
    Removing load_switch_ctrl.o(.revsh_text), (4 bytes).
    Removing load_switch_ctrl.o(.rrx_text), (6 bytes).
    Removing other_protect.o(.rev16_text), (4 bytes).
    Removing other_protect.o(.revsh_text), (4 bytes).
    Removing other_protect.o(.rrx_text), (6 bytes).
    Removing calculator.o(.rev16_text), (4 bytes).
    Removing calculator.o(.revsh_text), (4 bytes).
    Removing calculator.o(.rrx_text), (6 bytes).
    Removing tcp_server.o(.rev16_text), (4 bytes).
    Removing tcp_server.o(.revsh_text), (4 bytes).
    Removing tcp_server.o(.rrx_text), (6 bytes).
    Removing queue.o(.rev16_text), (4 bytes).
    Removing queue.o(.revsh_text), (4 bytes).
    Removing queue.o(.rrx_text), (6 bytes).
    Removing queue.o(i.QueueSize), (10 bytes).
    Removing file_operate.o(.rev16_text), (4 bytes).
    Removing file_operate.o(.revsh_text), (4 bytes).
    Removing file_operate.o(.rrx_text), (6 bytes).
    Removing wave_recording.o(.rev16_text), (4 bytes).
    Removing wave_recording.o(.revsh_text), (4 bytes).
    Removing wave_recording.o(.rrx_text), (6 bytes).
    Removing board.o(.rev16_text), (4 bytes).
    Removing board.o(.revsh_text), (4 bytes).
    Removing board.o(.rrx_text), (6 bytes).
    Removing board.o(i.HAL_ResumeTick), (2 bytes).
    Removing board.o(i.HAL_SuspendTick), (2 bytes).
    Removing board.o(i._init), (2 bytes).
    Removing stm32f4xx_it.o(.rev16_text), (4 bytes).
    Removing stm32f4xx_it.o(.revsh_text), (4 bytes).
    Removing stm32f4xx_it.o(.rrx_text), (6 bytes).
    Removing drv_gpio.o(.rev16_text), (4 bytes).
    Removing drv_gpio.o(.revsh_text), (4 bytes).
    Removing drv_gpio.o(.rrx_text), (6 bytes).
    Removing drv_usart.o(.rev16_text), (4 bytes).
    Removing drv_usart.o(.revsh_text), (4 bytes).
    Removing drv_usart.o(.rrx_text), (6 bytes).
    Removing drv_sdram.o(.rev16_text), (4 bytes).
    Removing drv_sdram.o(.revsh_text), (4 bytes).
    Removing drv_sdram.o(.rrx_text), (6 bytes).
    Removing drv_sdram.o(i.HAL_SDRAM_MspDeInit), (76 bytes).
    Removing drv_mpu.o(.rev16_text), (4 bytes).
    Removing drv_mpu.o(.revsh_text), (4 bytes).
    Removing drv_mpu.o(.rrx_text), (6 bytes).
    Removing drv_nand.o(.rev16_text), (4 bytes).
    Removing drv_nand.o(.revsh_text), (4 bytes).
    Removing drv_nand.o(.rrx_text), (6 bytes).
    Removing drv_nand.o(i.HAL_NAND_MspInit), (240 bytes).
    Removing drv_nand.o(i.NAND_Delay), (18 bytes).
    Removing drv_nand.o(i.NAND_Init), (108 bytes).
    Removing drv_nand.o(i.NAND_ModeSet), (80 bytes).
    Removing drv_nand.o(i.NAND_ReadStatus), (84 bytes).
    Removing drv_nand.o(i.NAND_WaitRB), (56 bytes).
    Removing drv_nand.o(i._nand_checkblock), (6 bytes).
    Removing drv_nand.o(i._nand_eraseblock), (108 bytes).
    Removing drv_nand.o(i._nand_markbad), (6 bytes).
    Removing drv_nand.o(i._nand_pagecopy), (236 bytes).
    Removing drv_nand.o(i._nand_readid), (156 bytes).
    Removing drv_nand.o(i._nand_readpage), (456 bytes).
    Removing drv_nand.o(i._nand_writepage), (436 bytes).
    Removing drv_nand.o(i.nand_datacorrect), (260 bytes).
    Removing drv_nand.o(i.nand_reset), (32 bytes).
    Removing drv_nand.o(i.read_status), (124 bytes).
    Removing drv_nand.o(i.rt_hw_nand_init), (124 bytes).
    Removing drv_nand.o(i.wait_for_ready), (56 bytes).
    Removing drv_nand.o(.bss), (216 bytes).
    Removing drv_nand.o(.constdata), (28 bytes).
    Removing drv_eth.o(.rev16_text), (4 bytes).
    Removing drv_eth.o(.revsh_text), (4 bytes).
    Removing drv_eth.o(.rrx_text), (6 bytes).
    Removing drv_iic.o(.rev16_text), (4 bytes).
    Removing drv_iic.o(.revsh_text), (4 bytes).
    Removing drv_iic.o(.rrx_text), (6 bytes).
    Removing drv_spi.o(.rev16_text), (4 bytes).
    Removing drv_spi.o(.revsh_text), (4 bytes).
    Removing drv_spi.o(.rrx_text), (6 bytes).
    Removing drv_sd2405.o(.rev16_text), (4 bytes).
    Removing drv_sd2405.o(.revsh_text), (4 bytes).
    Removing drv_sd2405.o(.rrx_text), (6 bytes).
    Removing drv_io_spi.o(.rev16_text), (4 bytes).
    Removing drv_io_spi.o(.revsh_text), (4 bytes).
    Removing drv_io_spi.o(.rrx_text), (6 bytes).
    Removing drv_spi_flash.o(.rev16_text), (4 bytes).
    Removing drv_spi_flash.o(.revsh_text), (4 bytes).
    Removing drv_spi_flash.o(.rrx_text), (6 bytes).
    Removing drv_fm25vxx.o(.rev16_text), (4 bytes).
    Removing drv_fm25vxx.o(.revsh_text), (4 bytes).
    Removing drv_fm25vxx.o(.rrx_text), (6 bytes).
    Removing drv_w5500.o(.rev16_text), (4 bytes).
    Removing drv_w5500.o(.revsh_text), (4 bytes).
    Removing drv_w5500.o(.rrx_text), (6 bytes).
    Removing drv_w5500.o(i.wiz_recv_ignore), (102 bytes).
    Removing drv_w5500_conf.o(i.reg_wizchip_bus_cbfunc), (52 bytes).
    Removing drv_w5500_conf.o(i.wizchip_bus_readbyte), (6 bytes).
    Removing drv_w5500_conf.o(i.wizchip_bus_writebyte), (4 bytes).
    Removing drv_w5500_conf.o(i.wizphy_getphystat), (28 bytes).
    Removing drv_w5500_socket.o(i.w5500_connect), (324 bytes).
    Removing drv_w5500_socket.o(i.w5500_ctlsocket), (300 bytes).
    Removing drv_w5500_socket.o(i.w5500_getsockopt), (416 bytes).
    Removing drv_w5500_socket.o(i.w5500_recvfrom), (616 bytes).
    Removing drv_w5500_socket.o(i.w5500_sendto), (464 bytes).
    Removing drv_w5500_socket.o(i.w5500_setsockopt), (398 bytes).
    Removing drv_timer.o(.rev16_text), (4 bytes).
    Removing drv_timer.o(.revsh_text), (4 bytes).
    Removing drv_timer.o(.rrx_text), (6 bytes).
    Removing drv_timer.o(i.TIM7_Init), (44 bytes).
    Removing drv_timer.o(i.rt_ostimer_init), (64 bytes).
    Removing drv_timer.o(i.tmrout1ms_callbak), (2 bytes).
    Removing drv_di.o(.rev16_text), (4 bytes).
    Removing drv_di.o(.revsh_text), (4 bytes).
    Removing drv_di.o(.rrx_text), (6 bytes).
    Removing drv_do.o(.rev16_text), (4 bytes).
    Removing drv_do.o(.revsh_text), (4 bytes).
    Removing drv_do.o(.rrx_text), (6 bytes).
    Removing drv_handheld.o(.rev16_text), (4 bytes).
    Removing drv_handheld.o(.revsh_text), (4 bytes).
    Removing drv_handheld.o(.rrx_text), (6 bytes).
    Removing drv_led.o(.rev16_text), (4 bytes).
    Removing drv_led.o(.revsh_text), (4 bytes).
    Removing drv_led.o(.rrx_text), (6 bytes).
    Removing drv_ad7616.o(.rev16_text), (4 bytes).
    Removing drv_ad7616.o(.revsh_text), (4 bytes).
    Removing drv_ad7616.o(.rrx_text), (6 bytes).
    Removing drv_wdg.o(.rev16_text), (4 bytes).
    Removing drv_wdg.o(.revsh_text), (4 bytes).
    Removing drv_wdg.o(.rrx_text), (6 bytes).
    Removing drv_wdg.o(i.rt_hw_iwdg_init), (40 bytes).
    Removing drv_wdg.o(i.rt_hw_wdg_deal_init), (24 bytes).
    Removing drv_wdg.o(.bss), (16 bytes).
    Removing drv_sc1161y.o(.rev16_text), (4 bytes).
    Removing drv_sc1161y.o(.revsh_text), (4 bytes).
    Removing drv_sc1161y.o(.rrx_text), (6 bytes).
    Removing system_stm32f4xx.o(.rev16_text), (4 bytes).
    Removing system_stm32f4xx.o(.revsh_text), (4 bytes).
    Removing system_stm32f4xx.o(.rrx_text), (6 bytes).
    Removing system_stm32f4xx.o(i.SystemCoreClockUpdate), (192 bytes).
    Removing system_stm32f4xx.o(.constdata), (24 bytes).
    Removing stm32f4xx_hal.o(.rev16_text), (4 bytes).
    Removing stm32f4xx_hal.o(.revsh_text), (4 bytes).
    Removing stm32f4xx_hal.o(.rrx_text), (6 bytes).
    Removing stm32f4xx_hal.o(i.HAL_DBGMCU_DisableDBGSleepMode), (20 bytes).
    Removing stm32f4xx_hal.o(i.HAL_DBGMCU_DisableDBGStandbyMode), (20 bytes).
    Removing stm32f4xx_hal.o(i.HAL_DBGMCU_DisableDBGStopMode), (20 bytes).
    Removing stm32f4xx_hal.o(i.HAL_DBGMCU_EnableDBGSleepMode), (20 bytes).
    Removing stm32f4xx_hal.o(i.HAL_DBGMCU_EnableDBGStandbyMode), (20 bytes).
    Removing stm32f4xx_hal.o(i.HAL_DBGMCU_EnableDBGStopMode), (20 bytes).
    Removing stm32f4xx_hal.o(i.HAL_DeInit), (68 bytes).
    Removing stm32f4xx_hal.o(i.HAL_Delay), (26 bytes).
    Removing stm32f4xx_hal.o(i.HAL_DisableCompensationCell), (28 bytes).
    Removing stm32f4xx_hal.o(i.HAL_DisableMemorySwappingBank), (28 bytes).
    Removing stm32f4xx_hal.o(i.HAL_EnableCompensationCell), (28 bytes).
    Removing stm32f4xx_hal.o(i.HAL_EnableMemorySwappingBank), (24 bytes).
    Removing stm32f4xx_hal.o(i.HAL_GetDEVID), (16 bytes).
    Removing stm32f4xx_hal.o(i.HAL_GetHalVersion), (6 bytes).
    Removing stm32f4xx_hal.o(i.HAL_GetREVID), (12 bytes).
    Removing stm32f4xx_hal.o(i.HAL_GetTick), (12 bytes).
    Removing stm32f4xx_hal.o(i.HAL_IncTick), (16 bytes).
    Removing stm32f4xx_hal.o(i.HAL_InitTick), (40 bytes).
    Removing stm32f4xx_hal.o(i.HAL_MspDeInit), (2 bytes).
    Removing stm32f4xx_hal.o(i.HAL_ResumeTick), (18 bytes).
    Removing stm32f4xx_hal.o(i.HAL_SuspendTick), (18 bytes).
    Removing stm32f4xx_hal.o(.data), (4 bytes).
    Removing stm32f4xx_hal_adc.o(.rev16_text), (4 bytes).
    Removing stm32f4xx_hal_adc.o(.revsh_text), (4 bytes).
    Removing stm32f4xx_hal_adc.o(.rrx_text), (6 bytes).
    Removing stm32f4xx_hal_adc_ex.o(.rev16_text), (4 bytes).
    Removing stm32f4xx_hal_adc_ex.o(.revsh_text), (4 bytes).
    Removing stm32f4xx_hal_adc_ex.o(.rrx_text), (6 bytes).
    Removing stm32f4xx_hal_can.o(.rev16_text), (4 bytes).
    Removing stm32f4xx_hal_can.o(.revsh_text), (4 bytes).
    Removing stm32f4xx_hal_can.o(.rrx_text), (6 bytes).
    Removing stm32f4xx_hal_cec.o(.rev16_text), (4 bytes).
    Removing stm32f4xx_hal_cec.o(.revsh_text), (4 bytes).
    Removing stm32f4xx_hal_cec.o(.rrx_text), (6 bytes).
    Removing stm32f4xx_hal_cortex.o(.rev16_text), (4 bytes).
    Removing stm32f4xx_hal_cortex.o(.revsh_text), (4 bytes).
    Removing stm32f4xx_hal_cortex.o(.rrx_text), (6 bytes).
    Removing stm32f4xx_hal_cortex.o(i.HAL_MPU_ConfigRegion), (92 bytes).
    Removing stm32f4xx_hal_cortex.o(i.HAL_NVIC_ClearPendingIRQ), (28 bytes).
    Removing stm32f4xx_hal_cortex.o(i.HAL_NVIC_GetActive), (40 bytes).
    Removing stm32f4xx_hal_cortex.o(i.HAL_NVIC_GetPendingIRQ), (40 bytes).
    Removing stm32f4xx_hal_cortex.o(i.HAL_NVIC_GetPriority), (148 bytes).
    Removing stm32f4xx_hal_cortex.o(i.HAL_NVIC_GetPriorityGrouping), (8 bytes).
    Removing stm32f4xx_hal_cortex.o(i.HAL_NVIC_SetPendingIRQ), (28 bytes).
    Removing stm32f4xx_hal_cortex.o(i.HAL_NVIC_SystemReset), (68 bytes).
    Removing stm32f4xx_hal_cortex.o(i.HAL_SYSTICK_Callback), (2 bytes).
    Removing stm32f4xx_hal_cortex.o(i.HAL_SYSTICK_IRQHandler), (8 bytes).
    Removing stm32f4xx_hal_crc.o(.rev16_text), (4 bytes).
    Removing stm32f4xx_hal_crc.o(.revsh_text), (4 bytes).
    Removing stm32f4xx_hal_crc.o(.rrx_text), (6 bytes).
    Removing stm32f4xx_hal_cryp.o(.rev16_text), (4 bytes).
    Removing stm32f4xx_hal_cryp.o(.revsh_text), (4 bytes).
    Removing stm32f4xx_hal_cryp.o(.rrx_text), (6 bytes).
    Removing stm32f4xx_hal_cryp_ex.o(.rev16_text), (4 bytes).
    Removing stm32f4xx_hal_cryp_ex.o(.revsh_text), (4 bytes).
    Removing stm32f4xx_hal_cryp_ex.o(.rrx_text), (6 bytes).
    Removing stm32f4xx_hal_dac.o(.rev16_text), (4 bytes).
    Removing stm32f4xx_hal_dac.o(.revsh_text), (4 bytes).
    Removing stm32f4xx_hal_dac.o(.rrx_text), (6 bytes).
    Removing stm32f4xx_hal_dac_ex.o(.rev16_text), (4 bytes).
    Removing stm32f4xx_hal_dac_ex.o(.revsh_text), (4 bytes).
    Removing stm32f4xx_hal_dac_ex.o(.rrx_text), (6 bytes).
    Removing stm32f4xx_hal_dcmi.o(.rev16_text), (4 bytes).
    Removing stm32f4xx_hal_dcmi.o(.revsh_text), (4 bytes).
    Removing stm32f4xx_hal_dcmi.o(.rrx_text), (6 bytes).
    Removing stm32f4xx_hal_dcmi_ex.o(.rev16_text), (4 bytes).
    Removing stm32f4xx_hal_dcmi_ex.o(.revsh_text), (4 bytes).
    Removing stm32f4xx_hal_dcmi_ex.o(.rrx_text), (6 bytes).
    Removing stm32f4xx_hal_dfsdm.o(.rev16_text), (4 bytes).
    Removing stm32f4xx_hal_dfsdm.o(.revsh_text), (4 bytes).
    Removing stm32f4xx_hal_dfsdm.o(.rrx_text), (6 bytes).
    Removing stm32f4xx_hal_dma.o(.rev16_text), (4 bytes).
    Removing stm32f4xx_hal_dma.o(.revsh_text), (4 bytes).
    Removing stm32f4xx_hal_dma.o(.rrx_text), (6 bytes).
    Removing stm32f4xx_hal_dma.o(i.DMA_CalcBaseAndBitshift), (52 bytes).
    Removing stm32f4xx_hal_dma.o(i.DMA_CheckFifoParam), (186 bytes).
    Removing stm32f4xx_hal_dma.o(i.DMA_SetConfig), (44 bytes).
    Removing stm32f4xx_hal_dma.o(i.HAL_DMA_Abort), (170 bytes).
    Removing stm32f4xx_hal_dma.o(i.HAL_DMA_Abort_IT), (40 bytes).
    Removing stm32f4xx_hal_dma.o(i.HAL_DMA_DeInit), (98 bytes).
    Removing stm32f4xx_hal_dma.o(i.HAL_DMA_GetError), (6 bytes).
    Removing stm32f4xx_hal_dma.o(i.HAL_DMA_GetState), (8 bytes).
    Removing stm32f4xx_hal_dma.o(i.HAL_DMA_Init), (232 bytes).
    Removing stm32f4xx_hal_dma.o(i.HAL_DMA_PollForTransfer), (356 bytes).
    Removing stm32f4xx_hal_dma.o(i.HAL_DMA_RegisterCallback), (94 bytes).
    Removing stm32f4xx_hal_dma.o(i.HAL_DMA_Start), (102 bytes).
    Removing stm32f4xx_hal_dma.o(i.HAL_DMA_Start_IT), (158 bytes).
    Removing stm32f4xx_hal_dma.o(i.HAL_DMA_UnRegisterCallback), (124 bytes).
    Removing stm32f4xx_hal_dma.o(.constdata), (8 bytes).
    Removing stm32f4xx_hal_dma2d.o(.rev16_text), (4 bytes).
    Removing stm32f4xx_hal_dma2d.o(.revsh_text), (4 bytes).
    Removing stm32f4xx_hal_dma2d.o(.rrx_text), (6 bytes).
    Removing stm32f4xx_hal_dma_ex.o(.rev16_text), (4 bytes).
    Removing stm32f4xx_hal_dma_ex.o(.revsh_text), (4 bytes).
    Removing stm32f4xx_hal_dma_ex.o(.rrx_text), (6 bytes).
    Removing stm32f4xx_hal_dma_ex.o(i.DMA_MultiBufferSetConfig), (32 bytes).
    Removing stm32f4xx_hal_dma_ex.o(i.HAL_DMAEx_ChangeMemory), (18 bytes).
    Removing stm32f4xx_hal_dma_ex.o(i.HAL_DMAEx_MultiBufferStart), (124 bytes).
    Removing stm32f4xx_hal_dma_ex.o(i.HAL_DMAEx_MultiBufferStart_IT), (4064 bytes).
    Removing stm32f4xx_hal_dsi.o(.rev16_text), (4 bytes).
    Removing stm32f4xx_hal_dsi.o(.revsh_text), (4 bytes).
    Removing stm32f4xx_hal_dsi.o(.rrx_text), (6 bytes).
    Removing stm32f4xx_hal_eth.o(.rev16_text), (4 bytes).
    Removing stm32f4xx_hal_eth.o(.revsh_text), (4 bytes).
    Removing stm32f4xx_hal_eth.o(.rrx_text), (6 bytes).
    Removing stm32f4xx_hal_eth.o(i.ETH_DMAReceptionDisable), (22 bytes).
    Removing stm32f4xx_hal_eth.o(i.ETH_DMATransmissionDisable), (22 bytes).
    Removing stm32f4xx_hal_eth.o(i.ETH_MACReceptionDisable), (40 bytes).
    Removing stm32f4xx_hal_eth.o(i.ETH_MACTransmissionDisable), (40 bytes).
    Removing stm32f4xx_hal_eth.o(i.HAL_ETH_ConfigDMA), (200 bytes).
    Removing stm32f4xx_hal_eth.o(i.HAL_ETH_ConfigMAC), (320 bytes).
    Removing stm32f4xx_hal_eth.o(i.HAL_ETH_ErrorCallback), (2 bytes).
    Removing stm32f4xx_hal_eth.o(i.HAL_ETH_GetReceivedFrame), (178 bytes).
    Removing stm32f4xx_hal_eth.o(i.HAL_ETH_GetState), (8 bytes).
    Removing stm32f4xx_hal_eth.o(i.HAL_ETH_MspInit), (2 bytes).
    Removing stm32f4xx_hal_eth.o(i.HAL_ETH_RxCpltCallback), (2 bytes).
    Removing stm32f4xx_hal_eth.o(i.HAL_ETH_Stop), (82 bytes).
    Removing stm32f4xx_hal_eth.o(i.HAL_ETH_TxCpltCallback), (2 bytes).
    Removing stm32f4xx_hal_flash.o(.rev16_text), (4 bytes).
    Removing stm32f4xx_hal_flash.o(.revsh_text), (4 bytes).
    Removing stm32f4xx_hal_flash.o(.rrx_text), (6 bytes).
    Removing stm32f4xx_hal_flash.o(i.FLASH_Program_Byte), (36 bytes).
    Removing stm32f4xx_hal_flash.o(i.FLASH_Program_DoubleWord), (44 bytes).
    Removing stm32f4xx_hal_flash.o(i.FLASH_Program_HalfWord), (40 bytes).
    Removing stm32f4xx_hal_flash.o(i.FLASH_Program_Word), (40 bytes).
    Removing stm32f4xx_hal_flash.o(i.HAL_FLASH_EndOfOperationCallback), (2 bytes).
    Removing stm32f4xx_hal_flash.o(i.HAL_FLASH_GetError), (12 bytes).
    Removing stm32f4xx_hal_flash.o(i.HAL_FLASH_IRQHandler), (272 bytes).
    Removing stm32f4xx_hal_flash.o(i.HAL_FLASH_OperationErrorCallback), (2 bytes).
    Removing stm32f4xx_hal_flash.o(i.HAL_FLASH_Program), (152 bytes).
    Removing stm32f4xx_hal_flash.o(i.HAL_FLASH_Program_IT), (136 bytes).
    Removing stm32f4xx_hal_flash_ex.o(.rev16_text), (4 bytes).
    Removing stm32f4xx_hal_flash_ex.o(.revsh_text), (4 bytes).
    Removing stm32f4xx_hal_flash_ex.o(.rrx_text), (6 bytes).
    Removing stm32f4xx_hal_flash_ex.o(i.FLASH_Erase_Sector), (108 bytes).
    Removing stm32f4xx_hal_flash_ex.o(i.FLASH_FlushCaches), (120 bytes).
    Removing stm32f4xx_hal_flash_ex.o(i.FLASH_MassErase), (84 bytes).
    Removing stm32f4xx_hal_flash_ex.o(i.FLASH_OB_BootConfig), (48 bytes).
    Removing stm32f4xx_hal_flash_ex.o(i.FLASH_OB_DisablePCROP), (100 bytes).
    Removing stm32f4xx_hal_flash_ex.o(i.FLASH_OB_EnablePCROP), (104 bytes).
    Removing stm32f4xx_hal_flash_ex.o(i.HAL_FLASHEx_AdvOBGetConfig), (28 bytes).
    Removing stm32f4xx_hal_flash_ex.o(i.HAL_FLASHEx_AdvOBProgram), (68 bytes).
    Removing stm32f4xx_hal_flash_ex.o(i.HAL_FLASHEx_Erase), (176 bytes).
    Removing stm32f4xx_hal_flash_ex.o(i.HAL_FLASHEx_Erase_IT), (120 bytes).
    Removing stm32f4xx_hal_flash_ex.o(i.HAL_FLASHEx_OB_DeSelectPCROP), (24 bytes).
    Removing stm32f4xx_hal_flash_ex.o(i.HAL_FLASHEx_OB_GetBank2WRP), (12 bytes).
    Removing stm32f4xx_hal_flash_ex.o(i.HAL_FLASHEx_OB_SelectPCROP), (28 bytes).
    Removing stm32f4xx_hal_flash_ramfunc.o(.rev16_text), (4 bytes).
    Removing stm32f4xx_hal_flash_ramfunc.o(.revsh_text), (4 bytes).
    Removing stm32f4xx_hal_flash_ramfunc.o(.rrx_text), (6 bytes).
    Removing stm32f4xx_hal_fmpi2c.o(.rev16_text), (4 bytes).
    Removing stm32f4xx_hal_fmpi2c.o(.revsh_text), (4 bytes).
    Removing stm32f4xx_hal_fmpi2c.o(.rrx_text), (6 bytes).
    Removing stm32f4xx_hal_fmpi2c_ex.o(.rev16_text), (4 bytes).
    Removing stm32f4xx_hal_fmpi2c_ex.o(.revsh_text), (4 bytes).
    Removing stm32f4xx_hal_fmpi2c_ex.o(.rrx_text), (6 bytes).
    Removing stm32f4xx_hal_gpio.o(.rev16_text), (4 bytes).
    Removing stm32f4xx_hal_gpio.o(.revsh_text), (4 bytes).
    Removing stm32f4xx_hal_gpio.o(.rrx_text), (6 bytes).
    Removing stm32f4xx_hal_gpio.o(i.HAL_GPIO_EXTI_Callback), (2 bytes).
    Removing stm32f4xx_hal_gpio.o(i.HAL_GPIO_LockPin), (46 bytes).
    Removing stm32f4xx_hal_gpio.o(i.HAL_GPIO_TogglePin), (8 bytes).
    Removing stm32f4xx_hal_hash.o(.rev16_text), (4 bytes).
    Removing stm32f4xx_hal_hash.o(.revsh_text), (4 bytes).
    Removing stm32f4xx_hal_hash.o(.rrx_text), (6 bytes).
    Removing stm32f4xx_hal_hash_ex.o(.rev16_text), (4 bytes).
    Removing stm32f4xx_hal_hash_ex.o(.revsh_text), (4 bytes).
    Removing stm32f4xx_hal_hash_ex.o(.rrx_text), (6 bytes).
    Removing stm32f4xx_hal_hcd.o(.rev16_text), (4 bytes).
    Removing stm32f4xx_hal_hcd.o(.revsh_text), (4 bytes).
    Removing stm32f4xx_hal_hcd.o(.rrx_text), (6 bytes).
    Removing stm32f4xx_hal_i2c.o(.rev16_text), (4 bytes).
    Removing stm32f4xx_hal_i2c.o(.revsh_text), (4 bytes).
    Removing stm32f4xx_hal_i2c.o(.rrx_text), (6 bytes).
    Removing stm32f4xx_hal_i2c_ex.o(.rev16_text), (4 bytes).
    Removing stm32f4xx_hal_i2c_ex.o(.revsh_text), (4 bytes).
    Removing stm32f4xx_hal_i2c_ex.o(.rrx_text), (6 bytes).
    Removing stm32f4xx_hal_i2s.o(.rev16_text), (4 bytes).
    Removing stm32f4xx_hal_i2s.o(.revsh_text), (4 bytes).
    Removing stm32f4xx_hal_i2s.o(.rrx_text), (6 bytes).
    Removing stm32f4xx_hal_i2s_ex.o(.rev16_text), (4 bytes).
    Removing stm32f4xx_hal_i2s_ex.o(.revsh_text), (4 bytes).
    Removing stm32f4xx_hal_i2s_ex.o(.rrx_text), (6 bytes).
    Removing stm32f4xx_hal_irda.o(.rev16_text), (4 bytes).
    Removing stm32f4xx_hal_irda.o(.revsh_text), (4 bytes).
    Removing stm32f4xx_hal_irda.o(.rrx_text), (6 bytes).
    Removing stm32f4xx_hal_iwdg.o(.rev16_text), (4 bytes).
    Removing stm32f4xx_hal_iwdg.o(.revsh_text), (4 bytes).
    Removing stm32f4xx_hal_iwdg.o(.rrx_text), (6 bytes).
    Removing stm32f4xx_hal_iwdg.o(i.HAL_IWDG_Init), (82 bytes).
    Removing stm32f4xx_hal_iwdg.o(i.HAL_IWDG_Refresh), (14 bytes).
    Removing stm32f4xx_hal_iwdg.o(i.HAL_IWDG_Start), (56 bytes).
    Removing stm32f4xx_hal_lptim.o(.rev16_text), (4 bytes).
    Removing stm32f4xx_hal_lptim.o(.revsh_text), (4 bytes).
    Removing stm32f4xx_hal_lptim.o(.rrx_text), (6 bytes).
    Removing stm32f4xx_hal_ltdc.o(.rev16_text), (4 bytes).
    Removing stm32f4xx_hal_ltdc.o(.revsh_text), (4 bytes).
    Removing stm32f4xx_hal_ltdc.o(.rrx_text), (6 bytes).
    Removing stm32f4xx_hal_ltdc_ex.o(.rev16_text), (4 bytes).
    Removing stm32f4xx_hal_ltdc_ex.o(.revsh_text), (4 bytes).
    Removing stm32f4xx_hal_ltdc_ex.o(.rrx_text), (6 bytes).
    Removing stm32f4xx_hal_nand.o(.rev16_text), (4 bytes).
    Removing stm32f4xx_hal_nand.o(.revsh_text), (4 bytes).
    Removing stm32f4xx_hal_nand.o(.rrx_text), (6 bytes).
    Removing stm32f4xx_hal_nand.o(i.HAL_NAND_Address_Inc), (68 bytes).
    Removing stm32f4xx_hal_nand.o(i.HAL_NAND_DeInit), (34 bytes).
    Removing stm32f4xx_hal_nand.o(i.HAL_NAND_ECC_Disable), (38 bytes).
    Removing stm32f4xx_hal_nand.o(i.HAL_NAND_ECC_Enable), (38 bytes).
    Removing stm32f4xx_hal_nand.o(i.HAL_NAND_Erase_Block), (258 bytes).
    Removing stm32f4xx_hal_nand.o(i.HAL_NAND_GetECC), (54 bytes).
    Removing stm32f4xx_hal_nand.o(i.HAL_NAND_GetState), (8 bytes).
    Removing stm32f4xx_hal_nand.o(i.HAL_NAND_IRQHandler), (262 bytes).
    Removing stm32f4xx_hal_nand.o(i.HAL_NAND_ITCallback), (2 bytes).
    Removing stm32f4xx_hal_nand.o(i.HAL_NAND_Init), (102 bytes).
    Removing stm32f4xx_hal_nand.o(i.HAL_NAND_MspDeInit), (2 bytes).
    Removing stm32f4xx_hal_nand.o(i.HAL_NAND_MspInit), (2 bytes).
    Removing stm32f4xx_hal_nand.o(i.HAL_NAND_Read_ID), (126 bytes).
    Removing stm32f4xx_hal_nand.o(i.HAL_NAND_Read_Page_8b), (270 bytes).
    Removing stm32f4xx_hal_nand.o(i.HAL_NAND_Read_SpareArea_8b), (272 bytes).
    Removing stm32f4xx_hal_nand.o(i.HAL_NAND_Read_Status), (58 bytes).
    Removing stm32f4xx_hal_nand.o(i.HAL_NAND_Reset), (86 bytes).
    Removing stm32f4xx_hal_nand.o(i.HAL_NAND_Write_Page_8b), (324 bytes).
    Removing stm32f4xx_hal_nand.o(i.HAL_NAND_Write_SpareArea_8b), (324 bytes).
    Removing stm32f4xx_hal_nor.o(.rev16_text), (4 bytes).
    Removing stm32f4xx_hal_nor.o(.revsh_text), (4 bytes).
    Removing stm32f4xx_hal_nor.o(.rrx_text), (6 bytes).
    Removing stm32f4xx_hal_pccard.o(.rev16_text), (4 bytes).
    Removing stm32f4xx_hal_pccard.o(.revsh_text), (4 bytes).
    Removing stm32f4xx_hal_pccard.o(.rrx_text), (6 bytes).
    Removing stm32f4xx_hal_pcd.o(.rev16_text), (4 bytes).
    Removing stm32f4xx_hal_pcd.o(.revsh_text), (4 bytes).
    Removing stm32f4xx_hal_pcd.o(.rrx_text), (6 bytes).
    Removing stm32f4xx_hal_pcd_ex.o(.rev16_text), (4 bytes).
    Removing stm32f4xx_hal_pcd_ex.o(.revsh_text), (4 bytes).
    Removing stm32f4xx_hal_pcd_ex.o(.rrx_text), (6 bytes).
    Removing stm32f4xx_hal_pwr.o(.rev16_text), (4 bytes).
    Removing stm32f4xx_hal_pwr.o(.revsh_text), (4 bytes).
    Removing stm32f4xx_hal_pwr.o(.rrx_text), (6 bytes).
    Removing stm32f4xx_hal_pwr.o(i.HAL_PWR_ConfigPVD), (180 bytes).
    Removing stm32f4xx_hal_pwr.o(i.HAL_PWR_DeInit), (28 bytes).
    Removing stm32f4xx_hal_pwr.o(i.HAL_PWR_DisableBkUpAccess), (28 bytes).
    Removing stm32f4xx_hal_pwr.o(i.HAL_PWR_DisablePVD), (24 bytes).
    Removing stm32f4xx_hal_pwr.o(i.HAL_PWR_DisableSEVOnPend), (20 bytes).
    Removing stm32f4xx_hal_pwr.o(i.HAL_PWR_DisableSleepOnExit), (20 bytes).
    Removing stm32f4xx_hal_pwr.o(i.HAL_PWR_DisableWakeUpPin), (16 bytes).
    Removing stm32f4xx_hal_pwr.o(i.HAL_PWR_EnableBkUpAccess), (24 bytes).
    Removing stm32f4xx_hal_pwr.o(i.HAL_PWR_EnablePVD), (24 bytes).
    Removing stm32f4xx_hal_pwr.o(i.HAL_PWR_EnableSEVOnPend), (20 bytes).
    Removing stm32f4xx_hal_pwr.o(i.HAL_PWR_EnableSleepOnExit), (20 bytes).
    Removing stm32f4xx_hal_pwr.o(i.HAL_PWR_EnableWakeUpPin), (16 bytes).
    Removing stm32f4xx_hal_pwr.o(i.HAL_PWR_EnterSLEEPMode), (32 bytes).
    Removing stm32f4xx_hal_pwr.o(i.HAL_PWR_EnterSTANDBYMode), (40 bytes).
    Removing stm32f4xx_hal_pwr.o(i.HAL_PWR_EnterSTOPMode), (64 bytes).
    Removing stm32f4xx_hal_pwr.o(i.HAL_PWR_PVDCallback), (2 bytes).
    Removing stm32f4xx_hal_pwr.o(i.HAL_PWR_PVD_IRQHandler), (32 bytes).
    Removing stm32f4xx_hal_pwr_ex.o(.rev16_text), (4 bytes).
    Removing stm32f4xx_hal_pwr_ex.o(.revsh_text), (4 bytes).
    Removing stm32f4xx_hal_pwr_ex.o(.rrx_text), (6 bytes).
    Removing stm32f4xx_hal_pwr_ex.o(i.HAL_PWREx_ControlVoltageScaling), (228 bytes).
    Removing stm32f4xx_hal_pwr_ex.o(i.HAL_PWREx_DisableBkUpReg), (76 bytes).
    Removing stm32f4xx_hal_pwr_ex.o(i.HAL_PWREx_DisableFlashPowerDown), (28 bytes).
    Removing stm32f4xx_hal_pwr_ex.o(i.HAL_PWREx_DisableOverDrive), (168 bytes).
    Removing stm32f4xx_hal_pwr_ex.o(i.HAL_PWREx_EnableBkUpReg), (76 bytes).
    Removing stm32f4xx_hal_pwr_ex.o(i.HAL_PWREx_EnableFlashPowerDown), (24 bytes).
    Removing stm32f4xx_hal_pwr_ex.o(i.HAL_PWREx_EnableOverDrive), (164 bytes).
    Removing stm32f4xx_hal_pwr_ex.o(i.HAL_PWREx_EnterUnderDriveSTOPMode), (168 bytes).
    Removing stm32f4xx_hal_pwr_ex.o(i.HAL_PWREx_GetVoltageRange), (16 bytes).
    Removing stm32f4xx_hal_qspi.o(.rev16_text), (4 bytes).
    Removing stm32f4xx_hal_qspi.o(.revsh_text), (4 bytes).
    Removing stm32f4xx_hal_qspi.o(.rrx_text), (6 bytes).
    Removing stm32f4xx_hal_rcc.o(.rev16_text), (4 bytes).
    Removing stm32f4xx_hal_rcc.o(.revsh_text), (4 bytes).
    Removing stm32f4xx_hal_rcc.o(.rrx_text), (6 bytes).
    Removing stm32f4xx_hal_rcc.o(i.HAL_RCC_CSSCallback), (2 bytes).
    Removing stm32f4xx_hal_rcc.o(i.HAL_RCC_DeInit), (2 bytes).
    Removing stm32f4xx_hal_rcc.o(i.HAL_RCC_DisableCSS), (12 bytes).
    Removing stm32f4xx_hal_rcc.o(i.HAL_RCC_EnableCSS), (12 bytes).
    Removing stm32f4xx_hal_rcc.o(i.HAL_RCC_GetClockConfig), (68 bytes).
    Removing stm32f4xx_hal_rcc.o(i.HAL_RCC_GetOscConfig), (296 bytes).
    Removing stm32f4xx_hal_rcc.o(i.HAL_RCC_MCOConfig), (192 bytes).
    Removing stm32f4xx_hal_rcc.o(i.HAL_RCC_NMI_IRQHandler), (32 bytes).
    Removing stm32f4xx_hal_rcc_ex.o(.rev16_text), (4 bytes).
    Removing stm32f4xx_hal_rcc_ex.o(.revsh_text), (4 bytes).
    Removing stm32f4xx_hal_rcc_ex.o(.rrx_text), (6 bytes).
    Removing stm32f4xx_hal_rcc_ex.o(i.HAL_RCCEx_GetPeriphCLKConfig), (268 bytes).
    Removing stm32f4xx_hal_rcc_ex.o(i.HAL_RCC_DeInit), (128 bytes).
    Removing stm32f4xx_hal_rng.o(.rev16_text), (4 bytes).
    Removing stm32f4xx_hal_rng.o(.revsh_text), (4 bytes).
    Removing stm32f4xx_hal_rng.o(.rrx_text), (6 bytes).
    Removing stm32f4xx_hal_rtc.o(.rev16_text), (4 bytes).
    Removing stm32f4xx_hal_rtc.o(.revsh_text), (4 bytes).
    Removing stm32f4xx_hal_rtc.o(.rrx_text), (6 bytes).
    Removing stm32f4xx_hal_rtc.o(i.HAL_RTC_AlarmAEventCallback), (2 bytes).
    Removing stm32f4xx_hal_rtc.o(i.HAL_RTC_AlarmIRQHandler), (108 bytes).
    Removing stm32f4xx_hal_rtc.o(i.HAL_RTC_DeInit), (260 bytes).
    Removing stm32f4xx_hal_rtc.o(i.HAL_RTC_DeactivateAlarm), (244 bytes).
    Removing stm32f4xx_hal_rtc.o(i.HAL_RTC_GetAlarm), (154 bytes).
    Removing stm32f4xx_hal_rtc.o(i.HAL_RTC_GetDate), (76 bytes).
    Removing stm32f4xx_hal_rtc.o(i.HAL_RTC_GetState), (6 bytes).
    Removing stm32f4xx_hal_rtc.o(i.HAL_RTC_GetTime), (96 bytes).
    Removing stm32f4xx_hal_rtc.o(i.HAL_RTC_Init), (180 bytes).
    Removing stm32f4xx_hal_rtc.o(i.HAL_RTC_MspDeInit), (2 bytes).
    Removing stm32f4xx_hal_rtc.o(i.HAL_RTC_MspInit), (2 bytes).
    Removing stm32f4xx_hal_rtc.o(i.HAL_RTC_PollForAlarmAEvent), (74 bytes).
    Removing stm32f4xx_hal_rtc.o(i.HAL_RTC_SetAlarm), (488 bytes).
    Removing stm32f4xx_hal_rtc.o(i.HAL_RTC_SetAlarm_IT), (548 bytes).
    Removing stm32f4xx_hal_rtc.o(i.HAL_RTC_SetDate), (276 bytes).
    Removing stm32f4xx_hal_rtc.o(i.HAL_RTC_SetTime), (308 bytes).
    Removing stm32f4xx_hal_rtc.o(i.HAL_RTC_WaitForSynchro), (58 bytes).
    Removing stm32f4xx_hal_rtc.o(i.RTC_Bcd2ToByte), (22 bytes).
    Removing stm32f4xx_hal_rtc.o(i.RTC_ByteToBcd2), (26 bytes).
    Removing stm32f4xx_hal_rtc.o(i.RTC_EnterInitMode), (62 bytes).
    Removing stm32f4xx_hal_rtc_ex.o(.rev16_text), (4 bytes).
    Removing stm32f4xx_hal_rtc_ex.o(.revsh_text), (4 bytes).
    Removing stm32f4xx_hal_rtc_ex.o(.rrx_text), (6 bytes).
    Removing stm32f4xx_hal_rtc_ex.o(i.HAL_RTCEx_AlarmBEventCallback), (2 bytes).
    Removing stm32f4xx_hal_rtc_ex.o(i.HAL_RTCEx_BKUPRead), (18 bytes).
    Removing stm32f4xx_hal_rtc_ex.o(i.HAL_RTCEx_BKUPWrite), (18 bytes).
    Removing stm32f4xx_hal_rtc_ex.o(i.HAL_RTCEx_DeactivateCalibrationOutPut), (78 bytes).
    Removing stm32f4xx_hal_rtc_ex.o(i.HAL_RTCEx_DeactivateCoarseCalib), (126 bytes).
    Removing stm32f4xx_hal_rtc_ex.o(i.HAL_RTCEx_DeactivateRefClock), (126 bytes).
    Removing stm32f4xx_hal_rtc_ex.o(i.HAL_RTCEx_DeactivateTamper), (50 bytes).
    Removing stm32f4xx_hal_rtc_ex.o(i.HAL_RTCEx_DeactivateTimeStamp), (96 bytes).
    Removing stm32f4xx_hal_rtc_ex.o(i.HAL_RTCEx_DeactivateWakeUpTimer), (152 bytes).
    Removing stm32f4xx_hal_rtc_ex.o(i.HAL_RTCEx_DisableBypassShadow), (78 bytes).
    Removing stm32f4xx_hal_rtc_ex.o(i.HAL_RTCEx_EnableBypassShadow), (78 bytes).
    Removing stm32f4xx_hal_rtc_ex.o(i.HAL_RTCEx_GetTimeStamp), (176 bytes).
    Removing stm32f4xx_hal_rtc_ex.o(i.HAL_RTCEx_GetWakeUpTimer), (10 bytes).
    Removing stm32f4xx_hal_rtc_ex.o(i.HAL_RTCEx_PollForAlarmBEvent), (74 bytes).
    Removing stm32f4xx_hal_rtc_ex.o(i.HAL_RTCEx_PollForTamper1Event), (74 bytes).
    Removing stm32f4xx_hal_rtc_ex.o(i.HAL_RTCEx_PollForTamper2Event), (74 bytes).
    Removing stm32f4xx_hal_rtc_ex.o(i.HAL_RTCEx_PollForTimeStampEvent), (92 bytes).
    Removing stm32f4xx_hal_rtc_ex.o(i.HAL_RTCEx_PollForWakeUpTimerEvent), (74 bytes).
    Removing stm32f4xx_hal_rtc_ex.o(i.HAL_RTCEx_SetCalibrationOutPut), (100 bytes).
    Removing stm32f4xx_hal_rtc_ex.o(i.HAL_RTCEx_SetCoarseCalib), (138 bytes).
    Removing stm32f4xx_hal_rtc_ex.o(i.HAL_RTCEx_SetRefClock), (126 bytes).
    Removing stm32f4xx_hal_rtc_ex.o(i.HAL_RTCEx_SetSmoothCalib), (162 bytes).
    Removing stm32f4xx_hal_rtc_ex.o(i.HAL_RTCEx_SetSynchroShift), (224 bytes).
    Removing stm32f4xx_hal_rtc_ex.o(i.HAL_RTCEx_SetTamper), (124 bytes).
    Removing stm32f4xx_hal_rtc_ex.o(i.HAL_RTCEx_SetTamper_IT), (204 bytes).
    Removing stm32f4xx_hal_rtc_ex.o(i.HAL_RTCEx_SetTimeStamp), (122 bytes).
    Removing stm32f4xx_hal_rtc_ex.o(i.HAL_RTCEx_SetTimeStamp_IT), (184 bytes).
    Removing stm32f4xx_hal_rtc_ex.o(i.HAL_RTCEx_SetWakeUpTimer), (254 bytes).
    Removing stm32f4xx_hal_rtc_ex.o(i.HAL_RTCEx_SetWakeUpTimer_IT), (324 bytes).
    Removing stm32f4xx_hal_rtc_ex.o(i.HAL_RTCEx_Tamper1EventCallback), (2 bytes).
    Removing stm32f4xx_hal_rtc_ex.o(i.HAL_RTCEx_Tamper2EventCallback), (2 bytes).
    Removing stm32f4xx_hal_rtc_ex.o(i.HAL_RTCEx_TamperTimeStampIRQHandler), (148 bytes).
    Removing stm32f4xx_hal_rtc_ex.o(i.HAL_RTCEx_TimeStampEventCallback), (2 bytes).
    Removing stm32f4xx_hal_rtc_ex.o(i.HAL_RTCEx_WakeUpTimerEventCallback), (2 bytes).
    Removing stm32f4xx_hal_rtc_ex.o(i.HAL_RTCEx_WakeUpTimerIRQHandler), (64 bytes).
    Removing stm32f4xx_hal_sai.o(.rev16_text), (4 bytes).
    Removing stm32f4xx_hal_sai.o(.revsh_text), (4 bytes).
    Removing stm32f4xx_hal_sai.o(.rrx_text), (6 bytes).
    Removing stm32f4xx_hal_sai_ex.o(.rev16_text), (4 bytes).
    Removing stm32f4xx_hal_sai_ex.o(.revsh_text), (4 bytes).
    Removing stm32f4xx_hal_sai_ex.o(.rrx_text), (6 bytes).
    Removing stm32f4xx_hal_sd.o(.rev16_text), (4 bytes).
    Removing stm32f4xx_hal_sd.o(.revsh_text), (4 bytes).
    Removing stm32f4xx_hal_sd.o(.rrx_text), (6 bytes).
    Removing stm32f4xx_hal_sd.o(i.HAL_SD_CheckReadOperation), (130 bytes).
    Removing stm32f4xx_hal_sd.o(i.HAL_SD_CheckWriteOperation), (142 bytes).
    Removing stm32f4xx_hal_sd.o(i.HAL_SD_DMA_RxCpltCallback), (2 bytes).
    Removing stm32f4xx_hal_sd.o(i.HAL_SD_DMA_RxErrorCallback), (2 bytes).
    Removing stm32f4xx_hal_sd.o(i.HAL_SD_DMA_TxCpltCallback), (2 bytes).
    Removing stm32f4xx_hal_sd.o(i.HAL_SD_DMA_TxErrorCallback), (2 bytes).
    Removing stm32f4xx_hal_sd.o(i.HAL_SD_DeInit), (20 bytes).
    Removing stm32f4xx_hal_sd.o(i.HAL_SD_Erase), (344 bytes).
    Removing stm32f4xx_hal_sd.o(i.HAL_SD_GetCardStatus), (174 bytes).
    Removing stm32f4xx_hal_sd.o(i.HAL_SD_GetStatus), (34 bytes).
    Removing stm32f4xx_hal_sd.o(i.HAL_SD_Get_CardInfo), (750 bytes).
    Removing stm32f4xx_hal_sd.o(i.HAL_SD_HighSpeed), (392 bytes).
    Removing stm32f4xx_hal_sd.o(i.HAL_SD_IRQHandler), (192 bytes).
    Removing stm32f4xx_hal_sd.o(i.HAL_SD_Init), (156 bytes).
    Removing stm32f4xx_hal_sd.o(i.HAL_SD_MspDeInit), (2 bytes).
    Removing stm32f4xx_hal_sd.o(i.HAL_SD_MspInit), (2 bytes).
    Removing stm32f4xx_hal_sd.o(i.HAL_SD_ReadBlocks), (496 bytes).
    Removing stm32f4xx_hal_sd.o(i.HAL_SD_ReadBlocks_DMA), (288 bytes).
    Removing stm32f4xx_hal_sd.o(i.HAL_SD_SendSDStatus), (364 bytes).
    Removing stm32f4xx_hal_sd.o(i.HAL_SD_StopTransfer), (54 bytes).
    Removing stm32f4xx_hal_sd.o(i.HAL_SD_WideBusOperation_Config), (126 bytes).
    Removing stm32f4xx_hal_sd.o(i.HAL_SD_WriteBlocks), (650 bytes).
    Removing stm32f4xx_hal_sd.o(i.HAL_SD_WriteBlocks_DMA), (284 bytes).
    Removing stm32f4xx_hal_sd.o(i.HAL_SD_XferCpltCallback), (2 bytes).
    Removing stm32f4xx_hal_sd.o(i.HAL_SD_XferErrorCallback), (2 bytes).
    Removing stm32f4xx_hal_sd.o(i.SD_CmdError), (54 bytes).
    Removing stm32f4xx_hal_sd.o(i.SD_CmdResp1Error), (384 bytes).
    Removing stm32f4xx_hal_sd.o(i.SD_CmdResp2Error), (70 bytes).
    Removing stm32f4xx_hal_sd.o(i.SD_CmdResp3Error), (50 bytes).
    Removing stm32f4xx_hal_sd.o(i.SD_CmdResp6Error), (172 bytes).
    Removing stm32f4xx_hal_sd.o(i.SD_CmdResp7Error), (102 bytes).
    Removing stm32f4xx_hal_sd.o(i.SD_DMA_RxCplt), (32 bytes).
    Removing stm32f4xx_hal_sd.o(i.SD_DMA_RxError), (14 bytes).
    Removing stm32f4xx_hal_sd.o(i.SD_DMA_TxCplt), (32 bytes).
    Removing stm32f4xx_hal_sd.o(i.SD_DMA_TxError), (14 bytes).
    Removing stm32f4xx_hal_sd.o(i.SD_FindSCR), (370 bytes).
    Removing stm32f4xx_hal_sd.o(i.SD_GetState), (30 bytes).
    Removing stm32f4xx_hal_sd.o(i.SD_Initialize_Cards), (250 bytes).
    Removing stm32f4xx_hal_sd.o(i.SD_IsCardProgramming), (468 bytes).
    Removing stm32f4xx_hal_sd.o(i.SD_PowerOFF), (16 bytes).
    Removing stm32f4xx_hal_sd.o(i.SD_PowerON), (356 bytes).
    Removing stm32f4xx_hal_sd.o(i.SD_Select_Deselect), (56 bytes).
    Removing stm32f4xx_hal_sd.o(i.SD_SendStatus), (80 bytes).
    Removing stm32f4xx_hal_sd.o(i.SD_WideBus_Disable), (150 bytes).
    Removing stm32f4xx_hal_sd.o(i.SD_WideBus_Enable), (150 bytes).
    Removing stm32f4xx_hal_sdram.o(.rev16_text), (4 bytes).
    Removing stm32f4xx_hal_sdram.o(.revsh_text), (4 bytes).
    Removing stm32f4xx_hal_sdram.o(.rrx_text), (6 bytes).
    Removing stm32f4xx_hal_sdram.o(i.HAL_SDRAM_DMA_XferCpltCallback), (2 bytes).
    Removing stm32f4xx_hal_sdram.o(i.HAL_SDRAM_DMA_XferErrorCallback), (2 bytes).
    Removing stm32f4xx_hal_sdram.o(i.HAL_SDRAM_DeInit), (34 bytes).
    Removing stm32f4xx_hal_sdram.o(i.HAL_SDRAM_GetModeStatus), (14 bytes).
    Removing stm32f4xx_hal_sdram.o(i.HAL_SDRAM_GetState), (8 bytes).
    Removing stm32f4xx_hal_sdram.o(i.HAL_SDRAM_IRQHandler), (34 bytes).
    Removing stm32f4xx_hal_sdram.o(i.HAL_SDRAM_MspDeInit), (2 bytes).
    Removing stm32f4xx_hal_sdram.o(i.HAL_SDRAM_MspInit), (2 bytes).
    Removing stm32f4xx_hal_sdram.o(i.HAL_SDRAM_Read_16b), (80 bytes).
    Removing stm32f4xx_hal_sdram.o(i.HAL_SDRAM_Read_32b), (80 bytes).
    Removing stm32f4xx_hal_sdram.o(i.HAL_SDRAM_Read_8b), (80 bytes).
    Removing stm32f4xx_hal_sdram.o(i.HAL_SDRAM_Read_DMA), (104 bytes).
    Removing stm32f4xx_hal_sdram.o(i.HAL_SDRAM_RefreshErrorCallback), (2 bytes).
    Removing stm32f4xx_hal_sdram.o(i.HAL_SDRAM_SetAutoRefreshNumber), (40 bytes).
    Removing stm32f4xx_hal_sdram.o(i.HAL_SDRAM_WriteProtection_Disable), (38 bytes).
    Removing stm32f4xx_hal_sdram.o(i.HAL_SDRAM_WriteProtection_Enable), (38 bytes).
    Removing stm32f4xx_hal_sdram.o(i.HAL_SDRAM_Write_16b), (86 bytes).
    Removing stm32f4xx_hal_sdram.o(i.HAL_SDRAM_Write_32b), (86 bytes).
    Removing stm32f4xx_hal_sdram.o(i.HAL_SDRAM_Write_8b), (86 bytes).
    Removing stm32f4xx_hal_sdram.o(i.HAL_SDRAM_Write_DMA), (108 bytes).
    Removing stm32f4xx_hal_smartcard.o(.rev16_text), (4 bytes).
    Removing stm32f4xx_hal_smartcard.o(.revsh_text), (4 bytes).
    Removing stm32f4xx_hal_smartcard.o(.rrx_text), (6 bytes).
    Removing stm32f4xx_hal_spdifrx.o(.rev16_text), (4 bytes).
    Removing stm32f4xx_hal_spdifrx.o(.revsh_text), (4 bytes).
    Removing stm32f4xx_hal_spdifrx.o(.rrx_text), (6 bytes).
    Removing stm32f4xx_hal_spi.o(.rev16_text), (4 bytes).
    Removing stm32f4xx_hal_spi.o(.revsh_text), (4 bytes).
    Removing stm32f4xx_hal_spi.o(.rrx_text), (6 bytes).
    Removing stm32f4xx_hal_spi.o(i.HAL_SPI_DMAPause), (50 bytes).
    Removing stm32f4xx_hal_spi.o(i.HAL_SPI_DMAResume), (50 bytes).
    Removing stm32f4xx_hal_spi.o(i.HAL_SPI_DMAStop), (46 bytes).
    Removing stm32f4xx_hal_spi.o(i.HAL_SPI_DeInit), (54 bytes).
    Removing stm32f4xx_hal_spi.o(i.HAL_SPI_ErrorCallback), (2 bytes).
    Removing stm32f4xx_hal_spi.o(i.HAL_SPI_GetError), (6 bytes).
    Removing stm32f4xx_hal_spi.o(i.HAL_SPI_GetState), (8 bytes).
    Removing stm32f4xx_hal_spi.o(i.HAL_SPI_IRQHandler), (312 bytes).
    Removing stm32f4xx_hal_spi.o(i.HAL_SPI_MspDeInit), (2 bytes).
    Removing stm32f4xx_hal_spi.o(i.HAL_SPI_Receive), (364 bytes).
    Removing stm32f4xx_hal_spi.o(i.HAL_SPI_Receive_DMA), (252 bytes).
    Removing stm32f4xx_hal_spi.o(i.HAL_SPI_Receive_IT), (204 bytes).
    Removing stm32f4xx_hal_spi.o(i.HAL_SPI_RxCpltCallback), (2 bytes).
    Removing stm32f4xx_hal_spi.o(i.HAL_SPI_RxHalfCpltCallback), (2 bytes).
    Removing stm32f4xx_hal_spi.o(i.HAL_SPI_Transmit), (422 bytes).
    Removing stm32f4xx_hal_spi.o(i.HAL_SPI_TransmitReceive), (542 bytes).
    Removing stm32f4xx_hal_spi.o(i.HAL_SPI_TransmitReceive_DMA), (324 bytes).
    Removing stm32f4xx_hal_spi.o(i.HAL_SPI_TransmitReceive_IT), (200 bytes).
    Removing stm32f4xx_hal_spi.o(i.HAL_SPI_Transmit_DMA), (220 bytes).
    Removing stm32f4xx_hal_spi.o(i.HAL_SPI_Transmit_IT), (184 bytes).
    Removing stm32f4xx_hal_spi.o(i.HAL_SPI_TxCpltCallback), (2 bytes).
    Removing stm32f4xx_hal_spi.o(i.HAL_SPI_TxHalfCpltCallback), (2 bytes).
    Removing stm32f4xx_hal_spi.o(i.HAL_SPI_TxRxCpltCallback), (2 bytes).
    Removing stm32f4xx_hal_spi.o(i.HAL_SPI_TxRxHalfCpltCallback), (2 bytes).
    Removing stm32f4xx_hal_spi.o(i.SPI_2linesRxISR_16BIT), (52 bytes).
    Removing stm32f4xx_hal_spi.o(i.SPI_2linesRxISR_8BIT), (50 bytes).
    Removing stm32f4xx_hal_spi.o(i.SPI_2linesTxISR_16BIT), (52 bytes).
    Removing stm32f4xx_hal_spi.o(i.SPI_2linesTxISR_8BIT), (50 bytes).
    Removing stm32f4xx_hal_spi.o(i.SPI_CheckFlag_BSY), (40 bytes).
    Removing stm32f4xx_hal_spi.o(i.SPI_CloseRxTx_ISR), (188 bytes).
    Removing stm32f4xx_hal_spi.o(i.SPI_CloseRx_ISR), (104 bytes).
    Removing stm32f4xx_hal_spi.o(i.SPI_CloseTx_ISR), (160 bytes).
    Removing stm32f4xx_hal_spi.o(i.SPI_DMAAbortOnError), (20 bytes).
    Removing stm32f4xx_hal_spi.o(i.SPI_DMAError), (40 bytes).
    Removing stm32f4xx_hal_spi.o(i.SPI_DMAHalfReceiveCplt), (14 bytes).
    Removing stm32f4xx_hal_spi.o(i.SPI_DMAHalfTransmitCplt), (14 bytes).
    Removing stm32f4xx_hal_spi.o(i.SPI_DMAHalfTransmitReceiveCplt), (14 bytes).
    Removing stm32f4xx_hal_spi.o(i.SPI_DMAReceiveCplt), (96 bytes).
    Removing stm32f4xx_hal_spi.o(i.SPI_DMATransmitCplt), (114 bytes).
    Removing stm32f4xx_hal_spi.o(i.SPI_DMATransmitReceiveCplt), (90 bytes).
    Removing stm32f4xx_hal_spi.o(i.SPI_RxISR_16BIT), (36 bytes).
    Removing stm32f4xx_hal_spi.o(i.SPI_RxISR_8BIT), (34 bytes).
    Removing stm32f4xx_hal_spi.o(i.SPI_TxISR_16BIT), (36 bytes).
    Removing stm32f4xx_hal_spi.o(i.SPI_TxISR_8BIT), (34 bytes).
    Removing stm32f4xx_hal_spi.o(i.SPI_WaitFlagStateUntilTimeout), (170 bytes).
    Removing stm32f4xx_hal_sram.o(.rev16_text), (4 bytes).
    Removing stm32f4xx_hal_sram.o(.revsh_text), (4 bytes).
    Removing stm32f4xx_hal_sram.o(.rrx_text), (6 bytes).
    Removing stm32f4xx_hal_sram.o(i.HAL_SRAM_DMA_XferCpltCallback), (2 bytes).
    Removing stm32f4xx_hal_sram.o(i.HAL_SRAM_DMA_XferErrorCallback), (2 bytes).
    Removing stm32f4xx_hal_sram.o(i.HAL_SRAM_DeInit), (34 bytes).
    Removing stm32f4xx_hal_sram.o(i.HAL_SRAM_GetState), (8 bytes).
    Removing stm32f4xx_hal_sram.o(i.HAL_SRAM_MspDeInit), (2 bytes).
    Removing stm32f4xx_hal_sram.o(i.HAL_SRAM_Read_16b), (70 bytes).
    Removing stm32f4xx_hal_sram.o(i.HAL_SRAM_Read_32b), (68 bytes).
    Removing stm32f4xx_hal_sram.o(i.HAL_SRAM_Read_8b), (70 bytes).
    Removing stm32f4xx_hal_sram.o(i.HAL_SRAM_Read_DMA), (96 bytes).
    Removing stm32f4xx_hal_sram.o(i.HAL_SRAM_WriteOperation_Disable), (60 bytes).
    Removing stm32f4xx_hal_sram.o(i.HAL_SRAM_WriteOperation_Enable), (54 bytes).
    Removing stm32f4xx_hal_sram.o(i.HAL_SRAM_Write_16b), (82 bytes).
    Removing stm32f4xx_hal_sram.o(i.HAL_SRAM_Write_32b), (80 bytes).
    Removing stm32f4xx_hal_sram.o(i.HAL_SRAM_Write_8b), (82 bytes).
    Removing stm32f4xx_hal_sram.o(i.HAL_SRAM_Write_DMA), (108 bytes).
    Removing stm32f4xx_hal_tim.o(.rev16_text), (4 bytes).
    Removing stm32f4xx_hal_tim.o(.revsh_text), (4 bytes).
    Removing stm32f4xx_hal_tim.o(.rrx_text), (6 bytes).
    Removing stm32f4xx_hal_tim.o(i.HAL_TIM_Base_DeInit), (70 bytes).
    Removing stm32f4xx_hal_tim.o(i.HAL_TIM_Base_GetState), (8 bytes).
    Removing stm32f4xx_hal_tim.o(i.HAL_TIM_Base_MspDeInit), (2 bytes).
    Removing stm32f4xx_hal_tim.o(i.HAL_TIM_Base_MspInit), (2 bytes).
    Removing stm32f4xx_hal_tim.o(i.HAL_TIM_Base_Start), (30 bytes).
    Removing stm32f4xx_hal_tim.o(i.HAL_TIM_Base_Start_DMA), (104 bytes).
    Removing stm32f4xx_hal_tim.o(i.HAL_TIM_Base_Stop), (56 bytes).
    Removing stm32f4xx_hal_tim.o(i.HAL_TIM_Base_Stop_DMA), (62 bytes).
    Removing stm32f4xx_hal_tim.o(i.HAL_TIM_Base_Stop_IT), (56 bytes).
    Removing stm32f4xx_hal_tim.o(i.HAL_TIM_ConfigClockSource), (306 bytes).
    Removing stm32f4xx_hal_tim.o(i.HAL_TIM_ConfigOCrefClear), (226 bytes).
    Removing stm32f4xx_hal_tim.o(i.HAL_TIM_ConfigTI1Input), (24 bytes).
    Removing stm32f4xx_hal_tim.o(i.HAL_TIM_DMABurst_ReadStart), (388 bytes).
    Removing stm32f4xx_hal_tim.o(i.HAL_TIM_DMABurst_ReadStop), (128 bytes).
    Removing stm32f4xx_hal_tim.o(i.HAL_TIM_DMABurst_WriteStart), (388 bytes).
    Removing stm32f4xx_hal_tim.o(i.HAL_TIM_DMABurst_WriteStop), (128 bytes).
    Removing stm32f4xx_hal_tim.o(i.HAL_TIM_Encoder_DeInit), (70 bytes).
    Removing stm32f4xx_hal_tim.o(i.HAL_TIM_Encoder_GetState), (8 bytes).
    Removing stm32f4xx_hal_tim.o(i.HAL_TIM_Encoder_Init), (180 bytes).
    Removing stm32f4xx_hal_tim.o(i.HAL_TIM_Encoder_MspDeInit), (2 bytes).
    Removing stm32f4xx_hal_tim.o(i.HAL_TIM_Encoder_MspInit), (2 bytes).
    Removing stm32f4xx_hal_tim.o(i.HAL_TIM_Encoder_Start), (78 bytes).
    Removing stm32f4xx_hal_tim.o(i.HAL_TIM_Encoder_Start_DMA), (328 bytes).
    Removing stm32f4xx_hal_tim.o(i.HAL_TIM_Encoder_Start_IT), (126 bytes).
    Removing stm32f4xx_hal_tim.o(i.HAL_TIM_Encoder_Stop), (104 bytes).
    Removing stm32f4xx_hal_tim.o(i.HAL_TIM_Encoder_Stop_DMA), (152 bytes).
    Removing stm32f4xx_hal_tim.o(i.HAL_TIM_Encoder_Stop_IT), (152 bytes).
    Removing stm32f4xx_hal_tim.o(i.HAL_TIM_ErrorCallback), (2 bytes).
    Removing stm32f4xx_hal_tim.o(i.HAL_TIM_GenerateEvent), (54 bytes).
    Removing stm32f4xx_hal_tim.o(i.HAL_TIM_IC_CaptureCallback), (2 bytes).
    Removing stm32f4xx_hal_tim.o(i.HAL_TIM_IC_DeInit), (70 bytes).
    Removing stm32f4xx_hal_tim.o(i.HAL_TIM_IC_GetState), (8 bytes).
    Removing stm32f4xx_hal_tim.o(i.HAL_TIM_IC_MspDeInit), (2 bytes).
    Removing stm32f4xx_hal_tim.o(i.HAL_TIM_IC_MspInit), (2 bytes).
    Removing stm32f4xx_hal_tim.o(i.HAL_TIM_IC_Start), (32 bytes).
    Removing stm32f4xx_hal_tim.o(i.HAL_TIM_IC_Start_DMA), (268 bytes).
    Removing stm32f4xx_hal_tim.o(i.HAL_TIM_IC_Stop), (58 bytes).
    Removing stm32f4xx_hal_tim.o(i.HAL_TIM_IC_Stop_DMA), (140 bytes).
    Removing stm32f4xx_hal_tim.o(i.HAL_TIM_IC_Stop_IT), (134 bytes).
    Removing stm32f4xx_hal_tim.o(i.HAL_TIM_OC_ConfigChannel), (116 bytes).
    Removing stm32f4xx_hal_tim.o(i.HAL_TIM_OC_DeInit), (70 bytes).
    Removing stm32f4xx_hal_tim.o(i.HAL_TIM_OC_GetState), (8 bytes).
    Removing stm32f4xx_hal_tim.o(i.HAL_TIM_OC_Init), (52 bytes).
    Removing stm32f4xx_hal_tim.o(i.HAL_TIM_OC_MspDeInit), (2 bytes).
    Removing stm32f4xx_hal_tim.o(i.HAL_TIM_OC_MspInit), (2 bytes).
    Removing stm32f4xx_hal_tim.o(i.HAL_TIM_OC_Start), (76 bytes).
    Removing stm32f4xx_hal_tim.o(i.HAL_TIM_OC_Start_DMA), (312 bytes).
    Removing stm32f4xx_hal_tim.o(i.HAL_TIM_OC_Start_IT), (152 bytes).
    Removing stm32f4xx_hal_tim.o(i.HAL_TIM_OC_Stop), (128 bytes).
    Removing stm32f4xx_hal_tim.o(i.HAL_TIM_OC_Stop_DMA), (212 bytes).
    Removing stm32f4xx_hal_tim.o(i.HAL_TIM_OC_Stop_IT), (204 bytes).
    Removing stm32f4xx_hal_tim.o(i.HAL_TIM_OnePulse_ConfigChannel), (286 bytes).
    Removing stm32f4xx_hal_tim.o(i.HAL_TIM_OnePulse_DeInit), (70 bytes).
    Removing stm32f4xx_hal_tim.o(i.HAL_TIM_OnePulse_GetState), (8 bytes).
    Removing stm32f4xx_hal_tim.o(i.HAL_TIM_OnePulse_Init), (76 bytes).
    Removing stm32f4xx_hal_tim.o(i.HAL_TIM_OnePulse_MspDeInit), (2 bytes).
    Removing stm32f4xx_hal_tim.o(i.HAL_TIM_OnePulse_MspInit), (2 bytes).
    Removing stm32f4xx_hal_tim.o(i.HAL_TIM_OnePulse_Start), (76 bytes).
    Removing stm32f4xx_hal_tim.o(i.HAL_TIM_OnePulse_Start_IT), (100 bytes).
    Removing stm32f4xx_hal_tim.o(i.HAL_TIM_OnePulse_Stop), (140 bytes).
    Removing stm32f4xx_hal_tim.o(i.HAL_TIM_OnePulse_Stop_IT), (164 bytes).
    Removing stm32f4xx_hal_tim.o(i.HAL_TIM_PWM_DeInit), (70 bytes).
    Removing stm32f4xx_hal_tim.o(i.HAL_TIM_PWM_GetState), (8 bytes).
    Removing stm32f4xx_hal_tim.o(i.HAL_TIM_PWM_MspDeInit), (2 bytes).
    Removing stm32f4xx_hal_tim.o(i.HAL_TIM_PWM_MspInit), (2 bytes).
    Removing stm32f4xx_hal_tim.o(i.HAL_TIM_PWM_Start_DMA), (312 bytes).
    Removing stm32f4xx_hal_tim.o(i.HAL_TIM_PWM_Start_IT), (152 bytes).
    Removing stm32f4xx_hal_tim.o(i.HAL_TIM_PWM_Stop), (136 bytes).
    Removing stm32f4xx_hal_tim.o(i.HAL_TIM_PWM_Stop_DMA), (212 bytes).
    Removing stm32f4xx_hal_tim.o(i.HAL_TIM_PWM_Stop_IT), (204 bytes).
    Removing stm32f4xx_hal_tim.o(i.HAL_TIM_PeriodElapsedCallback), (2 bytes).
    Removing stm32f4xx_hal_tim.o(i.HAL_TIM_SlaveConfigSynchronization), (86 bytes).
    Removing stm32f4xx_hal_tim.o(i.HAL_TIM_SlaveConfigSynchronization_IT), (86 bytes).
    Removing stm32f4xx_hal_tim.o(i.TIM_DMACaptureCplt), (70 bytes).
    Removing stm32f4xx_hal_tim.o(i.TIM_DMADelayPulseCplt), (70 bytes).
    Removing stm32f4xx_hal_tim.o(i.TIM_DMAError), (20 bytes).
    Removing stm32f4xx_hal_tim.o(i.TIM_DMAPeriodElapsedCplt), (20 bytes).
    Removing stm32f4xx_hal_tim.o(i.TIM_DMATriggerCplt), (20 bytes).
    Removing stm32f4xx_hal_tim.o(i.TIM_ETR_SetConfig), (24 bytes).
    Removing stm32f4xx_hal_tim.o(i.TIM_ITRx_SetConfig), (20 bytes).
    Removing stm32f4xx_hal_tim.o(i.TIM_SlaveTimer_SetConfig), (164 bytes).
    Removing stm32f4xx_hal_tim.o(i.TIM_TI1_ConfigInputStage), (42 bytes).
    Removing stm32f4xx_hal_tim.o(i.TIM_TI2_ConfigInputStage), (44 bytes).
    Removing stm32f4xx_hal_tim_ex.o(.rev16_text), (4 bytes).
    Removing stm32f4xx_hal_tim_ex.o(.revsh_text), (4 bytes).
    Removing stm32f4xx_hal_tim_ex.o(.rrx_text), (6 bytes).
    Removing stm32f4xx_hal_tim_ex.o(i.HAL_TIMEx_ConfigBreakDeadTime), (80 bytes).
    Removing stm32f4xx_hal_tim_ex.o(i.HAL_TIMEx_ConfigCommutationEvent), (110 bytes).
    Removing stm32f4xx_hal_tim_ex.o(i.HAL_TIMEx_ConfigCommutationEvent_DMA), (144 bytes).
    Removing stm32f4xx_hal_tim_ex.o(i.HAL_TIMEx_ConfigCommutationEvent_IT), (122 bytes).
    Removing stm32f4xx_hal_tim_ex.o(i.HAL_TIMEx_HallSensor_DeInit), (70 bytes).
    Removing stm32f4xx_hal_tim_ex.o(i.HAL_TIMEx_HallSensor_GetState), (8 bytes).
    Removing stm32f4xx_hal_tim_ex.o(i.HAL_TIMEx_HallSensor_Init), (196 bytes).
    Removing stm32f4xx_hal_tim_ex.o(i.HAL_TIMEx_HallSensor_MspDeInit), (2 bytes).
    Removing stm32f4xx_hal_tim_ex.o(i.HAL_TIMEx_HallSensor_MspInit), (2 bytes).
    Removing stm32f4xx_hal_tim_ex.o(i.HAL_TIMEx_HallSensor_Start), (30 bytes).
    Removing stm32f4xx_hal_tim_ex.o(i.HAL_TIMEx_HallSensor_Start_DMA), (112 bytes).
    Removing stm32f4xx_hal_tim_ex.o(i.HAL_TIMEx_HallSensor_Start_IT), (42 bytes).
    Removing stm32f4xx_hal_tim_ex.o(i.HAL_TIMEx_HallSensor_Stop), (56 bytes).
    Removing stm32f4xx_hal_tim_ex.o(i.HAL_TIMEx_HallSensor_Stop_DMA), (68 bytes).
    Removing stm32f4xx_hal_tim_ex.o(i.HAL_TIMEx_HallSensor_Stop_IT), (68 bytes).
    Removing stm32f4xx_hal_tim_ex.o(i.HAL_TIMEx_MasterConfigSynchronization), (98 bytes).
    Removing stm32f4xx_hal_tim_ex.o(i.HAL_TIMEx_OCN_Start), (44 bytes).
    Removing stm32f4xx_hal_tim_ex.o(i.HAL_TIMEx_OCN_Start_DMA), (280 bytes).
    Removing stm32f4xx_hal_tim_ex.o(i.HAL_TIMEx_OCN_Start_IT), (132 bytes).
    Removing stm32f4xx_hal_tim_ex.o(i.HAL_TIMEx_OCN_Stop), (96 bytes).
    Removing stm32f4xx_hal_tim_ex.o(i.HAL_TIMEx_OCN_Stop_DMA), (178 bytes).
    Removing stm32f4xx_hal_tim_ex.o(i.HAL_TIMEx_OCN_Stop_IT), (196 bytes).
    Removing stm32f4xx_hal_tim_ex.o(i.HAL_TIMEx_OnePulseN_Start), (32 bytes).
    Removing stm32f4xx_hal_tim_ex.o(i.HAL_TIMEx_OnePulseN_Start_IT), (56 bytes).
    Removing stm32f4xx_hal_tim_ex.o(i.HAL_TIMEx_OnePulseN_Stop), (96 bytes).
    Removing stm32f4xx_hal_tim_ex.o(i.HAL_TIMEx_OnePulseN_Stop_IT), (120 bytes).
    Removing stm32f4xx_hal_tim_ex.o(i.HAL_TIMEx_PWMN_Start), (44 bytes).
    Removing stm32f4xx_hal_tim_ex.o(i.HAL_TIMEx_PWMN_Start_DMA), (280 bytes).
    Removing stm32f4xx_hal_tim_ex.o(i.HAL_TIMEx_PWMN_Start_IT), (132 bytes).
    Removing stm32f4xx_hal_tim_ex.o(i.HAL_TIMEx_PWMN_Stop), (96 bytes).
    Removing stm32f4xx_hal_tim_ex.o(i.HAL_TIMEx_PWMN_Stop_DMA), (178 bytes).
    Removing stm32f4xx_hal_tim_ex.o(i.HAL_TIMEx_PWMN_Stop_IT), (196 bytes).
    Removing stm32f4xx_hal_tim_ex.o(i.HAL_TIMEx_RemapConfig), (48 bytes).
    Removing stm32f4xx_hal_tim_ex.o(i.TIMEx_DMACommutationCplt), (20 bytes).
    Removing stm32f4xx_hal_tim_ex.o(i.TIM_CCxNChannelCmd), (28 bytes).
    Removing stm32f4xx_hal_uart.o(.rev16_text), (4 bytes).
    Removing stm32f4xx_hal_uart.o(.revsh_text), (4 bytes).
    Removing stm32f4xx_hal_uart.o(.rrx_text), (6 bytes).
    Removing stm32f4xx_hal_uart.o(i.HAL_HalfDuplex_EnableReceiver), (68 bytes).
    Removing stm32f4xx_hal_uart.o(i.HAL_HalfDuplex_EnableTransmitter), (68 bytes).
    Removing stm32f4xx_hal_uart.o(i.HAL_HalfDuplex_Init), (118 bytes).
    Removing stm32f4xx_hal_uart.o(i.HAL_LIN_Init), (142 bytes).
    Removing stm32f4xx_hal_uart.o(i.HAL_LIN_SendBreak), (62 bytes).
    Removing stm32f4xx_hal_uart.o(i.HAL_MultiProcessor_EnterMuteMode), (62 bytes).
    Removing stm32f4xx_hal_uart.o(i.HAL_MultiProcessor_ExitMuteMode), (62 bytes).
    Removing stm32f4xx_hal_uart.o(i.HAL_MultiProcessor_Init), (154 bytes).
    Removing stm32f4xx_hal_uart.o(i.HAL_UART_Abort), (126 bytes).
    Removing stm32f4xx_hal_uart.o(i.HAL_UART_AbortCpltCallback), (2 bytes).
    Removing stm32f4xx_hal_uart.o(i.HAL_UART_AbortReceive), (80 bytes).
    Removing stm32f4xx_hal_uart.o(i.HAL_UART_AbortReceiveCpltCallback), (2 bytes).
    Removing stm32f4xx_hal_uart.o(i.HAL_UART_AbortReceive_IT), (120 bytes).
    Removing stm32f4xx_hal_uart.o(i.HAL_UART_AbortTransmit), (68 bytes).
    Removing stm32f4xx_hal_uart.o(i.HAL_UART_AbortTransmitCpltCallback), (2 bytes).
    Removing stm32f4xx_hal_uart.o(i.HAL_UART_AbortTransmit_IT), (108 bytes).
    Removing stm32f4xx_hal_uart.o(i.HAL_UART_Abort_IT), (216 bytes).
    Removing stm32f4xx_hal_uart.o(i.HAL_UART_DMAPause), (124 bytes).
    Removing stm32f4xx_hal_uart.o(i.HAL_UART_DMAResume), (126 bytes).
    Removing stm32f4xx_hal_uart.o(i.HAL_UART_DMAStop), (102 bytes).
    Removing stm32f4xx_hal_uart.o(i.HAL_UART_ErrorCallback), (2 bytes).
    Removing stm32f4xx_hal_uart.o(i.HAL_UART_GetError), (6 bytes).
    Removing stm32f4xx_hal_uart.o(i.HAL_UART_GetState), (20 bytes).
    Removing stm32f4xx_hal_uart.o(i.HAL_UART_IRQHandler), (332 bytes).
    Removing stm32f4xx_hal_uart.o(i.HAL_UART_MspDeInit), (2 bytes).
    Removing stm32f4xx_hal_uart.o(i.HAL_UART_MspInit), (2 bytes).
    Removing stm32f4xx_hal_uart.o(i.HAL_UART_Receive), (222 bytes).
    Removing stm32f4xx_hal_uart.o(i.HAL_UART_Receive_DMA), (168 bytes).
    Removing stm32f4xx_hal_uart.o(i.HAL_UART_Receive_IT), (100 bytes).
    Removing stm32f4xx_hal_uart.o(i.HAL_UART_RxCpltCallback), (2 bytes).
    Removing stm32f4xx_hal_uart.o(i.HAL_UART_RxHalfCpltCallback), (2 bytes).
    Removing stm32f4xx_hal_uart.o(i.HAL_UART_Transmit), (214 bytes).
    Removing stm32f4xx_hal_uart.o(i.HAL_UART_Transmit_DMA), (156 bytes).
    Removing stm32f4xx_hal_uart.o(i.HAL_UART_Transmit_IT), (88 bytes).
    Removing stm32f4xx_hal_uart.o(i.HAL_UART_TxCpltCallback), (2 bytes).
    Removing stm32f4xx_hal_uart.o(i.HAL_UART_TxHalfCpltCallback), (2 bytes).
    Removing stm32f4xx_hal_uart.o(i.UART_DMAAbortOnError), (20 bytes).
    Removing stm32f4xx_hal_uart.o(i.UART_DMAError), (80 bytes).
    Removing stm32f4xx_hal_uart.o(i.UART_DMAReceiveCplt), (70 bytes).
    Removing stm32f4xx_hal_uart.o(i.UART_DMARxAbortCallback), (52 bytes).
    Removing stm32f4xx_hal_uart.o(i.UART_DMARxHalfCplt), (14 bytes).
    Removing stm32f4xx_hal_uart.o(i.UART_DMARxOnlyAbortCallback), (24 bytes).
    Removing stm32f4xx_hal_uart.o(i.UART_DMATransmitCplt), (54 bytes).
    Removing stm32f4xx_hal_uart.o(i.UART_DMATxAbortCallback), (52 bytes).
    Removing stm32f4xx_hal_uart.o(i.UART_DMATxHalfCplt), (14 bytes).
    Removing stm32f4xx_hal_uart.o(i.UART_DMATxOnlyAbortCallback), (24 bytes).
    Removing stm32f4xx_hal_uart.o(i.UART_EndRxTransfer), (32 bytes).
    Removing stm32f4xx_hal_uart.o(i.UART_EndTransmit_IT), (32 bytes).
    Removing stm32f4xx_hal_uart.o(i.UART_EndTxTransfer), (20 bytes).
    Removing stm32f4xx_hal_uart.o(i.UART_Receive_IT), (154 bytes).
    Removing stm32f4xx_hal_uart.o(i.UART_Transmit_IT), (104 bytes).
    Removing stm32f4xx_hal_uart.o(i.UART_WaitOnFlagUntilTimeout), (108 bytes).
    Removing stm32f4xx_hal_usart.o(.rev16_text), (4 bytes).
    Removing stm32f4xx_hal_usart.o(.revsh_text), (4 bytes).
    Removing stm32f4xx_hal_usart.o(.rrx_text), (6 bytes).
    Removing stm32f4xx_hal_usart.o(i.HAL_USART_Abort), (122 bytes).
    Removing stm32f4xx_hal_usart.o(i.HAL_USART_AbortCpltCallback), (2 bytes).
    Removing stm32f4xx_hal_usart.o(i.HAL_USART_Abort_IT), (212 bytes).
    Removing stm32f4xx_hal_usart.o(i.HAL_USART_DMAPause), (50 bytes).
    Removing stm32f4xx_hal_usart.o(i.HAL_USART_DMAResume), (50 bytes).
    Removing stm32f4xx_hal_usart.o(i.HAL_USART_DMAStop), (102 bytes).
    Removing stm32f4xx_hal_usart.o(i.HAL_USART_DeInit), (54 bytes).
    Removing stm32f4xx_hal_usart.o(i.HAL_USART_ErrorCallback), (2 bytes).
    Removing stm32f4xx_hal_usart.o(i.HAL_USART_GetError), (6 bytes).
    Removing stm32f4xx_hal_usart.o(i.HAL_USART_GetState), (8 bytes).
    Removing stm32f4xx_hal_usart.o(i.HAL_USART_IRQHandler), (384 bytes).
    Removing stm32f4xx_hal_usart.o(i.HAL_USART_Init), (90 bytes).
    Removing stm32f4xx_hal_usart.o(i.HAL_USART_MspDeInit), (2 bytes).
    Removing stm32f4xx_hal_usart.o(i.HAL_USART_MspInit), (2 bytes).
    Removing stm32f4xx_hal_usart.o(i.HAL_USART_Receive), (278 bytes).
    Removing stm32f4xx_hal_usart.o(i.HAL_USART_Receive_DMA), (248 bytes).
    Removing stm32f4xx_hal_usart.o(i.HAL_USART_Receive_IT), (108 bytes).
    Removing stm32f4xx_hal_usart.o(i.HAL_USART_RxCpltCallback), (2 bytes).
    Removing stm32f4xx_hal_usart.o(i.HAL_USART_RxHalfCpltCallback), (2 bytes).
    Removing stm32f4xx_hal_usart.o(i.HAL_USART_Transmit), (214 bytes).
    Removing stm32f4xx_hal_usart.o(i.HAL_USART_TransmitReceive), (320 bytes).
    Removing stm32f4xx_hal_usart.o(i.HAL_USART_TransmitReceive_DMA), (268 bytes).
    Removing stm32f4xx_hal_usart.o(i.HAL_USART_TransmitReceive_IT), (132 bytes).
    Removing stm32f4xx_hal_usart.o(i.HAL_USART_Transmit_DMA), (156 bytes).
    Removing stm32f4xx_hal_usart.o(i.HAL_USART_Transmit_IT), (88 bytes).
    Removing stm32f4xx_hal_usart.o(i.HAL_USART_TxCpltCallback), (2 bytes).
    Removing stm32f4xx_hal_usart.o(i.HAL_USART_TxHalfCpltCallback), (2 bytes).
    Removing stm32f4xx_hal_usart.o(i.HAL_USART_TxRxCpltCallback), (2 bytes).
    Removing stm32f4xx_hal_usart.o(i.USART_DMAAbortOnError), (20 bytes).
    Removing stm32f4xx_hal_usart.o(i.USART_DMAError), (84 bytes).
    Removing stm32f4xx_hal_usart.o(i.USART_DMAReceiveCplt), (142 bytes).
    Removing stm32f4xx_hal_usart.o(i.USART_DMARxAbortCallback), (48 bytes).
    Removing stm32f4xx_hal_usart.o(i.USART_DMARxHalfCplt), (14 bytes).
    Removing stm32f4xx_hal_usart.o(i.USART_DMATransmitCplt), (70 bytes).
    Removing stm32f4xx_hal_usart.o(i.USART_DMATxAbortCallback), (48 bytes).
    Removing stm32f4xx_hal_usart.o(i.USART_DMATxHalfCplt), (14 bytes).
    Removing stm32f4xx_hal_usart.o(i.USART_EndRxTransfer), (32 bytes).
    Removing stm32f4xx_hal_usart.o(i.USART_EndTransmit_IT), (44 bytes).
    Removing stm32f4xx_hal_usart.o(i.USART_EndTxTransfer), (20 bytes).
    Removing stm32f4xx_hal_usart.o(i.USART_Receive_IT), (194 bytes).
    Removing stm32f4xx_hal_usart.o(i.USART_SetConfig), (332 bytes).
    Removing stm32f4xx_hal_usart.o(i.USART_TransmitReceive_IT), (270 bytes).
    Removing stm32f4xx_hal_usart.o(i.USART_Transmit_IT), (104 bytes).
    Removing stm32f4xx_hal_usart.o(i.USART_WaitOnFlagUntilTimeout), (128 bytes).
    Removing stm32f4xx_hal_wwdg.o(.rev16_text), (4 bytes).
    Removing stm32f4xx_hal_wwdg.o(.revsh_text), (4 bytes).
    Removing stm32f4xx_hal_wwdg.o(.rrx_text), (6 bytes).
    Removing stm32f4xx_ll_fmc.o(.rev16_text), (4 bytes).
    Removing stm32f4xx_ll_fmc.o(.revsh_text), (4 bytes).
    Removing stm32f4xx_ll_fmc.o(.rrx_text), (6 bytes).
    Removing stm32f4xx_ll_fmc.o(i.FMC_NAND_AttributeSpace_Timing_Init), (54 bytes).
    Removing stm32f4xx_ll_fmc.o(i.FMC_NAND_CommonSpace_Timing_Init), (54 bytes).
    Removing stm32f4xx_ll_fmc.o(i.FMC_NAND_DeInit), (66 bytes).
    Removing stm32f4xx_ll_fmc.o(i.FMC_NAND_ECC_Disable), (28 bytes).
    Removing stm32f4xx_ll_fmc.o(i.FMC_NAND_ECC_Enable), (28 bytes).
    Removing stm32f4xx_ll_fmc.o(i.FMC_NAND_GetECC), (88 bytes).
    Removing stm32f4xx_ll_fmc.o(i.FMC_NAND_Init), (76 bytes).
    Removing stm32f4xx_ll_fmc.o(i.FMC_NORSRAM_DeInit), (56 bytes).
    Removing stm32f4xx_ll_fmc.o(i.FMC_NORSRAM_WriteOperation_Disable), (18 bytes).
    Removing stm32f4xx_ll_fmc.o(i.FMC_NORSRAM_WriteOperation_Enable), (18 bytes).
    Removing stm32f4xx_ll_fmc.o(i.FMC_PCCARD_AttributeSpace_Timing_Init), (38 bytes).
    Removing stm32f4xx_ll_fmc.o(i.FMC_PCCARD_CommonSpace_Timing_Init), (38 bytes).
    Removing stm32f4xx_ll_fmc.o(i.FMC_PCCARD_DeInit), (32 bytes).
    Removing stm32f4xx_ll_fmc.o(i.FMC_PCCARD_IOSpace_Timing_Init), (38 bytes).
    Removing stm32f4xx_ll_fmc.o(i.FMC_PCCARD_Init), (44 bytes).
    Removing stm32f4xx_ll_fmc.o(i.FMC_SDRAM_DeInit), (32 bytes).
    Removing stm32f4xx_ll_fmc.o(i.FMC_SDRAM_GetModeStatus), (24 bytes).
    Removing stm32f4xx_ll_fmc.o(i.FMC_SDRAM_SetAutoRefreshNumber), (14 bytes).
    Removing stm32f4xx_ll_fmc.o(i.FMC_SDRAM_WriteProtection_Disable), (18 bytes).
    Removing stm32f4xx_ll_fmc.o(i.FMC_SDRAM_WriteProtection_Enable), (18 bytes).
    Removing stm32f4xx_ll_fsmc.o(.rev16_text), (4 bytes).
    Removing stm32f4xx_ll_fsmc.o(.revsh_text), (4 bytes).
    Removing stm32f4xx_ll_fsmc.o(.rrx_text), (6 bytes).
    Removing stm32f4xx_ll_sdmmc.o(.rev16_text), (4 bytes).
    Removing stm32f4xx_ll_sdmmc.o(.revsh_text), (4 bytes).
    Removing stm32f4xx_ll_sdmmc.o(.rrx_text), (6 bytes).
    Removing stm32f4xx_ll_sdmmc.o(i.SDIO_DataConfig), (44 bytes).
    Removing stm32f4xx_ll_sdmmc.o(i.SDIO_GetCommandResponse), (8 bytes).
    Removing stm32f4xx_ll_sdmmc.o(i.SDIO_GetDataCounter), (6 bytes).
    Removing stm32f4xx_ll_sdmmc.o(i.SDIO_GetFIFOCount), (8 bytes).
    Removing stm32f4xx_ll_sdmmc.o(i.SDIO_GetPowerState), (10 bytes).
    Removing stm32f4xx_ll_sdmmc.o(i.SDIO_GetResponse), (24 bytes).
    Removing stm32f4xx_ll_sdmmc.o(i.SDIO_Init), (52 bytes).
    Removing stm32f4xx_ll_sdmmc.o(i.SDIO_PowerState_OFF), (8 bytes).
    Removing stm32f4xx_ll_sdmmc.o(i.SDIO_PowerState_ON), (10 bytes).
    Removing stm32f4xx_ll_sdmmc.o(i.SDIO_ReadFIFO), (8 bytes).
    Removing stm32f4xx_ll_sdmmc.o(i.SDIO_SendCommand), (40 bytes).
    Removing stm32f4xx_ll_sdmmc.o(i.SDIO_SetSDIOReadWaitMode), (16 bytes).
    Removing stm32f4xx_ll_sdmmc.o(i.SDIO_WriteFIFO), (12 bytes).
    Removing stm32f4xx_ll_usb.o(.rev16_text), (4 bytes).
    Removing stm32f4xx_ll_usb.o(.revsh_text), (4 bytes).
    Removing stm32f4xx_ll_usb.o(.rrx_text), (6 bytes).
    Removing clock.o(i.rt_tick_set), (28 bytes).
    Removing device.o(i.rt_device_init_all), (4 bytes).
    Removing device.o(i.rt_device_set_tx_complete), (8 bytes).
    Removing device.o(i.rt_device_unregister), (14 bytes).
    Removing idle.o(i.rt_thread_idle_gethandler), (8 bytes).
    Removing idle.o(i.rt_thread_idle_sethook), (12 bytes).
    Removing ipc.o(i.rt_event_control), (54 bytes).
    Removing ipc.o(i.rt_event_create), (38 bytes).
    Removing ipc.o(i.rt_event_delete), (22 bytes).
    Removing ipc.o(i.rt_mb_control), (66 bytes).
    Removing ipc.o(i.rt_mb_detach), (30 bytes).
    Removing ipc.o(i.rt_mq_control), (82 bytes).
    Removing ipc.o(i.rt_mq_create), (128 bytes).
    Removing ipc.o(i.rt_mq_delete), (28 bytes).
    Removing ipc.o(i.rt_mq_detach), (22 bytes).
    Removing ipc.o(i.rt_mq_init), (104 bytes).
    Removing ipc.o(i.rt_mq_recv), (296 bytes).
    Removing ipc.o(i.rt_mq_send), (164 bytes).
    Removing ipc.o(i.rt_mq_urgent), (156 bytes).
    Removing ipc.o(i.rt_mutex_control), (8 bytes).
    Removing ipc.o(i.rt_mutex_detach), (22 bytes).
    Removing ipc.o(i.rt_sem_trytake), (14 bytes).
    Removing irq.o(i.rt_interrupt_enter_sethook), (12 bytes).
    Removing irq.o(i.rt_interrupt_leave_sethook), (12 bytes).
    Removing kservice.o(i.rt_free_align), (16 bytes).
    Removing kservice.o(i.rt_get_errno), (36 bytes).
    Removing kservice.o(i.rt_kputs), (84 bytes).
    Removing kservice.o(i.rt_malloc_align), (66 bytes).
    Removing kservice.o(i.rt_memcmp), (38 bytes).
    Removing kservice.o(i.rt_sprintf), (34 bytes).
    Removing kservice.o(i.rt_strcasecmp), (48 bytes).
    Removing kservice.o(i.rt_strcmp), (28 bytes).
    Removing kservice.o(i.rt_strnlen), (24 bytes).
    Removing kservice.o(i.rt_strstr), (58 bytes).
    Removing kservice.o(i.rt_vsprintf), (22 bytes).
    Removing mem.o(.rev16_text), (4 bytes).
    Removing mem.o(.revsh_text), (4 bytes).
    Removing mem.o(.rrx_text), (6 bytes).
    Removing mem.o(i.rt_calloc), (34 bytes).
    Removing mem.o(i.rt_free_sethook), (12 bytes).
    Removing mem.o(i.rt_malloc_sethook), (12 bytes).
    Removing mem.o(i.rt_memory_info), (40 bytes).
    Removing mem.o(i.rt_realloc), (296 bytes).
    Removing memheap.o(i.rt_memheap_alloc), (276 bytes).
    Removing memheap.o(i.rt_memheap_detach), (22 bytes).
    Removing memheap.o(i.rt_memheap_free), (180 bytes).
    Removing memheap.o(i.rt_memheap_init), (164 bytes).
    Removing memheap.o(i.rt_memheap_realloc), (468 bytes).
    Removing mempool.o(i.rt_list_init), (6 bytes).
    Removing mempool.o(i.rt_list_isempty), (16 bytes).
    Removing mempool.o(i.rt_mp_alloc), (228 bytes).
    Removing mempool.o(i.rt_mp_alloc_sethook), (12 bytes).
    Removing mempool.o(i.rt_mp_create), (134 bytes).
    Removing mempool.o(i.rt_mp_delete), (70 bytes).
    Removing mempool.o(i.rt_mp_detach), (64 bytes).
    Removing mempool.o(i.rt_mp_free), (104 bytes).
    Removing mempool.o(i.rt_mp_free_sethook), (12 bytes).
    Removing mempool.o(i.rt_mp_init), (116 bytes).
    Removing mempool.o(.data), (8 bytes).
    Removing object.o(i.rt_object_attach_sethook), (12 bytes).
    Removing object.o(i.rt_object_detach_sethook), (12 bytes).
    Removing object.o(i.rt_object_find), (88 bytes).
    Removing object.o(i.rt_object_get_information), (16 bytes).
    Removing object.o(i.rt_object_put_sethook), (12 bytes).
    Removing object.o(i.rt_object_take_sethook), (12 bytes).
    Removing object.o(i.rt_object_trytake_sethook), (12 bytes).
    Removing scheduler.o(i.rt_critical_level), (12 bytes).
    Removing scheduler.o(i.rt_scheduler_sethook), (12 bytes).
    Removing thread.o(i.rt_thread_inited_sethook), (12 bytes).
    Removing thread.o(i.rt_thread_resume_sethook), (12 bytes).
    Removing thread.o(i.rt_thread_suspend_sethook), (12 bytes).
    Removing timer.o(i.rt_timer_create), (54 bytes).
    Removing timer.o(i.rt_timer_delete), (32 bytes).
    Removing timer.o(i.rt_timer_next_timeout_tick), (16 bytes).
    Removing timer.o(i.rt_timer_timeout_sethook), (12 bytes).
    Removing cpuport.o(i.rt_hw_cpu_shutdown), (28 bytes).
    Removing cpuport.o(i.rt_hw_exception_install), (12 bytes).
    Removing backtrace.o(i.rt_hw_backtrace), (2 bytes).
    Removing div0.o(i.__div0), (4 bytes).
    Removing showmem.o(i.rt_hw_show_memory), (96 bytes).
    Removing dfs.o(i.list_fd), (216 bytes).
    Removing dfs_file.o(i.dfs_file_flush), (34 bytes).
    Removing dfs_file.o(i.dfs_file_ioctl), (46 bytes).
    Removing dfs_file.o(i.dfs_file_rename), (170 bytes).
    Removing dfs_fs.o(i.dfs_filesystem_get_mounted_path), (56 bytes).
    Removing dfs_fs.o(i.dfs_filesystem_get_partition), (244 bytes).
    Removing dfs_fs.o(i.dfs_unmount), (160 bytes).
    Removing dfs_posix.o(i.access), (32 bytes).
    Removing dfs_posix.o(i.fsync), (46 bytes).
    Removing dfs_posix.o(i.ioctl), (70 bytes).
    Removing dfs_posix.o(i.rename), (36 bytes).
    Removing dfs_posix.o(i.rewinddir), (56 bytes).
    Removing dfs_posix.o(i.rmdir), (32 bytes).
    Removing dfs_posix.o(i.seekdir), (58 bytes).
    Removing dfs_posix.o(i.statfs), (36 bytes).
    Removing dfs_posix.o(i.telldir), (50 bytes).
    Removing poll.o(i.__wqueue_pollwake), (38 bytes).
    Removing poll.o(i._poll_add), (72 bytes).
    Removing poll.o(i.do_pollfd), (90 bytes).
    Removing poll.o(i.poll), (42 bytes).
    Removing poll.o(i.poll_do), (102 bytes).
    Removing poll.o(i.poll_table_init), (28 bytes).
    Removing poll.o(i.poll_teardown), (30 bytes).
    Removing poll.o(i.poll_wait_timeout), (102 bytes).
    Removing select.o(i.select), (548 bytes).
    Removing ff.o(i.f_closedir), (24 bytes).
    Removing ff.o(i.f_truncate), (178 bytes).
    Removing dfs_net.o(i.dfs_net_close), (24 bytes).
    Removing dfs_net.o(i.dfs_net_get_fops), (8 bytes).
    Removing dfs_net.o(i.dfs_net_getsocket), (44 bytes).
    Removing dfs_net.o(i.dfs_net_ioctl), (8 bytes).
    Removing dfs_net.o(i.dfs_net_poll), (96 bytes).
    Removing dfs_net.o(i.dfs_net_read), (30 bytes).
    Removing dfs_net.o(i.dfs_net_write), (30 bytes).
    Removing dfs_net.o(.constdata), (36 bytes).
    Removing net_netdb.o(i.freeaddrinfo), (12 bytes).
    Removing net_netdb.o(i.getaddrinfo), (28 bytes).
    Removing net_netdb.o(i.gethostbyname), (12 bytes).
    Removing net_netdb.o(i.gethostbyname_r), (36 bytes).
    Removing net_sockets.o(i.accept), (134 bytes).
    Removing net_sockets.o(i.bind), (32 bytes).
    Removing net_sockets.o(i.closesocket), (20 bytes).
    Removing net_sockets.o(i.connect), (32 bytes).
    Removing net_sockets.o(i.event_callback), (276 bytes).
    Removing net_sockets.o(i.getpeername), (32 bytes).
    Removing net_sockets.o(i.getsockname), (32 bytes).
    Removing net_sockets.o(i.getsockopt), (44 bytes).
    Removing net_sockets.o(i.ioctlsocket), (32 bytes).
    Removing net_sockets.o(i.listen), (24 bytes).
    Removing net_sockets.o(i.recv), (36 bytes).
    Removing net_sockets.o(i.recvfrom), (44 bytes).
    Removing net_sockets.o(i.rt_list_init), (6 bytes).
    Removing net_sockets.o(i.send), (36 bytes).
    Removing net_sockets.o(i.sendto), (44 bytes).
    Removing net_sockets.o(i.setsockopt), (44 bytes).
    Removing net_sockets.o(i.shutdown), (74 bytes).
    Removing net_sockets.o(i.socket), (124 bytes).
    Removing romfs.o(.constdata), (104 bytes).
    Removing romfs.o(.conststring), (22 bytes).
    Removing uffs_rtthread.o(i.uffs_OSGetTaskId), (4 bytes).
    Removing uffs_rtthread.o(i.uffs_SetupDebugOutput), (2 bytes).
    Removing uffs_blockinfo.o(i.uffs_BlockInfoExpireAll), (28 bytes).
    Removing uffs_blockinfo.o(i.uffs_BlockInfoIsAllFree), (24 bytes).
    Removing uffs_buf.o(i.uffs_BufDecRef), (14 bytes).
    Removing uffs_buf.o(i.uffs_BufFlush), (28 bytes).
    Removing uffs_buf.o(i.uffs_BufFlushEx), (42 bytes).
    Removing uffs_buf.o(i.uffs_BufIncRef), (8 bytes).
    Removing uffs_buf.o(i.uffs_BufInspect), (256 bytes).
    Removing uffs_buf.o(i.uffs_BufIsAllEmpty), (24 bytes).
    Removing uffs_buf.o(i.uffs_BufIsAllFree), (24 bytes).
    Removing uffs_buf.o(i.uffs_BufSetAllEmpty), (20 bytes).
    Removing uffs_fd.o(i.uffs_DirEntryBufGetPool), (8 bytes).
    Removing uffs_fd.o(i.uffs_DirEntryBufPutAll), (72 bytes).
    Removing uffs_fd.o(i.uffs_DirEntryBufRelease), (16 bytes).
    Removing uffs_fd.o(i.uffs_FdSignatureIncrease), (28 bytes).
    Removing uffs_fd.o(i.uffs_eof), (160 bytes).
    Removing uffs_fd.o(i.uffs_flush_all), (38 bytes).
    Removing uffs_fd.o(i.uffs_format), (48 bytes).
    Removing uffs_fd.o(i.uffs_fstat), (148 bytes).
    Removing uffs_fd.o(i.uffs_ftruncate), (172 bytes).
    Removing uffs_fd.o(i.uffs_space_free), (38 bytes).
    Removing uffs_fd.o(i.uffs_space_total), (38 bytes).
    Removing uffs_fd.o(i.uffs_space_used), (38 bytes).
    Removing uffs_fd.o(i.uffs_tell), (160 bytes).
    Removing uffs_fd.o(i.uffs_version), (8 bytes).
    Removing uffs_find.o(i.uffs_FindObjectCount), (32 bytes).
    Removing uffs_find.o(i.uffs_FindObjectOpenEx), (54 bytes).
    Removing uffs_find.o(i.uffs_FindObjectTell), (6 bytes).
    Removing uffs_fs.o(i.uffs_EndOfFile), (44 bytes).
    Removing uffs_fs.o(i.uffs_GetCurOffset), (24 bytes).
    Removing uffs_fs.o(i.uffs_GetFreeObjectHandlers), (28 bytes).
    Removing uffs_fs.o(i.uffs_GetObjectByIndex), (20 bytes).
    Removing uffs_fs.o(i.uffs_GetObjectIndex), (20 bytes).
    Removing uffs_fs.o(i.uffs_PutAllObjectBuf), (60 bytes).
    Removing uffs_fs.o(i.uffs_ReleaseObjectBuf), (16 bytes).
    Removing uffs_fs.o(i.uffs_TruncateObject), (56 bytes).
    Removing uffs_init.o(i.uffs_InitFileSystemObjects), (28 bytes).
    Removing uffs_init.o(i.uffs_ReleaseFileSystemObjects), (28 bytes).
    Removing uffs_mtb.o(i.uffs_GetDeviceFromMountPoint), (44 bytes).
    Removing uffs_mtb.o(i.uffs_GetDeviceMountPoint), (36 bytes).
    Removing uffs_mtb.o(i.uffs_MtbGetMounted), (12 bytes).
    Removing uffs_mtb.o(i.uffs_MtbGetUnMounted), (12 bytes).
    Removing uffs_pool.o(i.uffs_PoolGetFreeCount), (18 bytes).
    Removing uffs_pool.o(i.uffs_PoolGetLocked), (144 bytes).
    Removing uffs_pool.o(i.uffs_PoolPutAll), (40 bytes).
    Removing uffs_pool.o(i.uffs_PoolPutLocked), (156 bytes).
    Removing uffs_public.o(i.uffs_CreateNewFile), (144 bytes).
    Removing uffs_public.o(i.uffs_FindFirstFreePage), (62 bytes).
    Removing uffs_public.o(i.uffs_GetDeviceTotal), (24 bytes).
    Removing uffs_public.o(i.uffs_GetDeviceUsed), (34 bytes).
    Removing uffs_public.o(i.uffs_IsBlockPagesFullUsed), (54 bytes).
    Removing uffs_public.o(i.uffs_MakeSum8), (18 bytes).
    Removing uffs_tree.o(i.uffs_TreeSetNodeBlock), (28 bytes).
    Removing uffs_utils.o(i.DumpBlock), (336 bytes).
    Removing uffs_utils.o(i.DumpBufHex), (44 bytes).
    Removing uffs_utils.o(i.DumpTag), (308 bytes).
    Removing uffs_utils.o(i.GetTagName), (68 bytes).
    Removing uffs_utils.o(i._ForceFormatAndCheckBlock), (836 bytes).
    Removing uffs_utils.o(i.uffs_DumpDevice), (30 bytes).
    Removing uffs_utils.o(i.uffs_FormatDevice), (516 bytes).
    Removing uffs_utils.o(i.uffs_ReleaseGlobalFsLock), (16 bytes).
    Removing uffs_utils.o(.constdata), (40 bytes).
    Removing uffs_utils.o(.conststring), (36 bytes).
    Removing uffs_version.o(i.uffs_GetMainVersion), (6 bytes).
    Removing uffs_version.o(i.uffs_GetMinorVersion), (8 bytes).
    Removing uffs_version.o(i.uffs_GetTrivialVersion), (8 bytes).
    Removing uffs_version.o(i.uffs_GetVersion), (8 bytes).
    Removing uffs_version.o(i.uffs_Version2Str), (48 bytes).
    Removing uffs_version.o(.bss), (16 bytes).
    Removing i2c_core.o(i.rt_i2c_bus_device_find), (30 bytes).
    Removing mtd_nand.o(i._mtd_close), (6 bytes).
    Removing mtd_nand.o(i._mtd_control), (6 bytes).
    Removing mtd_nand.o(i._mtd_init), (6 bytes).
    Removing mtd_nand.o(i._mtd_open), (6 bytes).
    Removing mtd_nand.o(i._mtd_read), (8 bytes).
    Removing mtd_nand.o(i._mtd_write), (8 bytes).
    Removing mtd_nand.o(i.rt_mtd_nand_register_device), (80 bytes).
    Removing spi_core.o(i.rt_spi_release), (46 bytes).
    Removing spi_core.o(i.rt_spi_release_bus), (18 bytes).
    Removing spi_core.o(i.rt_spi_take), (46 bytes).
    Removing spi_core.o(i.rt_spi_take_bus), (102 bytes).
    Removing spi_core.o(i.rt_spi_transfer_message), (150 bytes).
    Removing spi_flash_sfud.o(i.retry_delay_ms), (10 bytes).
    Removing spi_flash_sfud.o(i.rt_sfud_flash_delete), (50 bytes).
    Removing spi_flash_sfud.o(i.sfud_log_debug), (40 bytes).
    Removing sfud.o(i.sfud_get_device), (36 bytes).
    Removing sfud.o(i.sfud_get_device_num), (4 bytes).
    Removing sfud.o(i.sfud_get_device_table), (8 bytes).
    Removing sfud.o(i.sfud_init), (64 bytes).
    Removing sfud.o(.bss), (116 bytes).
    Removing dataqueue.o(i.rt_data_queue_reset), (106 bytes).
    Removing pipe.o(i.mkfifo), (26 bytes).
    Removing pipe.o(i.pipe), (136 bytes).
    Removing pipe.o(i.pipe_fops_close), (160 bytes).
    Removing pipe.o(i.pipe_fops_ioctl), (72 bytes).
    Removing pipe.o(i.pipe_fops_open), (128 bytes).
    Removing pipe.o(i.pipe_fops_poll), (140 bytes).
    Removing pipe.o(i.pipe_fops_read), (152 bytes).
    Removing pipe.o(i.pipe_fops_write), (194 bytes).
    Removing pipe.o(i.rt_list_init), (6 bytes).
    Removing pipe.o(i.rt_pipe_create), (96 bytes).
    Removing pipe.o(i.rt_pipe_delete), (72 bytes).
    Removing pipe.o(i.rt_poll_add), (24 bytes).
    Removing pipe.o(.constdata), (36 bytes).
    Removing pipe.o(.data), (4 bytes).
    Removing ringbuffer.o(i.rt_ringbuffer_create), (54 bytes).
    Removing ringbuffer.o(i.rt_ringbuffer_data_len), (76 bytes).
    Removing ringbuffer.o(i.rt_ringbuffer_destroy), (18 bytes).
    Removing ringbuffer.o(i.rt_ringbuffer_get), (164 bytes).
    Removing ringbuffer.o(i.rt_ringbuffer_getchar), (88 bytes).
    Removing ringbuffer.o(i.rt_ringbuffer_init), (48 bytes).
    Removing ringbuffer.o(i.rt_ringbuffer_put), (168 bytes).
    Removing ringbuffer.o(i.rt_ringbuffer_put_force), (208 bytes).
    Removing ringbuffer.o(i.rt_ringbuffer_putchar), (90 bytes).
    Removing ringbuffer.o(i.rt_ringbuffer_putchar_force), (126 bytes).
    Removing ringbuffer.o(i.rt_ringbuffer_reset), (36 bytes).
    Removing ringbuffer.o(i.rt_ringbuffer_status), (42 bytes).
    Removing workqueue.o(i._workqueue_thread_entry), (140 bytes).
    Removing workqueue.o(i.rt_list_insert_after), (14 bytes).
    Removing workqueue.o(i.rt_list_remove), (18 bytes).
    Removing workqueue.o(i.rt_workqueue_cancel_all_work), (34 bytes).
    Removing workqueue.o(i.rt_workqueue_cancel_work), (46 bytes).
    Removing workqueue.o(i.rt_workqueue_cancel_work_sync), (48 bytes).
    Removing workqueue.o(i.rt_workqueue_create), (108 bytes).
    Removing workqueue.o(i.rt_workqueue_critical_work), (76 bytes).
    Removing workqueue.o(i.rt_workqueue_destroy), (20 bytes).
    Removing workqueue.o(i.rt_workqueue_dowork), (76 bytes).
    Removing pin.o(i.rt_pin_attach_irq), (48 bytes).
    Removing pin.o(i.rt_pin_dettach_irq), (36 bytes).
    Removing pin.o(i.rt_pin_irq_enable), (48 bytes).
    Removing shell.o(i.finsh_get_echo), (20 bytes).
    Removing shell.o(i.finsh_set_echo), (16 bytes).
    Removing finsh_init.o(i.finsh_reset), (24 bytes).
    Removing finsh_var.o(i.finsh_sysvar_append), (68 bytes).
    Removing finsh_var.o(i.finsh_var_delete), (72 bytes).
    Removing finsh_vm.o(i.finsh_syscall_append), (60 bytes).
    Removing finsh_token.o(i.finsh_token_get_token), (20 bytes).
    Removing mem_std.o(i.calloc), (16 bytes).
    Removing mem_std.o(i.realloc), (16 bytes).
    Removing stubs.o(i._sys_command_string), (2 bytes).
    Removing stubs.o(i._sys_tmpnam), (8 bytes).
    Removing stubs.o(i.remove), (12 bytes).
    Removing stubs.o(i.system), (4 bytes).
    Removing time.o(i.gettimeofday), (48 bytes).
    Removing sys_arch.o(.rev16_text), (4 bytes).
    Removing sys_arch.o(.revsh_text), (4 bytes).
    Removing sys_arch.o(.rrx_text), (6 bytes).
    Removing sys_arch.o(i.lwip_sys_init), (8 bytes).
    Removing sys_arch.o(i.sys_arch_protect), (12 bytes).
    Removing sys_arch.o(i.sys_arch_unprotect), (12 bytes).
    Removing sys_arch.o(i.sys_jiffies), (8 bytes).
    Removing sys_arch.o(i.sys_mutex_free), (12 bytes).
    Removing sys_arch.o(i.sys_mutex_lock), (16 bytes).
    Removing sys_arch.o(i.sys_mutex_new), (72 bytes).
    Removing sys_arch.o(i.sys_mutex_set_invalid), (6 bytes).
    Removing sys_arch.o(i.sys_mutex_unlock), (12 bytes).
    Removing sys_arch.o(i.sys_mutex_valid), (6 bytes).
    Removing api_lib.o(i.netconn_close), (14 bytes).
    Removing api_lib.o(i.netconn_close_shutdown), (172 bytes).
    Removing api_lib.o(i.netconn_connect), (180 bytes).
    Removing api_lib.o(i.netconn_disconnect), (172 bytes).
    Removing api_lib.o(i.netconn_gethostbyname), (268 bytes).
    Removing api_lib.o(i.netconn_sendto), (44 bytes).
    Removing api_lib.o(i.netconn_shutdown), (36 bytes).
    Removing api_msg.o(i.do_close), (292 bytes).
    Removing api_msg.o(i.do_connect), (308 bytes).
    Removing api_msg.o(i.do_connected), (352 bytes).
    Removing api_msg.o(i.do_disconnect), (46 bytes).
    Removing api_msg.o(i.do_dns_found), (168 bytes).
    Removing api_msg.o(i.do_gethostbyname), (44 bytes).
    Removing netbuf.o(i.netbuf_alloc), (220 bytes).
    Removing netbuf.o(i.netbuf_chain), (192 bytes).
    Removing netbuf.o(i.netbuf_data), (264 bytes).
    Removing netbuf.o(i.netbuf_first), (120 bytes).
    Removing netbuf.o(i.netbuf_new), (30 bytes).
    Removing netbuf.o(i.netbuf_next), (148 bytes).
    Removing netdb.o(i.lwip_freeaddrinfo), (24 bytes).
    Removing netdb.o(i.lwip_getaddrinfo), (380 bytes).
    Removing netdb.o(i.lwip_gethostbyname), (88 bytes).
    Removing netdb.o(i.lwip_gethostbyname_r), (192 bytes).
    Removing netdb.o(.bss), (20 bytes).
    Removing netdb.o(.data), (20 bytes).
    Removing sockets.o(i.lwip_connect), (292 bytes).
    Removing sockets.o(i.lwip_fcntl), (134 bytes).
    Removing sockets.o(i.lwip_getaddrname), (126 bytes).
    Removing sockets.o(i.lwip_getpeername), (22 bytes).
    Removing sockets.o(i.lwip_getsockname), (22 bytes).
    Removing sockets.o(i.lwip_getsockopt), (396 bytes).
    Removing sockets.o(i.lwip_getsockopt_internal), (660 bytes).
    Removing sockets.o(i.lwip_ioctl), (264 bytes).
    Removing sockets.o(i.lwip_read), (28 bytes).
    Removing sockets.o(i.lwip_shutdown), (196 bytes).
    Removing sockets.o(i.lwip_tryget_socket), (12 bytes).
    Removing sockets.o(i.lwip_write), (22 bytes).
    Removing tcpip.o(i.mem_free_callback), (20 bytes).
    Removing tcpip.o(i.pbuf_free_callback), (20 bytes).
    Removing tcpip.o(i.pbuf_free_int), (14 bytes).
    Removing tcpip.o(i.tcpip_callbackmsg_delete), (14 bytes).
    Removing tcpip.o(i.tcpip_callbackmsg_new), (32 bytes).
    Removing tcpip.o(i.tcpip_timeout), (68 bytes).
    Removing tcpip.o(i.tcpip_trycallback), (32 bytes).
    Removing tcpip.o(i.tcpip_untimeout), (60 bytes).
    Removing dns.o(i.dns_enqueue), (228 bytes).
    Removing dns.o(i.dns_gethostbyname), (92 bytes).
    Removing dns.o(i.dns_lookup), (92 bytes).
    Removing netif.o(i.netif_find), (68 bytes).
    Removing netif.o(i.netif_remove), (100 bytes).
    Removing netif.o(i.netif_set_down), (56 bytes).
    Removing netif.o(i.netif_set_status_callback), (6 bytes).
    Removing pbuf.o(i.pbuf_coalesce), (152 bytes).
    Removing pbuf.o(i.pbuf_dechain), (228 bytes).
    Removing pbuf.o(i.pbuf_get_at), (46 bytes).
    Removing pbuf.o(i.pbuf_memcmp), (96 bytes).
    Removing pbuf.o(i.pbuf_memfind), (76 bytes).
    Removing pbuf.o(i.pbuf_strstr), (60 bytes).
    Removing pbuf.o(i.pbuf_take), (352 bytes).
    Removing raw.o(i.raw_connect), (16 bytes).
    Removing sys.o(i.sys_msleep), (36 bytes).
    Removing tcp.o(i.tcp_connect), (532 bytes).
    Removing tcp.o(i.tcp_debug_state_str), (16 bytes).
    Removing tcp.o(i.tcp_setprio), (4 bytes).
    Removing udp.o(i.udp_disconnect), (16 bytes).
    Removing inet_chksum.o(i.inet_chksum_pseudo_partial), (284 bytes).
    Removing ip_addr.o(i.ip4_addr_netmask_valid), (56 bytes).
    Removing etharp.o(i.etharp_cleanup_netif), (56 bytes).
    Removing etharp.o(i.etharp_find_addr), (200 bytes).
    Removing ethernetif.o(i.eth_device_linkchange), (56 bytes).
    Removing hmi_101_app.o(.rev16_text), (4 bytes).
    Removing hmi_101_app.o(.revsh_text), (4 bytes).
    Removing hmi_101_app.o(.rrx_text), (6 bytes).
    Removing hmi_101_app.o(i.DLT634_HMI_SLAVE_StoreIN), (6 bytes).
    Removing hmi_101_disk.o(.rev16_text), (4 bytes).
    Removing hmi_101_disk.o(.revsh_text), (4 bytes).
    Removing hmi_101_disk.o(.rrx_text), (6 bytes).
    Removing hmi_101_disk.o(i.DLT634_HMI_SLAVE_H_HMIYX), (6 bytes).
    Removing hmi_101_disk.o(i.DLT634_HMI_SLAVE_R_HMIYX), (28 bytes).
    Removing gui_101_cmd.o(i.BeginCmd101Down), (20 bytes).
    Removing gui_101_cmd.o(i.GuiFont12), (184 bytes).
    Removing gui_101_cmd.o(i.GuiGetForecolor), (12 bytes).
    Removing gui_101_cmd.o(i.GuiGetbackcolor), (12 bytes).
    Removing guidisplay.o(i.GUIStartInterface), (264 bytes).
    Removing guidisplay.o(i.GUIWiatMessage), (260 bytes).
    Removing uservariable.o(.rev16_text), (4 bytes).
    Removing uservariable.o(.revsh_text), (4 bytes).
    Removing uservariable.o(.rrx_text), (6 bytes).
    Removing hmiinout.o(.rev16_text), (4 bytes).
    Removing hmiinout.o(.revsh_text), (4 bytes).
    Removing hmiinout.o(.rrx_text), (6 bytes).
    Removing dlt634_5101slave_disk.o(.rev16_text), (4 bytes).
    Removing dlt634_5101slave_disk.o(.revsh_text), (4 bytes).
    Removing dlt634_5101slave_disk.o(.rrx_text), (6 bytes).
    Removing dlt634_5101slave_disk.o(i.DLT634_5101_SLAVE_C_REPLY), (6 bytes).
    Removing dlt634_5101slave_app.o(.rev16_text), (4 bytes).
    Removing dlt634_5101slave_app.o(.revsh_text), (4 bytes).
    Removing dlt634_5101slave_app.o(.rrx_text), (6 bytes).
    Removing dlt634_5104slave_disk.o(.rev16_text), (4 bytes).
    Removing dlt634_5104slave_disk.o(.revsh_text), (4 bytes).
    Removing dlt634_5104slave_disk.o(.rrx_text), (6 bytes).
    Removing dlt634_5104slave_disk.o(i.DLT634_5104_SLAVE_C_REPLY), (6 bytes).
    Removing dlt634_5104slave_app.o(.rev16_text), (4 bytes).
    Removing dlt634_5104slave_app.o(.revsh_text), (4 bytes).
    Removing dlt634_5104slave_app.o(.rrx_text), (6 bytes).
    Removing channel_monitor.o(.rev16_text), (4 bytes).
    Removing channel_monitor.o(.revsh_text), (4 bytes).
    Removing channel_monitor.o(.rrx_text), (6 bytes).
    Removing malloc.o(.rev16_text), (4 bytes).
    Removing malloc.o(.revsh_text), (4 bytes).
    Removing malloc.o(.rrx_text), (6 bytes).
    Removing malloc.o(i._mem_free), (112 bytes).
    Removing malloc.o(i._mem_init), (64 bytes).
    Removing malloc.o(i._mem_malloc), (172 bytes).
    Removing malloc.o(i._mem_memcpy), (26 bytes).
    Removing malloc.o(i._mem_memset), (20 bytes).
    Removing malloc.o(i._mem_perused), (68 bytes).
    Removing malloc.o(i.atom_mem_free), (14 bytes).
    Removing malloc.o(i.atom_mem_malloc), (14 bytes).
    Removing malloc.o(i.atom_mem_realloc), (18 bytes).
    Removing malloc.o(i.rt_mem_free), (36 bytes).
    Removing malloc.o(i.rt_mem_malloc), (40 bytes).
    Removing malloc.o(i.rt_mem_realloc), (72 bytes).
    Removing malloc.o(.constdata), (12 bytes).
    Removing malloc.o(.data), (20 bytes).
    Removing cjson.o(i.cJSON_AddItemReferenceToArray), (24 bytes).
    Removing cjson.o(i.cJSON_AddItemReferenceToObject), (32 bytes).
    Removing cjson.o(i.cJSON_AddItemToObjectCS), (60 bytes).
    Removing cjson.o(i.cJSON_CreateBool), (26 bytes).
    Removing cjson.o(i.cJSON_CreateDoubleArray), (74 bytes).
    Removing cjson.o(i.cJSON_CreateFalse), (18 bytes).
    Removing cjson.o(i.cJSON_CreateFloatArray), (96 bytes).
    Removing cjson.o(i.cJSON_CreateIntArray), (86 bytes).
    Removing cjson.o(i.cJSON_CreateNull), (18 bytes).
    Removing cjson.o(i.cJSON_CreateStringArray), (62 bytes).
    Removing cjson.o(i.cJSON_CreateTrue), (18 bytes).
    Removing cjson.o(i.cJSON_Delete), (88 bytes).
    Removing cjson.o(i.cJSON_DeleteItemFromArray), (22 bytes).
    Removing cjson.o(i.cJSON_DeleteItemFromObject), (22 bytes).
    Removing cjson.o(i.cJSON_DetachItemFromArray), (66 bytes).
    Removing cjson.o(i.cJSON_DetachItemFromObject), (50 bytes).
    Removing cjson.o(i.cJSON_Duplicate), (172 bytes).
    Removing cjson.o(i.cJSON_GetArrayItem), (18 bytes).
    Removing cjson.o(i.cJSON_GetArraySize), (18 bytes).
    Removing cjson.o(i.cJSON_GetErrorPtr), (12 bytes).
    Removing cjson.o(i.cJSON_GetObjectItem), (30 bytes).
    Removing cjson.o(i.cJSON_HasObjectItem), (34 bytes).
    Removing cjson.o(i.cJSON_InsertItemInArray), (64 bytes).
    Removing cjson.o(i.cJSON_Minify), (186 bytes).
    Removing cjson.o(i.cJSON_Parse), (16 bytes).
    Removing cjson.o(i.cJSON_ParseWithOpts), (100 bytes).
    Removing cjson.o(i.cJSON_PrintBuffered), (44 bytes).
    Removing cjson.o(i.cJSON_PrintUnformatted), (18 bytes).
    Removing cjson.o(i.cJSON_ReplaceItemInArray), (76 bytes).
    Removing cjson.o(i.cJSON_ReplaceItemInObject), (62 bytes).
    Removing cjson.o(i.cJSON_strcasecmp), (76 bytes).
    Removing cjson.o(i.create_reference), (48 bytes).
    Removing cjson.o(i.parse_array), (172 bytes).
    Removing cjson.o(i.parse_hex4), (276 bytes).
    Removing cjson.o(i.parse_number), (456 bytes).
    Removing cjson.o(i.parse_object), (276 bytes).
    Removing cjson.o(i.parse_string), (460 bytes).
    Removing cjson.o(i.parse_value), (188 bytes).
    Removing cjson.o(i.skip), (18 bytes).
    Removing cjson.o(.constdata), (7 bytes).
    Removing jsonfileoperation.o(.rev16_text), (4 bytes).
    Removing jsonfileoperation.o(.revsh_text), (4 bytes).
    Removing jsonfileoperation.o(.rrx_text), (6 bytes).
    Removing jsonfileoperation.o(i.GetJsonForFile), (196 bytes).
    Removing jsonfileoperation.o(i.Get_JSON), (94 bytes).
    Removing jsonfileoperation.o(i.Json_To_Struct), (30 bytes).
    Removing arm_cfft_radix2_f32.o(.rev16_text), (4 bytes).
    Removing arm_cfft_radix2_f32.o(.revsh_text), (4 bytes).
    Removing arm_cfft_radix2_f32.o(.rrx_text), (6 bytes).
    Removing arm_cfft_radix2_init_f32.o(.rev16_text), (4 bytes).
    Removing arm_cfft_radix2_init_f32.o(.revsh_text), (4 bytes).
    Removing arm_cfft_radix2_init_f32.o(.rrx_text), (6 bytes).
    Removing arm_bitreversal.o(.rev16_text), (4 bytes).
    Removing arm_bitreversal.o(.revsh_text), (4 bytes).
    Removing arm_bitreversal.o(.rrx_text), (6 bytes).
    Removing arm_common_tables.o(.rev16_text), (4 bytes).
    Removing arm_common_tables.o(.revsh_text), (4 bytes).
    Removing arm_common_tables.o(.rrx_text), (6 bytes).
    Removing arm_common_tables.o(.constdata), (128 bytes).
    Removing arm_common_tables.o(.constdata), (256 bytes).
    Removing arm_common_tables.o(.constdata), (512 bytes).
    Removing arm_common_tables.o(.constdata), (1024 bytes).
    Removing arm_common_tables.o(.constdata), (2048 bytes).
    Removing arm_common_tables.o(.constdata), (4096 bytes).
    Removing arm_common_tables.o(.constdata), (8192 bytes).
    Removing arm_common_tables.o(.constdata), (16384 bytes).
    Removing arm_common_tables.o(.constdata), (96 bytes).
    Removing arm_common_tables.o(.constdata), (192 bytes).
    Removing arm_common_tables.o(.constdata), (384 bytes).
    Removing arm_common_tables.o(.constdata), (768 bytes).
    Removing arm_common_tables.o(.constdata), (1536 bytes).
    Removing arm_common_tables.o(.constdata), (3072 bytes).
    Removing arm_common_tables.o(.constdata), (6144 bytes).
    Removing arm_common_tables.o(.constdata), (12288 bytes).
    Removing arm_common_tables.o(.constdata), (24576 bytes).
    Removing arm_common_tables.o(.constdata), (48 bytes).
    Removing arm_common_tables.o(.constdata), (96 bytes).
    Removing arm_common_tables.o(.constdata), (192 bytes).
    Removing arm_common_tables.o(.constdata), (384 bytes).
    Removing arm_common_tables.o(.constdata), (768 bytes).
    Removing arm_common_tables.o(.constdata), (1536 bytes).
    Removing arm_common_tables.o(.constdata), (3072 bytes).
    Removing arm_common_tables.o(.constdata), (6144 bytes).
    Removing arm_common_tables.o(.constdata), (12288 bytes).
    Removing arm_common_tables.o(.constdata), (128 bytes).
    Removing arm_common_tables.o(.constdata), (256 bytes).
    Removing arm_common_tables.o(.constdata), (40 bytes).
    Removing arm_common_tables.o(.constdata), (96 bytes).
    Removing arm_common_tables.o(.constdata), (112 bytes).
    Removing arm_common_tables.o(.constdata), (416 bytes).
    Removing arm_common_tables.o(.constdata), (880 bytes).
    Removing arm_common_tables.o(.constdata), (896 bytes).
    Removing arm_common_tables.o(.constdata), (3600 bytes).
    Removing arm_common_tables.o(.constdata), (7616 bytes).
    Removing arm_common_tables.o(.constdata), (8064 bytes).
    Removing arm_common_tables.o(.constdata), (24 bytes).
    Removing arm_common_tables.o(.constdata), (48 bytes).
    Removing arm_common_tables.o(.constdata), (112 bytes).
    Removing arm_common_tables.o(.constdata), (224 bytes).
    Removing arm_common_tables.o(.constdata), (480 bytes).
    Removing arm_common_tables.o(.constdata), (960 bytes).
    Removing arm_common_tables.o(.constdata), (1984 bytes).
    Removing arm_common_tables.o(.constdata), (3968 bytes).
    Removing arm_common_tables.o(.constdata), (8064 bytes).
    Removing arm_common_tables.o(.constdata), (128 bytes).
    Removing arm_common_tables.o(.constdata), (256 bytes).
    Removing arm_common_tables.o(.constdata), (512 bytes).
    Removing arm_common_tables.o(.constdata), (1024 bytes).
    Removing arm_common_tables.o(.constdata), (2048 bytes).
    Removing arm_common_tables.o(.constdata), (4096 bytes).
    Removing arm_common_tables.o(.constdata), (8192 bytes).
    Removing arm_common_tables.o(.constdata), (16384 bytes).
    Removing arm_common_tables.o(.constdata), (2052 bytes).
    Removing arm_common_tables.o(.constdata), (2052 bytes).
    Removing arm_common_tables.o(.constdata), (1026 bytes).
    Removing interface_s2j.o(i.rt_Get_cJSON), (12 bytes).

1473 unused section(s) (total 278915 bytes) removed from the image.
