Component: ARM Compiler 5.06 update 4 (build 422) Tool: armlink [4d35d2]

==============================================================================

Section Cross References

    main.o(i.main) refers to stm32f4xx_hal.o(i.HAL_Init) for HAL_Init
    main.o(i.main) refers to systemconfig.o(i.Stm32_Clock_Init) for Stm32_Clock_Init
    main.o(i.main) refers to systemconfig.o(i.SystemconfigInit) for SystemconfigInit
    main.o(i.main) refers to uartdriver.o(i.uartInit) for uartInit
    main.o(i.main) refers to led.o(i.LED_Init) for LED_Init
    main.o(i.main) refers to sdram.o(i.SDRAM_Init) for SDRAM_Init
    main.o(i.main) refers to w25qxx.o(i.W25QXX_Init) for W25QXX_Init
    main.o(i.main) refers to drv_fm25vxx.o(i.FM25VxxInit) for FM25VxxInit
    main.o(i.main) refers to iapcontrol.o(i.VersionInfo) for VersionInfo
    main.o(i.main) refers to iapcontrol.o(i.FatfsInit) for FatfsInit
    main.o(i.main) refers to systemconfig.o(i.Delay_ms) for Delay_ms
    main.o(i.main) refers to iapcontrol.o(i.IapControlInit) for IapControlInit
    main.o(i.main) refers to iapcontrol.o(i.IapControlMain) for IapControlMain
    systemconfig.o(i.Delay_ms) refers to systemconfig.o(i.Delay_us) for Delay_us
    systemconfig.o(i.Delay_us) refers to systemconfig.o(.data) for Fac_us
    systemconfig.o(i.GetTimer1IntervalTick) refers to systemconfig.o(i.GetTimer1Tick) for GetTimer1Tick
    systemconfig.o(i.GetTimer1Tick) refers to systemconfig.o(.data) for timeCount
    systemconfig.o(i.NVIC_Configuration) refers to stm32f4xx_hal_cortex.o(i.HAL_NVIC_SetPriorityGrouping) for HAL_NVIC_SetPriorityGrouping
    systemconfig.o(i.Stm32_Clock_Init) refers to stm32f4xx_hal_rcc.o(i.HAL_RCC_OscConfig) for HAL_RCC_OscConfig
    systemconfig.o(i.Stm32_Clock_Init) refers to stm32f4xx_hal_pwr_ex.o(i.HAL_PWREx_EnableOverDrive) for HAL_PWREx_EnableOverDrive
    systemconfig.o(i.Stm32_Clock_Init) refers to stm32f4xx_hal_rcc.o(i.HAL_RCC_ClockConfig) for HAL_RCC_ClockConfig
    systemconfig.o(i.SysTick_Handler) refers to led.o(i.LedRun) for LedRun
    systemconfig.o(i.SysTick_Handler) refers to systemconfig.o(.data) for timeCount
    systemconfig.o(i.SysTick_Init) refers to system_stm32f4xx.o(.data) for SystemCoreClock
    systemconfig.o(i.SysTick_Init) refers to systemconfig.o(.data) for Fac_us
    systemconfig.o(i.SystemconfigInit) refers to systemconfig.o(i.NVIC_Configuration) for NVIC_Configuration
    systemconfig.o(i.SystemconfigInit) refers to systemconfig.o(i.SysTick_Init) for SysTick_Init
    system_stm32f4xx.o(i.SystemCoreClockUpdate) refers to system_stm32f4xx.o(.data) for SystemCoreClock
    startup_stm32f429xx.o(RESET) refers to startup_stm32f429xx.o(STACK) for __initial_sp
    startup_stm32f429xx.o(RESET) refers to startup_stm32f429xx.o(.text) for Reset_Handler
    startup_stm32f429xx.o(RESET) refers to stm32f4xx_it.o(i.NMI_Handler) for NMI_Handler
    startup_stm32f429xx.o(RESET) refers to stm32f4xx_it.o(i.HardFault_Handler) for HardFault_Handler
    startup_stm32f429xx.o(RESET) refers to stm32f4xx_it.o(i.MemManage_Handler) for MemManage_Handler
    startup_stm32f429xx.o(RESET) refers to stm32f4xx_it.o(i.BusFault_Handler) for BusFault_Handler
    startup_stm32f429xx.o(RESET) refers to stm32f4xx_it.o(i.UsageFault_Handler) for UsageFault_Handler
    startup_stm32f429xx.o(RESET) refers to stm32f4xx_it.o(i.SVC_Handler) for SVC_Handler
    startup_stm32f429xx.o(RESET) refers to stm32f4xx_it.o(i.DebugMon_Handler) for DebugMon_Handler
    startup_stm32f429xx.o(RESET) refers to stm32f4xx_it.o(i.PendSV_Handler) for PendSV_Handler
    startup_stm32f429xx.o(RESET) refers to systemconfig.o(i.SysTick_Handler) for SysTick_Handler
    startup_stm32f429xx.o(.text) refers to system_stm32f4xx.o(i.SystemInit) for SystemInit
    startup_stm32f429xx.o(.text) refers to entry.o(.ARM.Collect$$$$00000000) for __main
    stm32f4xx_hal.o(i.HAL_DeInit) refers to stm32f4xx_hal.o(i.HAL_MspDeInit) for HAL_MspDeInit
    stm32f4xx_hal.o(i.HAL_Delay) refers to stm32f4xx_hal.o(i.HAL_GetTick) for HAL_GetTick
    stm32f4xx_hal.o(i.HAL_GetTick) refers to stm32f4xx_hal.o(.data) for uwTick
    stm32f4xx_hal.o(i.HAL_IncTick) refers to stm32f4xx_hal.o(.data) for uwTick
    stm32f4xx_hal.o(i.HAL_Init) refers to stm32f4xx_hal_cortex.o(i.HAL_NVIC_SetPriorityGrouping) for HAL_NVIC_SetPriorityGrouping
    stm32f4xx_hal.o(i.HAL_Init) refers to stm32f4xx_hal.o(i.HAL_InitTick) for HAL_InitTick
    stm32f4xx_hal.o(i.HAL_Init) refers to stm32f4xx_hal.o(i.HAL_MspInit) for HAL_MspInit
    stm32f4xx_hal.o(i.HAL_InitTick) refers to stm32f4xx_hal_rcc.o(i.HAL_RCC_GetHCLKFreq) for HAL_RCC_GetHCLKFreq
    stm32f4xx_hal.o(i.HAL_InitTick) refers to stm32f4xx_hal_cortex.o(i.HAL_SYSTICK_Config) for HAL_SYSTICK_Config
    stm32f4xx_hal.o(i.HAL_InitTick) refers to stm32f4xx_hal_cortex.o(i.HAL_NVIC_SetPriority) for HAL_NVIC_SetPriority
    stm32f4xx_hal_cortex.o(i.HAL_NVIC_GetPriorityGrouping) refers to stm32f4xx_hal_cortex.o(i.NVIC_GetPriorityGrouping) for NVIC_GetPriorityGrouping
[...]
    ../clib/microlib/init/entry.s            0x00000000   Number         0  entry10b.o ABSOLUTE
    ../clib/microlib/init/entry.s            0x00000000   Number         0  entry10a.o ABSOLUTE
    ../clib/microlib/longlong.c              0x00000000   Number         0  llsshr.o ABSOLUTE
    ../clib/microlib/longlong.c              0x00000000   Number         0  llushr.o ABSOLUTE
    ../clib/microlib/longlong.c              0x00000000   Number         0  llshl.o ABSOLUTE
    ../clib/microlib/printf/printf.c         0x00000000   Number         0  printfa.o ABSOLUTE
    ../clib/microlib/printf/printf.c         0x00000000   Number         0  printf7.o ABSOLUTE
    ../clib/microlib/printf/printf.c         0x00000000   Number         0  printf0.o ABSOLUTE
    ../clib/microlib/printf/printf.c         0x00000000   Number         0  printfb.o ABSOLUTE
    ../clib/microlib/printf/printf.c         0x00000000   Number         0  printf2.o ABSOLUTE
    ../clib/microlib/printf/printf.c         0x00000000   Number         0  printf1.o ABSOLUTE
    ../clib/microlib/printf/printf.c         0x00000000   Number         0  printf3.o ABSOLUTE
    ../clib/microlib/printf/printf.c         0x00000000   Number         0  printf4.o ABSOLUTE
    ../clib/microlib/printf/printf.c         0x00000000   Number         0  printf6.o ABSOLUTE
    ../clib/microlib/printf/printf.c         0x00000000   Number         0  printf5.o ABSOLUTE
    ../clib/microlib/printf/printf.c         0x00000000   Number         0  printf8.o ABSOLUTE
    ../clib/microlib/printf/stubs.s          0x00000000   Number         0  stubs.o ABSOLUTE
    ../clib/microlib/stdio/streams.c         0x00000000   Number         0  stdout.o ABSOLUTE
    ../clib/microlib/stubs.s                 0x00000000   Number         0  iusefp.o ABSOLUTE
    ../fplib/microlib/fpadd.c                0x00000000   Number         0  dadd.o ABSOLUTE
    ../fplib/microlib/fpdiv.c                0x00000000   Number         0  ddiv.o ABSOLUTE
    ../fplib/microlib/fpepilogue.c           0x00000000   Number         0  depilogue.o ABSOLUTE
    ../fplib/microlib/fpfix.c                0x00000000   Number         0  dfixul.o ABSOLUTE
    ../fplib/microlib/fpmul.c                0x00000000   Number         0  dmul.o ABSOLUTE
    ..\CORE\startup_stm32f429xx.s            0x00000000   Number         0  startup_stm32f429xx.o ABSOLUTE
    ..\FATFS\src\diskio.c                    0x00000000   Number         0  diskio.o ABSOLUTE
    ..\FATFS\src\ff.c                        0x00000000   Number         0  ff.o ABSOLUTE
    ..\HALLIB\STM32F4xx_HAL_Driver\Src\stm32f4xx_hal.c 0x00000000   Number         0  stm32f4xx_hal.o ABSOLUTE
    ..\HALLIB\STM32F4xx_HAL_Driver\Src\stm32f4xx_hal_cortex.c 0x00000000   Number         0  stm32f4xx_hal_cortex.o ABSOLUTE
    ..\HALLIB\STM32F4xx_HAL_Driver\Src\stm32f4xx_hal_dma.c 0x00000000   Number         0  stm32f4xx_hal_dma.o ABSOLUTE
    ..\HALLIB\STM32F4xx_HAL_Driver\Src\stm32f4xx_hal_flash.c 0x00000000   Number         0  stm32f4xx_hal_flash.o ABSOLUTE
    ..\HALLIB\STM32F4xx_HAL_Driver\Src\stm32f4xx_hal_flash_ex.c 0x00000000   Number         0  stm32f4xx_hal_flash_ex.o ABSOLUTE
    ..\HALLIB\STM32F4xx_HAL_Driver\Src\stm32f4xx_hal_gpio.c 0x00000000   Number         0  stm32f4xx_hal_gpio.o ABSOLUTE
    ..\HALLIB\STM32F4xx_HAL_Driver\Src\stm32f4xx_hal_iwdg.c 0x00000000   Number         0  stm32f4xx_hal_iwdg.o ABSOLUTE
    ..\HALLIB\STM32F4xx_HAL_Driver\Src\stm32f4xx_hal_pwr.c 0x00000000   Number         0  stm32f4xx_hal_pwr.o ABSOLUTE
    ..\HALLIB\STM32F4xx_HAL_Driver\Src\stm32f4xx_hal_pwr_ex.c 0x00000000   Number         0  stm32f4xx_hal_pwr_ex.o ABSOLUTE
    ..\HALLIB\STM32F4xx_HAL_Driver\Src\stm32f4xx_hal_rcc.c 0x00000000   Number         0  stm32f4xx_hal_rcc.o ABSOLUTE
    ..\HALLIB\STM32F4xx_HAL_Driver\Src\stm32f4xx_hal_rcc_ex.c 0x00000000   Number         0  stm32f4xx_hal_rcc_ex.o ABSOLUTE
    ..\HALLIB\STM32F4xx_HAL_Driver\Src\stm32f4xx_hal_sdram.c 0x00000000   Number         0  stm32f4xx_hal_sdram.o ABSOLUTE
    ..\HALLIB\STM32F4xx_HAL_Driver\Src\stm32f4xx_hal_spi.c 0x00000000   Number         0  stm32f4xx_hal_spi.o ABSOLUTE
    ..\HALLIB\STM32F4xx_HAL_Driver\Src\stm32f4xx_hal_uart.c 0x00000000   Number         0  stm32f4xx_hal_uart.o ABSOLUTE
    ..\HALLIB\STM32F4xx_HAL_Driver\Src\stm32f4xx_ll_fmc.c 0x00000000   Number         0  stm32f4xx_ll_fmc.o ABSOLUTE
    ..\HALLIB\STM32F4xx_HAL_Driver\Src\stm32f4xx_ll_fsmc.c 0x00000000   Number         0  stm32f4xx_ll_fsmc.o ABSOLUTE
    ..\HARDWARE\FM25Vxx\drv_fm25vxx.c        0x00000000   Number         0  drv_fm25vxx.o ABSOLUTE
    ..\HARDWARE\IAP\IapControl.c             0x00000000   Number         0  iapcontrol.o ABSOLUTE
    ..\HARDWARE\IAP\MainBoardBoot.c          0x00000000   Number         0  mainboardboot.o ABSOLUTE
    ..\HARDWARE\IAP\MainFlashOperate.c       0x00000000   Number         0  mainflashoperate.o ABSOLUTE
    ..\HARDWARE\IAP\uartDriver.c             0x00000000   Number         0  uartdriver.o ABSOLUTE
    ..\HARDWARE\IWDG\iwdg.c                  0x00000000   Number         0  iwdg.o ABSOLUTE
    ..\HARDWARE\LED\led.c                    0x00000000   Number         0  led.o ABSOLUTE
    ..\HARDWARE\SDRAM\sdram.c                0x00000000   Number         0  sdram.o ABSOLUTE
    ..\HARDWARE\SPI\spi.c                    0x00000000   Number         0  spi.o ABSOLUTE
    ..\HARDWARE\W25QXX\w25qxx.c              0x00000000   Number         0  w25qxx.o ABSOLUTE
    ..\SYSTEM\sys\systemconfig.c             0x00000000   Number         0  systemconfig.o ABSOLUTE
    ..\\FATFS\\src\\diskio.c                 0x00000000   Number         0  diskio.o ABSOLUTE
    ..\\HALLIB\\STM32F4xx_HAL_Driver\\Src\\stm32f4xx_hal.c 0x00000000   Number         0  stm32f4xx_hal.o ABSOLUTE
    ..\\HALLIB\\STM32F4xx_HAL_Driver\\Src\\stm32f4xx_hal_cortex.c 0x00000000   Number         0  stm32f4xx_hal_cortex.o ABSOLUTE
    ..\\HALLIB\\STM32F4xx_HAL_Driver\\Src\\stm32f4xx_hal_dma.c 0x00000000   Number         0  stm32f4xx_hal_dma.o ABSOLUTE
    ..\\HALLIB\\STM32F4xx_HAL_Driver\\Src\\stm32f4xx_hal_flash.c 0x00000000   Number         0  stm32f4xx_hal_flash.o ABSOLUTE
    ..\\HALLIB\\STM32F4xx_HAL_Driver\\Src\\stm32f4xx_hal_flash_ex.c 0x00000000   Number         0  stm32f4xx_hal_flash_ex.o ABSOLUTE
    ..\\HALLIB\\STM32F4xx_HAL_Driver\\Src\\stm32f4xx_hal_gpio.c 0x00000000   Number         0  stm32f4xx_hal_gpio.o ABSOLUTE
    ..\\HALLIB\\STM32F4xx_HAL_Driver\\Src\\stm32f4xx_hal_iwdg.c 0x00000000   Number         0  stm32f4xx_hal_iwdg.o ABSOLUTE
    ..\\HALLIB\\STM32F4xx_HAL_Driver\\Src\\stm32f4xx_hal_pwr.c 0x00000000   Number         0  stm32f4xx_hal_pwr.o ABSOLUTE
    ..\\HALLIB\\STM32F4xx_HAL_Driver\\Src\\stm32f4xx_hal_pwr_ex.c 0x00000000   Number         0  stm32f4xx_hal_pwr_ex.o ABSOLUTE
    ..\\HALLIB\\STM32F4xx_HAL_Driver\\Src\\stm32f4xx_hal_rcc.c 0x00000000   Number         0  stm32f4xx_hal_rcc.o ABSOLUTE
    ..\\HALLIB\\STM32F4xx_HAL_Driver\\Src\\stm32f4xx_hal_rcc_ex.c 0x00000000   Number         0  stm32f4xx_hal_rcc_ex.o ABSOLUTE
    ..\\HALLIB\\STM32F4xx_HAL_Driver\\Src\\stm32f4xx_hal_sdram.c 0x00000000   Number         0  stm32f4xx_hal_sdram.o ABSOLUTE
    ..\\HALLIB\\STM32F4xx_HAL_Driver\\Src\\stm32f4xx_hal_spi.c 0x00000000   Number         0  stm32f4xx_hal_spi.o ABSOLUTE
    ..\\HALLIB\\STM32F4xx_HAL_Driver\\Src\\stm32f4xx_hal_uart.c 0x00000000   Number         0  stm32f4xx_hal_uart.o ABSOLUTE
    ..\\HALLIB\\STM32F4xx_HAL_Driver\\Src\\stm32f4xx_ll_fmc.c 0x00000000   Number         0  stm32f4xx_ll_fmc.o ABSOLUTE
    ..\\HALLIB\\STM32F4xx_HAL_Driver\\Src\\stm32f4xx_ll_fsmc.c 0x00000000   Number         0  stm32f4xx_ll_fsmc.o ABSOLUTE
    ..\\HARDWARE\\FM25Vxx\\drv_fm25vxx.c     0x00000000   Number         0  drv_fm25vxx.o ABSOLUTE
    ..\\HARDWARE\\IAP\\IapControl.c          0x00000000   Number         0  iapcontrol.o ABSOLUTE
    ..\\HARDWARE\\IAP\\MainBoardBoot.c       0x00000000   Number         0  mainboardboot.o ABSOLUTE
    ..\\HARDWARE\\IAP\\MainFlashOperate.c    0x00000000   Number         0  mainflashoperate.o ABSOLUTE
    ..\\HARDWARE\\IAP\\uartDriver.c          0x00000000   Number         0  uartdriver.o ABSOLUTE
    ..\\HARDWARE\\IWDG\\iwdg.c               0x00000000   Number         0  iwdg.o ABSOLUTE
    ..\\HARDWARE\\LED\\led.c                 0x00000000   Number         0  led.o ABSOLUTE
    ..\\HARDWARE\\SDRAM\\sdram.c             0x00000000   Number         0  sdram.o ABSOLUTE
    ..\\HARDWARE\\SPI\\spi.c                 0x00000000   Number         0  spi.o ABSOLUTE
    ..\\HARDWARE\\W25QXX\\w25qxx.c           0x00000000   Number         0  w25qxx.o ABSOLUTE
    ..\\SYSTEM\\sys\\systemconfig.c          0x00000000   Number         0  systemconfig.o ABSOLUTE
    cdrcmple.s                               0x00000000   Number         0  cdrcmple.o ABSOLUTE
    dc.s                                     0x00000000   Number         0  dc.o ABSOLUTE
    handlers.s                               0x00000000   Number         0  handlers.o ABSOLUTE
    init.s                                   0x00000000   Number         0  init.o ABSOLUTE
    main.c                                   0x00000000   Number         0  main.o ABSOLUTE
    main.c                                   0x00000000   Number         0  main.o ABSOLUTE
    stm32f4xx_it.c                           0x00000000   Number         0  stm32f4xx_it.o ABSOLUTE
    stm32f4xx_it.c                           0x00000000   Number         0  stm32f4xx_it.o ABSOLUTE
    system_stm32f4xx.c                       0x00000000   Number         0  system_stm32f4xx.o ABSOLUTE
    system_stm32f4xx.c                       0x00000000   Number         0  system_stm32f4xx.o ABSOLUTE
    RESET                                    0x08000000   Section      428  startup_stm32f429xx.o(RESET)
    .ARM.Collect$$$$00000000                 0x080001ac   Section        0  entry.o(.ARM.Collect$$$$00000000)
    .ARM.Collect$$$$00000001                 0x080001ac   Section        4  entry2.o(.ARM.Collect$$$$00000001)
    .ARM.Collect$$$$00000004                 0x080001b0   Section        4  entry5.o(.ARM.Collect$$$$00000004)
    .ARM.Collect$$$$00000008                 0x080001b4   Section        0  entry7b.o(.ARM.Collect$$$$00000008)
    .ARM.Collect$$$$0000000A                 0x080001b4   Section        0  entry8b.o(.ARM.Collect$$$$0000000A)
    .ARM.Collect$$$$0000000B                 0x080001b4   Section        8  entry9a.o(.ARM.Collect$$$$0000000B)
    .ARM.Collect$$$$0000000D                 0x080001bc   Section        0  entry10a.o(.ARM.Collect$$$$0000000D)
    .ARM.Collect$$$$0000000F                 0x080001bc   Section        0  entry11a.o(.ARM.Collect$$$$0000000F)
    .ARM.Collect$$$$00002712                 0x080001bc   Section        4  entry2.o(.ARM.Collect$$$$00002712)
    __lit__00000000                          0x080001bc   Data           4  entry2.o(.ARM.Collect$$$$00002712)
    .text                                    0x080001c0   Section       36  startup_stm32f429xx.o(.text)
    $v0                                      0x080001c0   Number         0  startup_stm32f429xx.o(.text)
    .text                                    0x080001e4   Section        0  uldiv.o(.text)
    .text                                    0x08000248   Section       36  init.o(.text)
    .text                                    0x0800026c   Section        0  llshl.o(.text)
    .text                                    0x0800028a   Section        0  llushr.o(.text)
    i.BusFault_Handler                       0x080002aa   Section        0  stm32f4xx_it.o(i.BusFault_Handler)
    i.DebugMon_Handler                       0x080002ae   Section        0  stm32f4xx_it.o(i.DebugMon_Handler)
    i.Delay_ms                               0x080002b0   Section        0  systemconfig.o(i.Delay_ms)
    i.Delay_us                               0x080002c4   Section        0  systemconfig.o(i.Delay_us)
    i.EreaseProgram                          0x08000310   Section        0  mainflashoperate.o(i.EreaseProgram)
    i.FLASH_Erase_Sector                     0x0800038c   Section        0  stm32f4xx_hal_flash_ex.o(i.FLASH_Erase_Sector)
    i.FLASH_FlushCaches                      0x080003f8   Section        0  stm32f4xx_hal_flash_ex.o(i.FLASH_FlushCaches)
    i.FLASH_MassErase                        0x08000470   Section        0  stm32f4xx_hal_flash_ex.o(i.FLASH_MassErase)
    FLASH_MassErase                          0x08000471   Thumb Code    88  stm32f4xx_hal_flash_ex.o(i.FLASH_MassErase)
    i.FLASH_Program_Byte                     0x080004cc   Section        0  stm32f4xx_hal_flash.o(i.FLASH_Program_Byte)
    FLASH_Program_Byte                       0x080004cd   Thumb Code    32  stm32f4xx_hal_flash.o(i.FLASH_Program_Byte)
    i.FLASH_Program_DoubleWord               0x080004f0   Section        0  stm32f4xx_hal_flash.o(i.FLASH_Program_DoubleWord)
    FLASH_Program_DoubleWord                 0x080004f1   Thumb Code    40  stm32f4xx_hal_flash.o(i.FLASH_Program_DoubleWord)
    i.FLASH_Program_HalfWord                 0x0800051c   Section        0  stm32f4xx_hal_flash.o(i.FLASH_Program_HalfWord)
    FLASH_Program_HalfWord                   0x0800051d   Thumb Code    36  stm32f4xx_hal_flash.o(i.FLASH_Program_HalfWord)
    i.FLASH_Program_Word                     0x08000544   Section        0  stm32f4xx_hal_flash.o(i.FLASH_Program_Word)
    FLASH_Program_Word                       0x08000545   Thumb Code    36  stm32f4xx_hal_flash.o(i.FLASH_Program_Word)
    i.FLASH_SetErrorCode                     0x0800056c   Section        0  stm32f4xx_hal_flash.o(i.FLASH_SetErrorCode)
    FLASH_SetErrorCode                       0x0800056d   Thumb Code   172  stm32f4xx_hal_flash.o(i.FLASH_SetErrorCode)
    i.FLASH_WaitForLastOperation             0x08000620   Section        0  stm32f4xx_hal_flash.o(i.FLASH_WaitForLastOperation)
    i.FM25VxxInit                            0x08000690   Section        0  drv_fm25vxx.o(i.FM25VxxInit)
    i.FM25VxxReadData                        0x08000698   Section        0  drv_fm25vxx.o(i.FM25VxxReadData)
    i.FM25VxxUseKill                         0x0800073c   Section        0  drv_fm25vxx.o(i.FM25VxxUseKill)
    i.FM25VxxWriteData                       0x08000750   Section        0  drv_fm25vxx.o(i.FM25VxxWriteData)
    i.FMC_SDRAM_DeInit                       0x08000828   Section        0  stm32f4xx_ll_fmc.o(i.FMC_SDRAM_DeInit)
    i.FMC_SDRAM_Init                         0x08000848   Section        0  stm32f4xx_ll_fmc.o(i.FMC_SDRAM_Init)
    i.FMC_SDRAM_ProgramRefreshRate           0x080008bc   Section        0  stm32f4xx_ll_fmc.o(i.FMC_SDRAM_ProgramRefreshRate)
    i.FMC_SDRAM_SendCommand                  0x080008ca   Section        0  stm32f4xx_ll_fmc.o(i.FMC_SDRAM_SendCommand)
    i.FMC_SDRAM_Timing_Init                  0x0800091c   Section        0  stm32f4xx_ll_fmc.o(i.FMC_SDRAM_Timing_Init)
    i.FatfsInit                              0x080009b4   Section        0  iapcontrol.o(i.FatfsInit)
    i.FatfsReFormat                          0x08000a04   Section        0  iapcontrol.o(i.FatfsReFormat)
    i.GetFatfsInfo                           0x08000a4c   Section        0  iapcontrol.o(i.GetFatfsInfo)
    i.HAL_FLASHEx_Erase                      0x08000ac0   Section        0  stm32f4xx_hal_flash_ex.o(i.HAL_FLASHEx_Erase)
    i.HAL_FLASH_Program                      0x08000b70   Section        0  stm32f4xx_hal_flash.o(i.HAL_FLASH_Program)
    i.HAL_FLASH_Unlock                       0x08000c08   Section        0  stm32f4xx_hal_flash.o(i.HAL_FLASH_Unlock)
    i.HAL_GPIO_Init                          0x08000c34   Section        0  stm32f4xx_hal_gpio.o(i.HAL_GPIO_Init)
    i.HAL_GPIO_ReadPin                       0x08000e50   Section        0  stm32f4xx_hal_gpio.o(i.HAL_GPIO_ReadPin)
    i.HAL_GPIO_WritePin                      0x08000e60   Section        0  stm32f4xx_hal_gpio.o(i.HAL_GPIO_WritePin)
    i.HAL_GetTick                            0x08000e6c   Section        0  stm32f4xx_hal.o(i.HAL_GetTick)
    i.HAL_Init                               0x08000e78   Section        0  stm32f4xx_hal.o(i.HAL_Init)
    i.HAL_InitTick                           0x08000eb4   Section        0  stm32f4xx_hal.o(i.HAL_InitTick)
    i.HAL_MspInit                            0x08000ed8   Section        0  stm32f4xx_hal.o(i.HAL_MspInit)
    i.HAL_NVIC_SetPriority                   0x08000ee2   Section        0  stm32f4xx_hal_cortex.o(i.HAL_NVIC_SetPriority)
    i.HAL_NVIC_SetPriorityGrouping           0x08000f60   Section        0  stm32f4xx_hal_cortex.o(i.HAL_NVIC_SetPriorityGrouping)
    i.HAL_PWREx_EnableOverDrive              0x08000f88   Section        0  stm32f4xx_hal_pwr_ex.o(i.HAL_PWREx_EnableOverDrive)
    i.HAL_RCC_ClockConfig                    0x0800102c   Section        0  stm32f4xx_hal_rcc.o(i.HAL_RCC_ClockConfig)
    i.HAL_RCC_GetHCLKFreq                    0x080012dc   Section        0  stm32f4xx_hal_rcc.o(i.HAL_RCC_GetHCLKFreq)
    i.HAL_RCC_GetPCLK1Freq                   0x08001314   Section        0  stm32f4xx_hal_rcc.o(i.HAL_RCC_GetPCLK1Freq)
    i.HAL_RCC_GetPCLK2Freq                   0x08001340   Section        0  stm32f4xx_hal_rcc.o(i.HAL_RCC_GetPCLK2Freq)
    i.HAL_RCC_GetSysClockFreq                0x0800136c   Section        0  stm32f4xx_hal_rcc.o(i.HAL_RCC_GetSysClockFreq)
    i.HAL_RCC_OscConfig                      0x08001420   Section        0  stm32f4xx_hal_rcc.o(i.HAL_RCC_OscConfig)
    i.HAL_SDRAM_DeInit                       0x08001828   Section        0  stm32f4xx_hal_sdram.o(i.HAL_SDRAM_DeInit)
    i.HAL_SDRAM_Init                         0x0800184a   Section        0  stm32f4xx_hal_sdram.o(i.HAL_SDRAM_Init)
    i.HAL_SDRAM_MspDeInit                    0x0800188a   Section        0  stm32f4xx_hal_sdram.o(i.HAL_SDRAM_MspDeInit)
    i.HAL_SDRAM_MspInit                      0x0800188c   Section        0  sdram.o(i.HAL_SDRAM_MspInit)
    i.HAL_SDRAM_ProgramRefreshRate           0x080019c0   Section        0  stm32f4xx_hal_sdram.o(i.HAL_SDRAM_ProgramRefreshRate)
    i.HAL_SDRAM_SendCommand                  0x080019e8   Section        0  stm32f4xx_hal_sdram.o(i.HAL_SDRAM_SendCommand)
    i.HAL_SPI_DeInit                         0x08001a22   Section        0  stm32f4xx_hal_spi.o(i.HAL_SPI_DeInit)
    i.HAL_SPI_Init                           0x08001a52   Section        0  stm32f4xx_hal_spi.o(i.HAL_SPI_Init)
    i.HAL_SPI_MspDeInit                      0x08001ada   Section        0  stm32f4xx_hal_spi.o(i.HAL_SPI_MspDeInit)
    i.HAL_SPI_MspInit                        0x08001adc   Section        0  spi.o(i.HAL_SPI_MspInit)
    i.HAL_SPI_TransmitReceive                0x08001b50   Section        0  stm32f4xx_hal_spi.o(i.HAL_SPI_TransmitReceive)
    i.HAL_SYSTICK_Config                     0x08001ea2   Section        0  stm32f4xx_hal_cortex.o(i.HAL_SYSTICK_Config)
    i.HAL_UART_Init                          0x08001ed6   Section        0  stm32f4xx_hal_uart.o(i.HAL_UART_Init)
    i.HAL_UART_MspInit                       0x08001f44   Section        0  stm32f4xx_hal_uart.o(i.HAL_UART_MspInit)
    i.HardFault_Handler                      0x08001f46   Section        0  stm32f4xx_it.o(i.HardFault_Handler)
    i.IO_SPI1_Init                           0x08001f4c   Section        0  drv_fm25vxx.o(i.IO_SPI1_Init)
    i.IO_SPI1_ReadWriteByte                  0x08001fac   Section        0  drv_fm25vxx.o(i.IO_SPI1_ReadWriteByte)
    i.IapControlInit                         0x08002010   Section        0  iapcontrol.o(i.IapControlInit)
    i.IapControlMain                         0x08002038   Section        0  iapcontrol.o(i.IapControlMain)
    i.IapLoadApp                             0x0800215c   Section        0  mainflashoperate.o(i.IapLoadApp)
    i.LED_Init                               0x080021cc   Section        0  led.o(i.LED_Init)
    i.LedRun                                 0x08002230   Section        0  led.o(i.LedRun)
    i.MainProgramBack                        0x08002280   Section        0  mainboardboot.o(i.MainProgramBack)
    i.MemManage_Handler                      0x080023ec   Section        0  stm32f4xx_it.o(i.MemManage_Handler)
    i.ModfiyPowerOnCount                     0x080023f0   Section        0  iapcontrol.o(i.ModfiyPowerOnCount)
    i.NMI_Handler                            0x08002438   Section        0  stm32f4xx_it.o(i.NMI_Handler)
    i.NVIC_Configuration                     0x0800243a   Section        0  systemconfig.o(i.NVIC_Configuration)
    i.NVIC_GetPriorityGrouping               0x08002444   Section        0  stm32f4xx_hal_cortex.o(i.NVIC_GetPriorityGrouping)
    NVIC_GetPriorityGrouping                 0x08002445   Thumb Code    10  stm32f4xx_hal_cortex.o(i.NVIC_GetPriorityGrouping)
    i.NVIC_SetPriority                       0x08002454   Section        0  stm32f4xx_hal_cortex.o(i.NVIC_SetPriority)
    NVIC_SetPriority                         0x08002455   Thumb Code    32  stm32f4xx_hal_cortex.o(i.NVIC_SetPriority)
    i.PendSV_Handler                         0x0800247c   Section        0  stm32f4xx_it.o(i.PendSV_Handler)
    i.ReadProgram                            0x08002480   Section        0  mainflashoperate.o(i.ReadProgram)
    i.ReadProgramState                       0x08002528   Section        0  iapcontrol.o(i.ReadProgramState)
    i.SDRAMUseKill                           0x080025fc   Section        0  sdram.o(i.SDRAMUseKill)
    i.SDRAM_Init                             0x08002654   Section        0  sdram.o(i.SDRAM_Init)
    i.SDRAM_Initialization_Sequence          0x080026bc   Section        0  sdram.o(i.SDRAM_Initialization_Sequence)
    i.SDRAM_Send_Cmd                         0x08002710   Section        0  sdram.o(i.SDRAM_Send_Cmd)
    i.SPI4_Init                              0x08002758   Section        0  spi.o(i.SPI4_Init)
    i.SPI4_ReadWriteByte                     0x080027b0   Section        0  spi.o(i.SPI4_ReadWriteByte)
    i.SPI4_SetSpeed                          0x080027d0   Section        0  spi.o(i.SPI4_SetSpeed)
    i.SPI_WaitOnFlagUntilTimeout             0x08002818   Section        0  stm32f4xx_hal_spi.o(i.SPI_WaitOnFlagUntilTimeout)
    SPI_WaitOnFlagUntilTimeout               0x08002819   Thumb Code   276  stm32f4xx_hal_spi.o(i.SPI_WaitOnFlagUntilTimeout)
    i.SVC_Handler                            0x0800292c   Section        0  stm32f4xx_it.o(i.SVC_Handler)
    i.SaveMainProgram                        0x08002930   Section        0  mainboardboot.o(i.SaveMainProgram)
    i.ShutdownbootUse                        0x08002a58   Section        0  mainflashoperate.o(i.ShutdownbootUse)
    i.SpiUseKill                             0x08002a80   Section        0  spi.o(i.SpiUseKill)
    i.Stm32_Clock_Init                       0x08002ab0   Section        0  systemconfig.o(i.Stm32_Clock_Init)
    i.SysTick_Handler                        0x08002b68   Section        0  systemconfig.o(i.SysTick_Handler)
    i.SysTick_Init                           0x08002b80   Section        0  systemconfig.o(i.SysTick_Init)
    i.SystemInit                             0x08002c0c   Section        0  system_stm32f4xx.o(i.SystemInit)
    i.SystemconfigInit                       0x08002c70   Section        0  systemconfig.o(i.SystemconfigInit)
    i.UART_SetConfig                         0x08002c80   Section        0  stm32f4xx_hal_uart.o(i.UART_SetConfig)
    UART_SetConfig                           0x08002c81   Thumb Code   538  stm32f4xx_hal_uart.o(i.UART_SetConfig)
    i.UartUseKill                            0x08002ea4   Section        0  uartdriver.o(i.UartUseKill)
    i.UpadaProgramCheck                      0x08002ee4   Section        0  iapcontrol.o(i.UpadaProgramCheck)
    i.UpdataMainProgram                      0x08002f2c   Section        0  mainboardboot.o(i.UpdataMainProgram)
    i.UsageFault_Handler                     0x08002ff0   Section        0  stm32f4xx_it.o(i.UsageFault_Handler)
    i.VersionInfo                            0x08002ff4   Section        0  iapcontrol.o(i.VersionInfo)
    i.W25QXX_Erase_Sector                    0x08003060   Section        0  w25qxx.o(i.W25QXX_Erase_Sector)
    i.W25QXX_Init                            0x080030b8   Section        0  w25qxx.o(i.W25QXX_Init)
    i.W25QXX_Read                            0x08003150   Section        0  w25qxx.o(i.W25QXX_Read)
    i.W25QXX_ReadID                          0x080031b4   Section        0  w25qxx.o(i.W25QXX_ReadID)
    i.W25QXX_ReadSR                          0x080031fc   Section        0  w25qxx.o(i.W25QXX_ReadSR)
    i.W25QXX_Wait_Busy                       0x0800324c   Section        0  w25qxx.o(i.W25QXX_Wait_Busy)
    i.W25QXX_Write                           0x08003260   Section        0  w25qxx.o(i.W25QXX_Write)
    i.W25QXX_Write_Enable                    0x08003318   Section        0  w25qxx.o(i.W25QXX_Write_Enable)
    i.W25QXX_Write_NoCheck                   0x08003338   Section        0  w25qxx.o(i.W25QXX_Write_NoCheck)
    i.W25QXX_Write_Page                      0x08003380   Section        0  w25qxx.o(i.W25QXX_Write_Page)
    i.W25qxxUseKill                          0x080033ec   Section        0  w25qxx.o(i.W25qxxUseKill)
    i.WriteProgram                           0x08003404   Section        0  mainflashoperate.o(i.WriteProgram)
    i.__0printf$8                            0x080034f4   Section        0  printf8.o(i.__0printf$8)
    i.__scatterload_copy                     0x08003514   Section       14  handlers.o(i.__scatterload_copy)
    i.__scatterload_null                     0x08003522   Section        2  handlers.o(i.__scatterload_null)
    i.__scatterload_zeroinit                 0x08003524   Section       14  handlers.o(i.__scatterload_zeroinit)
    i._printf_core                           0x08003534   Section        0  printf8.o(i._printf_core)
    _printf_core                             0x08003535   Thumb Code   996  printf8.o(i._printf_core)
    i._printf_post_padding                   0x08003944   Section        0  printf8.o(i._printf_post_padding)
    _printf_post_padding                     0x08003945   Thumb Code    36  printf8.o(i._printf_post_padding)
    i._printf_pre_padding                    0x08003968   Section        0  printf8.o(i._printf_pre_padding)
    _printf_pre_padding                      0x08003969   Thumb Code    46  printf8.o(i._printf_pre_padding)
    i.check_fs                               0x08003998   Section        0  ff.o(i.check_fs)
    check_fs                                 0x08003999   Thumb Code    96  ff.o(i.check_fs)
    i.chk_chr                                0x080039fc   Section        0  ff.o(i.chk_chr)
    chk_chr                                  0x080039fd   Thumb Code    20  ff.o(i.chk_chr)
    i.clmt_clust                             0x08003a10   Section        0  ff.o(i.clmt_clust)
    clmt_clust                               0x08003a11   Thumb Code    50  ff.o(i.clmt_clust)
    i.clust2sect                             0x08003a42   Section        0  ff.o(i.clust2sect)
    clust2sect                               0x08003a43   Thumb Code    26  ff.o(i.clust2sect)
    i.create_chain                           0x08003a5c   Section        0  ff.o(i.create_chain)
    create_chain                             0x08003a5d   Thumb Code   224  ff.o(i.create_chain)
    i.create_name                            0x08003b3c   Section        0  ff.o(i.create_name)
    create_name                              0x08003b3d   Thumb Code   268  ff.o(i.create_name)
    i.dir_alloc                              0x08003c58   Section        0  ff.o(i.dir_alloc)
    dir_alloc                                0x08003c59   Thumb Code    96  ff.o(i.dir_alloc)
    i.dir_find                               0x08003cb8   Section        0  ff.o(i.dir_find)
    dir_find                                 0x08003cb9   Thumb Code   106  ff.o(i.dir_find)
    i.dir_next                               0x08003d22   Section        0  ff.o(i.dir_next)
    dir_next                                 0x08003d23   Thumb Code   268  ff.o(i.dir_next)
    i.dir_read                               0x08003e2e   Section        0  ff.o(i.dir_read)
    dir_read                                 0x08003e2f   Thumb Code   116  ff.o(i.dir_read)
    i.dir_register                           0x08003ea2   Section        0  ff.o(i.dir_register)
    dir_register                             0x08003ea3   Thumb Code    58  ff.o(i.dir_register)
    i.dir_sdi                                0x08003edc   Section        0  ff.o(i.dir_sdi)
    dir_sdi                                  0x08003edd   Thumb Code   154  ff.o(i.dir_sdi)
    i.disk_initialize                        0x08003f76   Section        0  diskio.o(i.disk_initialize)
    i.disk_ioctl                             0x08003f94   Section        0  diskio.o(i.disk_ioctl)
    i.disk_read                              0x08003fd4   Section        0  diskio.o(i.disk_read)
    i.disk_status                            0x08004026   Section        0  diskio.o(i.disk_status)
    i.disk_write                             0x0800402c   Section        0  diskio.o(i.disk_write)
    i.f_close                                0x0800407e   Section        0  ff.o(i.f_close)
    i.f_getfree                              0x080040a4   Section        0  ff.o(i.f_getfree)
    i.f_mkfs                                 0x080041a0   Section        0  ff.o(i.f_mkfs)
    i.f_mount                                0x08004710   Section        0  ff.o(i.f_mount)
    i.f_open                                 0x0800476c   Section        0  ff.o(i.f_open)
    i.f_read                                 0x080048d4   Section        0  ff.o(i.f_read)
    i.f_setlabel                             0x08004a80   Section        0  ff.o(i.f_setlabel)
    i.f_sync                                 0x08004bc8   Section        0  ff.o(i.f_sync)
    i.f_write                                0x08004c68   Section        0  ff.o(i.f_write)
    i.find_volume                            0x08004e58   Section        0  ff.o(i.find_volume)
    find_volume                              0x08004e59   Thumb Code   738  ff.o(i.find_volume)
    i.follow_path                            0x0800514c   Section        0  ff.o(i.follow_path)
    follow_path                              0x0800514d   Thumb Code   162  ff.o(i.follow_path)
    i.fputc                                  0x080051f0   Section        0  uartdriver.o(i.fputc)
    i.get_fat                                0x0800520c   Section        0  ff.o(i.get_fat)
    get_fat                                  0x0800520d   Thumb Code   224  ff.o(i.get_fat)
    i.get_fattime                            0x080052ec   Section        0  diskio.o(i.get_fattime)
    i.get_ldnumber                           0x080052f0   Section        0  ff.o(i.get_ldnumber)
    get_ldnumber                             0x080052f1   Thumb Code    72  ff.o(i.get_ldnumber)
    i.ld_clust                               0x08005338   Section        0  ff.o(i.ld_clust)
    ld_clust                                 0x08005339   Thumb Code    38  ff.o(i.ld_clust)
    i.ld_dword                               0x0800535e   Section        0  ff.o(i.ld_dword)
    ld_dword                                 0x0800535f   Thumb Code    24  ff.o(i.ld_dword)
    i.ld_word                                0x08005376   Section        0  ff.o(i.ld_word)
    ld_word                                  0x08005377   Thumb Code    12  ff.o(i.ld_word)
    i.ledUseKill                             0x08005384   Section        0  led.o(i.ledUseKill)
    i.main                                   0x08005398   Section        0  main.o(i.main)
    i.mem_cmp                                0x080053de   Section        0  ff.o(i.mem_cmp)
    mem_cmp                                  0x080053df   Thumb Code    36  ff.o(i.mem_cmp)
    i.mem_cpy                                0x08005402   Section        0  ff.o(i.mem_cpy)
    mem_cpy                                  0x08005403   Thumb Code    26  ff.o(i.mem_cpy)
    i.mem_set                                0x0800541c   Section        0  ff.o(i.mem_set)
    mem_set                                  0x0800541d   Thumb Code    18  ff.o(i.mem_set)
    i.move_window                            0x0800542e   Section        0  ff.o(i.move_window)
    move_window                              0x0800542f   Thumb Code    52  ff.o(i.move_window)
    i.put_fat                                0x08005462   Section        0  ff.o(i.put_fat)
    put_fat                                  0x08005463   Thumb Code   312  ff.o(i.put_fat)
    i.remove_chain                           0x0800559a   Section        0  ff.o(i.remove_chain)
    remove_chain                             0x0800559b   Thumb Code   150  ff.o(i.remove_chain)
    i.st_clust                               0x08005630   Section        0  ff.o(i.st_clust)
    st_clust                                 0x08005631   Thumb Code    36  ff.o(i.st_clust)
    i.st_dword                               0x08005654   Section        0  ff.o(i.st_dword)
    st_dword                                 0x08005655   Thumb Code    24  ff.o(i.st_dword)
    i.st_word                                0x0800566c   Section        0  ff.o(i.st_word)
    st_word                                  0x0800566d   Thumb Code    12  ff.o(i.st_word)
    i.sync_fs                                0x08005678   Section        0  ff.o(i.sync_fs)
    sync_fs                                  0x08005679   Thumb Code   134  ff.o(i.sync_fs)
    i.sync_window                            0x08005708   Section        0  ff.o(i.sync_window)
    sync_window                              0x08005709   Thumb Code    82  ff.o(i.sync_window)
    i.uart5Config                            0x0800575c   Section        0  uartdriver.o(i.uart5Config)
    uart5Config                              0x0800575d   Thumb Code    88  uartdriver.o(i.uart5Config)
    i.uart5GpioConfig                        0x080057c0   Section        0  uartdriver.o(i.uart5GpioConfig)
    uart5GpioConfig                          0x080057c1   Thumb Code   128  uartdriver.o(i.uart5GpioConfig)
    i.uartInit                               0x0800584c   Section        0  uartdriver.o(i.uartInit)
    i.validate                               0x08005858   Section        0  ff.o(i.validate)
    validate                                 0x08005859   Thumb Code    66  ff.o(i.validate)
    .constdata                               0x0800589a   Section       16  stm32f4xx_hal_rcc.o(.constdata)
    .constdata                               0x080058aa   Section       60  ff.o(.constdata)
    badchr                                   0x080058aa   Data          16  ff.o(.constdata)
    vst                                      0x080058ba   Data          22  ff.o(.constdata)
    cst                                      0x080058d0   Data          22  ff.o(.constdata)
    .conststring                             0x080058e8   Section        6  mainboardboot.o(.conststring)
    .data                                    0x20000000   Section        8  systemconfig.o(.data)
    Fac_us                                   0x20000000   Data           4  systemconfig.o(.data)
    timeCount                                0x20000004   Data           4  systemconfig.o(.data)
    .data                                    0x20000008   Section       20  system_stm32f4xx.o(.data)
    .data                                    0x2000001c   Section        4  stm32f4xx_hal.o(.data)
    uwTick                                   0x2000001c   Data           4  stm32f4xx_hal.o(.data)
    .data                                    0x20000020   Section        5  led.o(.data)
    .data                                    0x20000026   Section        2  w25qxx.o(.data)
    .data                                    0x20000028   Section        5  iapcontrol.o(.data)
    pRunState                                0x20000029   Data           4  iapcontrol.o(.data)
    .data                                    0x20000030   Section        4  mainflashoperate.o(.data)
    jump2app                                 0x20000030   Data           4  mainflashoperate.o(.data)
    .data                                    0x20000034   Section        4  mainboardboot.o(.data)
    mainName                                 0x20000034   Data           4  mainboardboot.o(.data)
    .data                                    0x20000038   Section        6  ff.o(.data)
    FatFs                                    0x20000038   Data           4  ff.o(.data)
    Fsid                                     0x2000003c   Data           2  ff.o(.data)
    .data                                    0x20000040   Section        4  stdout.o(.data)
    .bss                                     0x20000044   Section       32  stm32f4xx_hal_flash.o(.bss)
    .bss                                     0x20000064   Section       88  spi.o(.bss)
    .bss                                     0x200000bc   Section     4096  w25qxx.o(.bss)
    .bss                                     0x200010bc   Section       52  sdram.o(.bss)
    .bss                                     0x200010f0   Section       64  uartdriver.o(.bss)
    .bss                                     0x20001130   Section      560  iapcontrol.o(.bss)
    fs                                       0x20001130   Data         560  iapcontrol.o(.bss)
    .bss                                     0x20001360   Section     4652  mainboardboot.o(.bss)
    mainfile                                 0x20001360   Data         556  mainboardboot.o(.bss)
    writefilebuff                            0x2000158c   Data        4096  mainboardboot.o(.bss)
    STACK                                    0x20002590   Section     1024  startup_stm32f429xx.o(STACK)

    Global Symbols

    Symbol Name                              Value     Ov Type        Size  Object(Section)

    BuildAttributes$$THM_ISAv4$E$P$D$K$B$S$7EM$VFPi3$EXTD16$VFPS$VFMA$PE$A:L22UL41UL21$X:L11$S22US41US21$IEEE1$IW$USESV6$~STKCKD$USESV7$~SHL$OSPACE$ROPI$EBA8$MICROLIB$REQ8$PRES8$EABIv2 0x00000000   Number         0  anon$$obj.o ABSOLUTE
    __ARM_use_no_argv                        0x00000000   Number         0  main.o ABSOLUTE
    _printf_a                                0x00000000   Number         0  stubs.o ABSOLUTE
    _printf_c                                0x00000000   Number         0  stubs.o ABSOLUTE
    _printf_charcount                        0x00000000   Number         0  stubs.o ABSOLUTE
    _printf_d                                0x00000000   Number         0  stubs.o ABSOLUTE
    _printf_e                                0x00000000   Number         0  stubs.o ABSOLUTE
    _printf_f                                0x00000000   Number         0  stubs.o ABSOLUTE
    _printf_flags                            0x00000000   Number         0  stubs.o ABSOLUTE
    _printf_fp_dec                           0x00000000   Number         0  stubs.o ABSOLUTE
    _printf_fp_hex                           0x00000000   Number         0  stubs.o ABSOLUTE
    _printf_g                                0x00000000   Number         0  stubs.o ABSOLUTE
    _printf_i                                0x00000000   Number         0  stubs.o ABSOLUTE
    _printf_int_dec                          0x00000000   Number         0  stubs.o ABSOLUTE
    _printf_l                                0x00000000   Number         0  stubs.o ABSOLUTE
    _printf_lc                               0x00000000   Number         0  stubs.o ABSOLUTE
    _printf_ll                               0x00000000   Number         0  stubs.o ABSOLUTE
    _printf_lld                              0x00000000   Number         0  stubs.o ABSOLUTE
    _printf_lli                              0x00000000   Number         0  stubs.o ABSOLUTE
    _printf_llo                              0x00000000   Number         0  stubs.o ABSOLUTE
    _printf_llu                              0x00000000   Number         0  stubs.o ABSOLUTE
    _printf_llx                              0x00000000   Number         0  stubs.o ABSOLUTE
    _printf_longlong_dec                     0x00000000   Number         0  stubs.o ABSOLUTE
    _printf_longlong_hex                     0x00000000   Number         0  stubs.o ABSOLUTE
    _printf_longlong_oct                     0x00000000   Number         0  stubs.o ABSOLUTE
    _printf_ls                               0x00000000   Number         0  stubs.o ABSOLUTE
    _printf_mbtowc                           0x00000000   Number         0  stubs.o ABSOLUTE
    _printf_n                                0x00000000   Number         0  stubs.o ABSOLUTE
    _printf_o                                0x00000000   Number         0  stubs.o ABSOLUTE
    _printf_p                                0x00000000   Number         0  stubs.o ABSOLUTE
    _printf_percent                          0x00000000   Number         0  stubs.o ABSOLUTE
    _printf_pre_padding                      0x00000000   Number         0  stubs.o ABSOLUTE
    _printf_return_value                     0x00000000   Number         0  stubs.o ABSOLUTE
    _printf_s                                0x00000000   Number         0  stubs.o ABSOLUTE
    _printf_sizespec                         0x00000000   Number         0  stubs.o ABSOLUTE
    _printf_str                              0x00000000   Number         0  stubs.o ABSOLUTE
    _printf_truncate_signed                  0x00000000   Number         0  stubs.o ABSOLUTE
    _printf_truncate_unsigned                0x00000000   Number         0  stubs.o ABSOLUTE
    _printf_u                                0x00000000   Number         0  stubs.o ABSOLUTE
    _printf_wc                               0x00000000   Number         0  stubs.o ABSOLUTE
    _printf_wctomb                           0x00000000   Number         0  stubs.o ABSOLUTE
    _printf_widthprec                        0x00000000   Number         0  stubs.o ABSOLUTE
    _printf_x                                0x00000000   Number         0  stubs.o ABSOLUTE
    __cpp_initialize__aeabi_                  - Undefined Weak Reference
    __cxa_finalize                            - Undefined Weak Reference
    __decompress                              - Undefined Weak Reference
    _clock_init                               - Undefined Weak Reference
    _microlib_exit                            - Undefined Weak Reference
    __Vectors_Size                           0x000001ac   Number         0  startup_stm32f429xx.o ABSOLUTE
    __Vectors                                0x08000000   Data           4  startup_stm32f429xx.o(RESET)
    __Vectors_End                            0x080001ac   Data           0  startup_stm32f429xx.o(RESET)
    __main                                   0x080001ad   Thumb Code     0  entry.o(.ARM.Collect$$$$00000000)
    _main_stk                                0x080001ad   Thumb Code     0  entry2.o(.ARM.Collect$$$$00000001)
    _main_scatterload                        0x080001b1   Thumb Code     0  entry5.o(.ARM.Collect$$$$00000004)
    __main_after_scatterload                 0x080001b5   Thumb Code     0  entry5.o(.ARM.Collect$$$$00000004)
    _main_clock                              0x080001b5   Thumb Code     0  entry7b.o(.ARM.Collect$$$$00000008)
    _main_cpp_init                           0x080001b5   Thumb Code     0  entry8b.o(.ARM.Collect$$$$0000000A)
    _main_init                               0x080001b5   Thumb Code     0  entry9a.o(.ARM.Collect$$$$0000000B)
    __rt_final_cpp                           0x080001bd   Thumb Code     0  entry10a.o(.ARM.Collect$$$$0000000D)
    __rt_final_exit                          0x080001bd   Thumb Code     0  entry11a.o(.ARM.Collect$$$$0000000F)
    Reset_Handler                            0x080001c1   Thumb Code     8  startup_stm32f429xx.o(.text)
    ADC_IRQHandler                           0x080001db   Thumb Code     0  startup_stm32f429xx.o(.text)
    CAN1_RX0_IRQHandler                      0x080001db   Thumb Code     0  startup_stm32f429xx.o(.text)
    CAN1_RX1_IRQHandler                      0x080001db   Thumb Code     0  startup_stm32f429xx.o(.text)
    CAN1_SCE_IRQHandler                      0x080001db   Thumb Code     0  startup_stm32f429xx.o(.text)
    CAN1_TX_IRQHandler                       0x080001db   Thumb Code     0  startup_stm32f429xx.o(.text)
    CAN2_RX0_IRQHandler                      0x080001db   Thumb Code     0  startup_stm32f429xx.o(.text)
    CAN2_RX1_IRQHandler                      0x080001db   Thumb Code     0  startup_stm32f429xx.o(.text)
    CAN2_SCE_IRQHandler                      0x080001db   Thumb Code     0  startup_stm32f429xx.o(.text)
    CAN2_TX_IRQHandler                       0x080001db   Thumb Code     0  startup_stm32f429xx.o(.text)
    DCMI_IRQHandler                          0x080001db   Thumb Code     0  startup_stm32f429xx.o(.text)
    DMA1_Stream0_IRQHandler                  0x080001db   Thumb Code     0  startup_stm32f429xx.o(.text)
    DMA1_Stream1_IRQHandler                  0x080001db   Thumb Code     0  startup_stm32f429xx.o(.text)
    DMA1_Stream2_IRQHandler                  0x080001db   Thumb Code     0  startup_stm32f429xx.o(.text)
    DMA1_Stream3_IRQHandler                  0x080001db   Thumb Code     0  startup_stm32f429xx.o(.text)
    DMA1_Stream4_IRQHandler                  0x080001db   Thumb Code     0  startup_stm32f429xx.o(.text)
    DMA1_Stream5_IRQHandler                  0x080001db   Thumb Code     0  startup_stm32f429xx.o(.text)
    DMA1_Stream6_IRQHandler                  0x080001db   Thumb Code     0  startup_stm32f429xx.o(.text)
    DMA1_Stream7_IRQHandler                  0x080001db   Thumb Code     0  startup_stm32f429xx.o(.text)
    DMA2D_IRQHandler                         0x080001db   Thumb Code     0  startup_stm32f429xx.o(.text)
    DMA2_Stream0_IRQHandler                  0x080001db   Thumb Code     0  startup_stm32f429xx.o(.text)
    DMA2_Stream1_IRQHandler                  0x080001db   Thumb Code     0  startup_stm32f429xx.o(.text)
    DMA2_Stream2_IRQHandler                  0x080001db   Thumb Code     0  startup_stm32f429xx.o(.text)
    DMA2_Stream3_IRQHandler                  0x080001db   Thumb Code     0  startup_stm32f429xx.o(.text)
    DMA2_Stream4_IRQHandler                  0x080001db   Thumb Code     0  startup_stm32f429xx.o(.text)
    DMA2_Stream5_IRQHandler                  0x080001db   Thumb Code     0  startup_stm32f429xx.o(.text)
    DMA2_Stream6_IRQHandler                  0x080001db   Thumb Code     0  startup_stm32f429xx.o(.text)
    DMA2_Stream7_IRQHandler                  0x080001db   Thumb Code     0  startup_stm32f429xx.o(.text)
    ETH_IRQHandler                           0x080001db   Thumb Code     0  startup_stm32f429xx.o(.text)
    ETH_WKUP_IRQHandler                      0x080001db   Thumb Code     0  startup_stm32f429xx.o(.text)
    EXTI0_IRQHandler                         0x080001db   Thumb Code     0  startup_stm32f429xx.o(.text)
    EXTI15_10_IRQHandler                     0x080001db   Thumb Code     0  startup_stm32f429xx.o(.text)
    EXTI1_IRQHandler                         0x080001db   Thumb Code     0  startup_stm32f429xx.o(.text)
    EXTI2_IRQHandler                         0x080001db   Thumb Code     0  startup_stm32f429xx.o(.text)
    EXTI3_IRQHandler                         0x080001db   Thumb Code     0  startup_stm32f429xx.o(.text)
    EXTI4_IRQHandler                         0x080001db   Thumb Code     0  startup_stm32f429xx.o(.text)
    EXTI9_5_IRQHandler                       0x080001db   Thumb Code     0  startup_stm32f429xx.o(.text)
    FLASH_IRQHandler                         0x080001db   Thumb Code     0  startup_stm32f429xx.o(.text)
    FMC_IRQHandler                           0x080001db   Thumb Code     0  startup_stm32f429xx.o(.text)
    FPU_IRQHandler                           0x080001db   Thumb Code     0  startup_stm32f429xx.o(.text)
    HASH_RNG_IRQHandler                      0x080001db   Thumb Code     0  startup_stm32f429xx.o(.text)
    I2C1_ER_IRQHandler                       0x080001db   Thumb Code     0  startup_stm32f429xx.o(.text)
    I2C1_EV_IRQHandler                       0x080001db   Thumb Code     0  startup_stm32f429xx.o(.text)
    I2C2_ER_IRQHandler                       0x080001db   Thumb Code     0  startup_stm32f429xx.o(.text)
    I2C2_EV_IRQHandler                       0x080001db   Thumb Code     0  startup_stm32f429xx.o(.text)
    I2C3_ER_IRQHandler                       0x080001db   Thumb Code     0  startup_stm32f429xx.o(.text)
    I2C3_EV_IRQHandler                       0x080001db   Thumb Code     0  startup_stm32f429xx.o(.text)
    LTDC_ER_IRQHandler                       0x080001db   Thumb Code     0  startup_stm32f429xx.o(.text)
    LTDC_IRQHandler                          0x080001db   Thumb Code     0  startup_stm32f429xx.o(.text)
    OTG_FS_IRQHandler                        0x080001db   Thumb Code     0  startup_stm32f429xx.o(.text)
    OTG_FS_WKUP_IRQHandler                   0x080001db   Thumb Code     0  startup_stm32f429xx.o(.text)
    OTG_HS_EP1_IN_IRQHandler                 0x080001db   Thumb Code     0  startup_stm32f429xx.o(.text)
    OTG_HS_EP1_OUT_IRQHandler                0x080001db   Thumb Code     0  startup_stm32f429xx.o(.text)
    OTG_HS_IRQHandler                        0x080001db   Thumb Code     0  startup_stm32f429xx.o(.text)
    OTG_HS_WKUP_IRQHandler                   0x080001db   Thumb Code     0  startup_stm32f429xx.o(.text)
    PVD_IRQHandler                           0x080001db   Thumb Code     0  startup_stm32f429xx.o(.text)
    RCC_IRQHandler                           0x080001db   Thumb Code     0  startup_stm32f429xx.o(.text)
    RTC_Alarm_IRQHandler                     0x080001db   Thumb Code     0  startup_stm32f429xx.o(.text)
    RTC_WKUP_IRQHandler                      0x080001db   Thumb Code     0  startup_stm32f429xx.o(.text)
    SAI1_IRQHandler                          0x080001db   Thumb Code     0  startup_stm32f429xx.o(.text)
    SDIO_IRQHandler                          0x080001db   Thumb Code     0  startup_stm32f429xx.o(.text)
    SPI1_IRQHandler                          0x080001db   Thumb Code     0  startup_stm32f429xx.o(.text)
    SPI2_IRQHandler                          0x080001db   Thumb Code     0  startup_stm32f429xx.o(.text)
    SPI3_IRQHandler                          0x080001db   Thumb Code     0  startup_stm32f429xx.o(.text)
    SPI4_IRQHandler                          0x080001db   Thumb Code     0  startup_stm32f429xx.o(.text)
    SPI5_IRQHandler                          0x080001db   Thumb Code     0  startup_stm32f429xx.o(.text)
    SPI6_IRQHandler                          0x080001db   Thumb Code     0  startup_stm32f429xx.o(.text)
    TAMP_STAMP_IRQHandler                    0x080001db   Thumb Code     0  startup_stm32f429xx.o(.text)
    TIM1_BRK_TIM9_IRQHandler                 0x080001db   Thumb Code     0  startup_stm32f429xx.o(.text)
    TIM1_CC_IRQHandler                       0x080001db   Thumb Code     0  startup_stm32f429xx.o(.text)
    TIM1_TRG_COM_TIM11_IRQHandler            0x080001db   Thumb Code     0  startup_stm32f429xx.o(.text)
    TIM1_UP_TIM10_IRQHandler                 0x080001db   Thumb Code     0  startup_stm32f429xx.o(.text)
    TIM2_IRQHandler                          0x080001db   Thumb Code     0  startup_stm32f429xx.o(.text)
    TIM3_IRQHandler                          0x080001db   Thumb Code     0  startup_stm32f429xx.o(.text)
    TIM4_IRQHandler                          0x080001db   Thumb Code     0  startup_stm32f429xx.o(.text)
    TIM5_IRQHandler                          0x080001db   Thumb Code     0  startup_stm32f429xx.o(.text)
    TIM6_DAC_IRQHandler                      0x080001db   Thumb Code     0  startup_stm32f429xx.o(.text)
    TIM7_IRQHandler                          0x080001db   Thumb Code     0  startup_stm32f429xx.o(.text)
    TIM8_BRK_TIM12_IRQHandler                0x080001db   Thumb Code     0  startup_stm32f429xx.o(.text)
    TIM8_CC_IRQHandler                       0x080001db   Thumb Code     0  startup_stm32f429xx.o(.text)
    TIM8_TRG_COM_TIM14_IRQHandler            0x080001db   Thumb Code     0  startup_stm32f429xx.o(.text)
    TIM8_UP_TIM13_IRQHandler                 0x080001db   Thumb Code     0  startup_stm32f429xx.o(.text)
    UART4_IRQHandler                         0x080001db   Thumb Code     0  startup_stm32f429xx.o(.text)
    UART5_IRQHandler                         0x080001db   Thumb Code     0  startup_stm32f429xx.o(.text)
    UART7_IRQHandler                         0x080001db   Thumb Code     0  startup_stm32f429xx.o(.text)
    UART8_IRQHandler                         0x080001db   Thumb Code     0  startup_stm32f429xx.o(.text)
    USART1_IRQHandler                        0x080001db   Thumb Code     0  startup_stm32f429xx.o(.text)
    USART2_IRQHandler                        0x080001db   Thumb Code     0  startup_stm32f429xx.o(.text)
    USART3_IRQHandler                        0x080001db   Thumb Code     0  startup_stm32f429xx.o(.text)
    USART6_IRQHandler                        0x080001db   Thumb Code     0  startup_stm32f429xx.o(.text)
    WWDG_IRQHandler                          0x080001db   Thumb Code     0  startup_stm32f429xx.o(.text)
    __aeabi_uldivmod                         0x080001e5   Thumb Code    98  uldiv.o(.text)
    __scatterload                            0x08000249   Thumb Code    28  init.o(.text)
    __scatterload_rt2                        0x08000249   Thumb Code     0  init.o(.text)
    __aeabi_llsl                             0x0800026d   Thumb Code    30  llshl.o(.text)
    _ll_shift_l                              0x0800026d   Thumb Code     0  llshl.o(.text)
    __aeabi_llsr                             0x0800028b   Thumb Code    32  llushr.o(.text)
    _ll_ushift_r                             0x0800028b   Thumb Code     0  llushr.o(.text)
    BusFault_Handler                         0x080002ab   Thumb Code     4  stm32f4xx_it.o(i.BusFault_Handler)
    DebugMon_Handler                         0x080002af   Thumb Code     2  stm32f4xx_it.o(i.DebugMon_Handler)
    Delay_ms                                 0x080002b1   Thumb Code    18  systemconfig.o(i.Delay_ms)
    Delay_us                                 0x080002c5   Thumb Code    70  systemconfig.o(i.Delay_us)
    EreaseProgram                            0x08000311   Thumb Code    84  mainflashoperate.o(i.EreaseProgram)
    FLASH_Erase_Sector                       0x0800038d   Thumb Code   104  stm32f4xx_hal_flash_ex.o(i.FLASH_Erase_Sector)
    FLASH_FlushCaches                        0x080003f9   Thumb Code   114  stm32f4xx_hal_flash_ex.o(i.FLASH_FlushCaches)
    FLASH_WaitForLastOperation               0x08000621   Thumb Code   102  stm32f4xx_hal_flash.o(i.FLASH_WaitForLastOperation)
    FM25VxxInit                              0x08000691   Thumb Code     8  drv_fm25vxx.o(i.FM25VxxInit)
    FM25VxxReadData                          0x08000699   Thumb Code   160  drv_fm25vxx.o(i.FM25VxxReadData)
    FM25VxxUseKill                           0x0800073d   Thumb Code    14  drv_fm25vxx.o(i.FM25VxxUseKill)
    FM25VxxWriteData                         0x08000751   Thumb Code   210  drv_fm25vxx.o(i.FM25VxxWriteData)
    FMC_SDRAM_DeInit                         0x08000829   Thumb Code    32  stm32f4xx_ll_fmc.o(i.FMC_SDRAM_DeInit)
    FMC_SDRAM_Init                           0x08000849   Thumb Code   116  stm32f4xx_ll_fmc.o(i.FMC_SDRAM_Init)
    FMC_SDRAM_ProgramRefreshRate             0x080008bd   Thumb Code    14  stm32f4xx_ll_fmc.o(i.FMC_SDRAM_ProgramRefreshRate)
    FMC_SDRAM_SendCommand                    0x080008cb   Thumb Code    82  stm32f4xx_ll_fmc.o(i.FMC_SDRAM_SendCommand)
    FMC_SDRAM_Timing_Init                    0x0800091d   Thumb Code   152  stm32f4xx_ll_fmc.o(i.FMC_SDRAM_Timing_Init)
    FatfsInit                                0x080009b5   Thumb Code    52  iapcontrol.o(i.FatfsInit)
    FatfsReFormat                            0x08000a05   Thumb Code    44  iapcontrol.o(i.FatfsReFormat)
    GetFatfsInfo                             0x08000a4d   Thumb Code    54  iapcontrol.o(i.GetFatfsInfo)
    HAL_FLASHEx_Erase                        0x08000ac1   Thumb Code   166  stm32f4xx_hal_flash_ex.o(i.HAL_FLASHEx_Erase)
    HAL_FLASH_Program                        0x08000b71   Thumb Code   142  stm32f4xx_hal_flash.o(i.HAL_FLASH_Program)
    HAL_FLASH_Unlock                         0x08000c09   Thumb Code    32  stm32f4xx_hal_flash.o(i.HAL_FLASH_Unlock)
    HAL_GPIO_Init                            0x08000c35   Thumb Code   486  stm32f4xx_hal_gpio.o(i.HAL_GPIO_Init)
    HAL_GPIO_ReadPin                         0x08000e51   Thumb Code    16  stm32f4xx_hal_gpio.o(i.HAL_GPIO_ReadPin)
    HAL_GPIO_WritePin                        0x08000e61   Thumb Code    12  stm32f4xx_hal_gpio.o(i.HAL_GPIO_WritePin)
    HAL_GetTick                              0x08000e6d   Thumb Code     6  stm32f4xx_hal.o(i.HAL_GetTick)
    HAL_Init                                 0x08000e79   Thumb Code    54  stm32f4xx_hal.o(i.HAL_Init)
    HAL_InitTick                             0x08000eb5   Thumb Code    36  stm32f4xx_hal.o(i.HAL_InitTick)
    HAL_MspInit                              0x08000ed9   Thumb Code    10  stm32f4xx_hal.o(i.HAL_MspInit)
    HAL_NVIC_SetPriority                     0x08000ee3   Thumb Code   124  stm32f4xx_hal_cortex.o(i.HAL_NVIC_SetPriority)
    HAL_NVIC_SetPriorityGrouping             0x08000f61   Thumb Code    32  stm32f4xx_hal_cortex.o(i.HAL_NVIC_SetPriorityGrouping)
    HAL_PWREx_EnableOverDrive                0x08000f89   Thumb Code   152  stm32f4xx_hal_pwr_ex.o(i.HAL_PWREx_EnableOverDrive)
    HAL_RCC_ClockConfig                      0x0800102d   Thumb Code   680  stm32f4xx_hal_rcc.o(i.HAL_RCC_ClockConfig)
    HAL_RCC_GetHCLKFreq                      0x080012dd   Thumb Code    42  stm32f4xx_hal_rcc.o(i.HAL_RCC_GetHCLKFreq)
    HAL_RCC_GetPCLK1Freq                     0x08001315   Thumb Code    36  stm32f4xx_hal_rcc.o(i.HAL_RCC_GetPCLK1Freq)
    HAL_RCC_GetPCLK2Freq                     0x08001341   Thumb Code    36  stm32f4xx_hal_rcc.o(i.HAL_RCC_GetPCLK2Freq)
    HAL_RCC_GetSysClockFreq                  0x0800136d   Thumb Code   168  stm32f4xx_hal_rcc.o(i.HAL_RCC_GetSysClockFreq)
    HAL_RCC_OscConfig                        0x08001421   Thumb Code  1032  stm32f4xx_hal_rcc.o(i.HAL_RCC_OscConfig)
    HAL_SDRAM_DeInit                         0x08001829   Thumb Code    34  stm32f4xx_hal_sdram.o(i.HAL_SDRAM_DeInit)
    HAL_SDRAM_Init                           0x0800184b   Thumb Code    64  stm32f4xx_hal_sdram.o(i.HAL_SDRAM_Init)
    HAL_SDRAM_MspDeInit                      0x0800188b   Thumb Code     2  stm32f4xx_hal_sdram.o(i.HAL_SDRAM_MspDeInit)
    HAL_SDRAM_MspInit                        0x0800188d   Thumb Code   282  sdram.o(i.HAL_SDRAM_MspInit)
    HAL_SDRAM_ProgramRefreshRate             0x080019c1   Thumb Code    40  stm32f4xx_hal_sdram.o(i.HAL_SDRAM_ProgramRefreshRate)
    HAL_SDRAM_SendCommand                    0x080019e9   Thumb Code    58  stm32f4xx_hal_sdram.o(i.HAL_SDRAM_SendCommand)
    HAL_SPI_DeInit                           0x08001a23   Thumb Code    48  stm32f4xx_hal_spi.o(i.HAL_SPI_DeInit)
    HAL_SPI_Init                             0x08001a53   Thumb Code   136  stm32f4xx_hal_spi.o(i.HAL_SPI_Init)
    HAL_SPI_MspDeInit                        0x08001adb   Thumb Code     2  stm32f4xx_hal_spi.o(i.HAL_SPI_MspDeInit)
    HAL_SPI_MspInit                          0x08001add   Thumb Code   106  spi.o(i.HAL_SPI_MspInit)
    HAL_SPI_TransmitReceive                  0x08001b51   Thumb Code   850  stm32f4xx_hal_spi.o(i.HAL_SPI_TransmitReceive)
    HAL_SYSTICK_Config                       0x08001ea3   Thumb Code    52  stm32f4xx_hal_cortex.o(i.HAL_SYSTICK_Config)
    HAL_UART_Init                            0x08001ed7   Thumb Code   110  stm32f4xx_hal_uart.o(i.HAL_UART_Init)
    HAL_UART_MspInit                         0x08001f45   Thumb Code     2  stm32f4xx_hal_uart.o(i.HAL_UART_MspInit)
    HardFault_Handler                        0x08001f47   Thumb Code     4  stm32f4xx_it.o(i.HardFault_Handler)
    IO_SPI1_Init                             0x08001f4d   Thumb Code    86  drv_fm25vxx.o(i.IO_SPI1_Init)
    IO_SPI1_ReadWriteByte                    0x08001fad   Thumb Code    94  drv_fm25vxx.o(i.IO_SPI1_ReadWriteByte)
    IapControlInit                           0x08002011   Thumb Code    38  iapcontrol.o(i.IapControlInit)
    IapControlMain                           0x08002039   Thumb Code   208  iapcontrol.o(i.IapControlMain)
    IapLoadApp                               0x0800215d   Thumb Code    72  mainflashoperate.o(i.IapLoadApp)
    LED_Init                                 0x080021cd   Thumb Code    84  led.o(i.LED_Init)
    LedRun                                   0x08002231   Thumb Code    68  led.o(i.LedRun)
    MainProgramBack                          0x08002281   Thumb Code   220  mainboardboot.o(i.MainProgramBack)
    MemManage_Handler                        0x080023ed   Thumb Code     4  stm32f4xx_it.o(i.MemManage_Handler)
    ModfiyPowerOnCount                       0x080023f1   Thumb Code    54  iapcontrol.o(i.ModfiyPowerOnCount)
    NMI_Handler                              0x08002439   Thumb Code     2  stm32f4xx_it.o(i.NMI_Handler)
    NVIC_Configuration                       0x0800243b   Thumb Code    10  systemconfig.o(i.NVIC_Configuration)
    PendSV_Handler                           0x0800247d   Thumb Code     2  stm32f4xx_it.o(i.PendSV_Handler)
    ReadProgram                              0x08002481   Thumb Code   158  mainflashoperate.o(i.ReadProgram)
    ReadProgramState                         0x08002529   Thumb Code   108  iapcontrol.o(i.ReadProgramState)
    SDRAMUseKill                             0x080025fd   Thumb Code    78  sdram.o(i.SDRAMUseKill)
    SDRAM_Init                               0x08002655   Thumb Code    96  sdram.o(i.SDRAM_Init)
    SDRAM_Initialization_Sequence            0x080026bd   Thumb Code    78  sdram.o(i.SDRAM_Initialization_Sequence)
    SDRAM_Send_Cmd                           0x08002711   Thumb Code    68  sdram.o(i.SDRAM_Send_Cmd)
    SPI4_Init                                0x08002759   Thumb Code    78  spi.o(i.SPI4_Init)
    SPI4_ReadWriteByte                       0x080027b1   Thumb Code    28  spi.o(i.SPI4_ReadWriteByte)
    SPI4_SetSpeed                            0x080027d1   Thumb Code    66  spi.o(i.SPI4_SetSpeed)
    SVC_Handler                              0x0800292d   Thumb Code     2  stm32f4xx_it.o(i.SVC_Handler)
    SaveMainProgram                          0x08002931   Thumb Code   158  mainboardboot.o(i.SaveMainProgram)
    ShutdownbootUse                          0x08002a59   Thumb Code    40  mainflashoperate.o(i.ShutdownbootUse)
    SpiUseKill                               0x08002a81   Thumb Code    38  spi.o(i.SpiUseKill)
    Stm32_Clock_Init                         0x08002ab1   Thumb Code   176  systemconfig.o(i.Stm32_Clock_Init)
    SysTick_Handler                          0x08002b69   Thumb Code    18  systemconfig.o(i.SysTick_Handler)
    SysTick_Init                             0x08002b81   Thumb Code   118  systemconfig.o(i.SysTick_Init)
    SystemInit                               0x08002c0d   Thumb Code    82  system_stm32f4xx.o(i.SystemInit)
    SystemconfigInit                         0x08002c71   Thumb Code    16  systemconfig.o(i.SystemconfigInit)
    UartUseKill                              0x08002ea5   Thumb Code    56  uartdriver.o(i.UartUseKill)
    UpadaProgramCheck                        0x08002ee5   Thumb Code    42  iapcontrol.o(i.UpadaProgramCheck)
    UpdataMainProgram                        0x08002f2d   Thumb Code   130  mainboardboot.o(i.UpdataMainProgram)
    UsageFault_Handler                       0x08002ff1   Thumb Code     4  stm32f4xx_it.o(i.UsageFault_Handler)
    VersionInfo                              0x08002ff5   Thumb Code    18  iapcontrol.o(i.VersionInfo)
    W25QXX_Erase_Sector                      0x08003061   Thumb Code    78  w25qxx.o(i.W25QXX_Erase_Sector)
    W25QXX_Init                              0x080030b9   Thumb Code   132  w25qxx.o(i.W25QXX_Init)
    W25QXX_Read                              0x08003151   Thumb Code    92  w25qxx.o(i.W25QXX_Read)
    W25QXX_ReadID                            0x080031b5   Thumb Code    64  w25qxx.o(i.W25QXX_ReadID)
    W25QXX_ReadSR                            0x080031fd   Thumb Code    72  w25qxx.o(i.W25QXX_ReadSR)
    W25QXX_Wait_Busy                         0x0800324d   Thumb Code    20  w25qxx.o(i.W25QXX_Wait_Busy)
    W25QXX_Write                             0x08003261   Thumb Code   180  w25qxx.o(i.W25QXX_Write)
    W25QXX_Write_Enable                      0x08003319   Thumb Code    24  w25qxx.o(i.W25QXX_Write_Enable)
    W25QXX_Write_NoCheck                     0x08003339   Thumb Code    70  w25qxx.o(i.W25QXX_Write_NoCheck)
    W25QXX_Write_Page                        0x08003381   Thumb Code    98  w25qxx.o(i.W25QXX_Write_Page)
    W25qxxUseKill                            0x080033ed   Thumb Code    20  w25qxx.o(i.W25qxxUseKill)
    WriteProgram                             0x08003405   Thumb Code   232  mainflashoperate.o(i.WriteProgram)
    __0printf$8                              0x080034f5   Thumb Code    22  printf8.o(i.__0printf$8)
    __1printf$8                              0x080034f5   Thumb Code     0  printf8.o(i.__0printf$8)
    __2printf                                0x080034f5   Thumb Code     0  printf8.o(i.__0printf$8)
    __scatterload_copy                       0x08003515   Thumb Code    14  handlers.o(i.__scatterload_copy)
    __scatterload_null                       0x08003523   Thumb Code     2  handlers.o(i.__scatterload_null)
    __scatterload_zeroinit                   0x08003525   Thumb Code    14  handlers.o(i.__scatterload_zeroinit)
    disk_initialize                          0x08003f77   Thumb Code    30  diskio.o(i.disk_initialize)
    disk_ioctl                               0x08003f95   Thumb Code    64  diskio.o(i.disk_ioctl)
    disk_read                                0x08003fd5   Thumb Code    82  diskio.o(i.disk_read)
    disk_status                              0x08004027   Thumb Code     6  diskio.o(i.disk_status)
    disk_write                               0x0800402d   Thumb Code    82  diskio.o(i.disk_write)
    f_close                                  0x0800407f   Thumb Code    38  ff.o(i.f_close)
    f_getfree                                0x080040a5   Thumb Code   252  ff.o(i.f_getfree)
    f_mkfs                                   0x080041a1   Thumb Code  1384  ff.o(i.f_mkfs)
    f_mount                                  0x08004711   Thumb Code    86  ff.o(i.f_mount)
    f_open                                   0x0800476d   Thumb Code   360  ff.o(i.f_open)
    f_read                                   0x080048d5   Thumb Code   428  ff.o(i.f_read)
    f_setlabel                               0x08004a81   Thumb Code   324  ff.o(i.f_setlabel)
    f_sync                                   0x08004bc9   Thumb Code   160  ff.o(i.f_sync)
    f_write                                  0x08004c69   Thumb Code   494  ff.o(i.f_write)
    fputc                                    0x080051f1   Thumb Code    22  uartdriver.o(i.fputc)
    get_fattime                              0x080052ed   Thumb Code     4  diskio.o(i.get_fattime)
    ledUseKill                               0x08005385   Thumb Code    14  led.o(i.ledUseKill)
    main                                     0x08005399   Thumb Code    70  main.o(i.main)
    uartInit                                 0x0800584d   Thumb Code    12  uartdriver.o(i.uartInit)
    APBAHBPrescTable                         0x0800589a   Data          16  stm32f4xx_hal_rcc.o(.constdata)
    Region$$Table$$Base                      0x080058f0   Number         0  anon$$obj.o(Region$$Table)
    Region$$Table$$Limit                     0x08005910   Number         0  anon$$obj.o(Region$$Table)
    SystemCoreClock                          0x20000008   Data           4  system_stm32f4xx.o(.data)
    AHBPrescTable                            0x2000000c   Data          16  system_stm32f4xx.o(.data)
    LedCount                                 0x20000020   Data           4  led.o(.data)
    LedcountFlag                             0x20000024   Data           1  led.o(.data)
    W25QXX_TYPE                              0x20000026   Data           2  w25qxx.o(.data)
    controlStep                              0x20000028   Data           1  iapcontrol.o(.data)
    __stdout                                 0x20000040   Data           4  stdout.o(.data)
    pFlash                                   0x20000044   Data          32  stm32f4xx_hal_flash.o(.bss)
    SPI4_Handler                             0x20000064   Data          88  spi.o(.bss)
    W25QXX_BUFFER                            0x200000bc   Data        4096  w25qxx.o(.bss)
    SDRAM_Handler                            0x200010bc   Data          52  sdram.o(.bss)
    UART5_Handler                            0x200010f0   Data          64  uartdriver.o(.bss)
    __initial_sp                             0x20002990   Data           0  startup_stm32f429xx.o(STACK)



==============================================================================

Memory Map of the image

  Image Entry point : 0x080001ad

  Load Region LR_IROM1 (Base: 0x08000000, Size: 0x00005954, Max: 0x00100000, ABSOLUTE)

    Execution Region ER_IROM1 (Base: 0x08000000, Size: 0x00005910, Max: 0x00100000, ABSOLUTE)

    Base Addr    Size         Type   Attr      Idx    E Section Name        Object

    0x08000000   0x000001ac   Data   RO          571    RESET               startup_stm32f429xx.o
    0x080001ac   0x00000000   Code   RO         3513  * .ARM.Collect$$$$00000000  mc_w.l(entry.o)
    0x080001ac   0x00000004   Code   RO         3777    .ARM.Collect$$$$00000001  mc_w.l(entry2.o)
    0x080001b0   0x00000004   Code   RO         3780    .ARM.Collect$$$$00000004  mc_w.l(entry5.o)
    0x080001b4   0x00000000   Code   RO         3782    .ARM.Collect$$$$00000008  mc_w.l(entry7b.o)
    0x080001b4   0x00000000   Code   RO         3784    .ARM.Collect$$$$0000000A  mc_w.l(entry8b.o)
    0x080001b4   0x00000008   Code   RO         3785    .ARM.Collect$$$$0000000B  mc_w.l(entry9a.o)
    0x080001bc   0x00000000   Code   RO         3787    .ARM.Collect$$$$0000000D  mc_w.l(entry10a.o)
    0x080001bc   0x00000000   Code   RO         3789    .ARM.Collect$$$$0000000F  mc_w.l(entry11a.o)
    0x080001bc   0x00000004   Code   RO         3778    .ARM.Collect$$$$00002712  mc_w.l(entry2.o)
    0x080001c0   0x00000024   Code   RO          572    .text               startup_stm32f429xx.o
    0x080001e4   0x00000062   Code   RO         3794    .text               mc_w.l(uldiv.o)
    0x08000246   0x00000002   PAD
    0x08000248   0x00000024   Code   RO         3807    .text               mc_w.l(init.o)
    0x0800026c   0x0000001e   Code   RO         3809    .text               mc_w.l(llshl.o)
    0x0800028a   0x00000020   Code   RO         3811    .text               mc_w.l(llushr.o)
    0x080002aa   0x00000004   Code   RO          360    i.BusFault_Handler  stm32f4xx_it.o
    0x080002ae   0x00000002   Code   RO          361    i.DebugMon_Handler  stm32f4xx_it.o
    0x080002b0   0x00000012   Code   RO          282    i.Delay_ms          systemconfig.o
    0x080002c2   0x00000002   PAD
    0x080002c4   0x0000004c   Code   RO          283    i.Delay_us          systemconfig.o
    0x08000310   0x0000007c   Code   RO         3025    i.EreaseProgram     mainflashoperate.o
    0x0800038c   0x0000006c   Code   RO         1868    i.FLASH_Erase_Sector  stm32f4xx_hal_flash_ex.o
    0x080003f8   0x00000078   Code   RO         1869    i.FLASH_FlushCaches  stm32f4xx_hal_flash_ex.o
    0x08000470   0x0000005c   Code   RO         1870    i.FLASH_MassErase   stm32f4xx_hal_flash_ex.o
    0x080004cc   0x00000024   Code   RO         1750    i.FLASH_Program_Byte  stm32f4xx_hal_flash.o
    0x080004f0   0x0000002c   Code   RO         1751    i.FLASH_Program_DoubleWord  stm32f4xx_hal_flash.o
    0x0800051c   0x00000028   Code   RO         1752    i.FLASH_Program_HalfWord  stm32f4xx_hal_flash.o
    0x08000544   0x00000028   Code   RO         1753    i.FLASH_Program_Word  stm32f4xx_hal_flash.o
    0x0800056c   0x000000b4   Code   RO         1754    i.FLASH_SetErrorCode  stm32f4xx_hal_flash.o
    0x08000620   0x00000070   Code   RO         1755    i.FLASH_WaitForLastOperation  stm32f4xx_hal_flash.o
    0x08000690   0x00000008   Code   RO         2721    i.FM25VxxInit       drv_fm25vxx.o
    0x08000698   0x000000a4   Code   RO         2722    i.FM25VxxReadData   drv_fm25vxx.o
    0x0800073c   0x00000014   Code   RO         2723    i.FM25VxxUseKill    drv_fm25vxx.o
    0x08000750   0x000000d8   Code   RO         2724    i.FM25VxxWriteData  drv_fm25vxx.o
    0x08000828   0x00000020   Code   RO         2119    i.FMC_SDRAM_DeInit  stm32f4xx_ll_fmc.o
    0x08000848   0x00000074   Code   RO         2121    i.FMC_SDRAM_Init    stm32f4xx_ll_fmc.o
    0x080008bc   0x0000000e   Code   RO         2122    i.FMC_SDRAM_ProgramRefreshRate  stm32f4xx_ll_fmc.o
    0x080008ca   0x00000052   Code   RO         2123    i.FMC_SDRAM_SendCommand  stm32f4xx_ll_fmc.o
    0x0800091c   0x00000098   Code   RO         2125    i.FMC_SDRAM_Timing_Init  stm32f4xx_ll_fmc.o
    0x080009b4   0x00000050   Code   RO         2936    i.FatfsInit         iapcontrol.o
    0x08000a04   0x00000048   Code   RO         2937    i.FatfsReFormat     iapcontrol.o
    0x08000a4c   0x00000074   Code   RO         2939    i.GetFatfsInfo      iapcontrol.o
    0x08000ac0   0x000000b0   Code   RO         1885    i.HAL_FLASHEx_Erase  stm32f4xx_hal_flash_ex.o
    0x08000b70   0x00000098   Code   RO         1764    i.HAL_FLASH_Program  stm32f4xx_hal_flash.o
    0x08000c08   0x0000002c   Code   RO         1766    i.HAL_FLASH_Unlock  stm32f4xx_hal_flash.o
    0x08000c34   0x0000021c   Code   RO          868    i.HAL_GPIO_Init     stm32f4xx_hal_gpio.o
    0x08000e50   0x00000010   Code   RO          870    i.HAL_GPIO_ReadPin  stm32f4xx_hal_gpio.o
    0x08000e60   0x0000000c   Code   RO          872    i.HAL_GPIO_WritePin  stm32f4xx_hal_gpio.o
    0x08000e6c   0x0000000c   Code   RO          594    i.HAL_GetTick       stm32f4xx_hal.o
    0x08000e78   0x0000003c   Code   RO          596    i.HAL_Init          stm32f4xx_hal.o
    0x08000eb4   0x00000024   Code   RO          597    i.HAL_InitTick      stm32f4xx_hal.o
    0x08000ed8   0x0000000a   Code   RO          599    i.HAL_MspInit       stm32f4xx_hal.o
    0x08000ee2   0x0000007c   Code   RO          746    i.HAL_NVIC_SetPriority  stm32f4xx_hal_cortex.o
    0x08000f5e   0x00000002   PAD
    0x08000f60   0x00000028   Code   RO          747    i.HAL_NVIC_SetPriorityGrouping  stm32f4xx_hal_cortex.o
    0x08000f88   0x000000a4   Code   RO         1057    i.HAL_PWREx_EnableOverDrive  stm32f4xx_hal_pwr_ex.o
    0x0800102c   0x000002b0   Code   RO         1124    i.HAL_RCC_ClockConfig  stm32f4xx_hal_rcc.o
    0x080012dc   0x00000038   Code   RO         1129    i.HAL_RCC_GetHCLKFreq  stm32f4xx_hal_rcc.o
    0x08001314   0x0000002c   Code   RO         1131    i.HAL_RCC_GetPCLK1Freq  stm32f4xx_hal_rcc.o
    0x08001340   0x0000002c   Code   RO         1132    i.HAL_RCC_GetPCLK2Freq  stm32f4xx_hal_rcc.o
    0x0800136c   0x000000b4   Code   RO         1133    i.HAL_RCC_GetSysClockFreq  stm32f4xx_hal_rcc.o
    0x08001420   0x00000408   Code   RO         1136    i.HAL_RCC_OscConfig  stm32f4xx_hal_rcc.o
    0x08001828   0x00000022   Code   RO         2301    i.HAL_SDRAM_DeInit  stm32f4xx_hal_sdram.o
    0x0800184a   0x00000040   Code   RO         2305    i.HAL_SDRAM_Init    stm32f4xx_hal_sdram.o
    0x0800188a   0x00000002   Code   RO         2306    i.HAL_SDRAM_MspDeInit  stm32f4xx_hal_sdram.o
    0x0800188c   0x00000134   Code   RO         2790    i.HAL_SDRAM_MspInit  sdram.o
    0x080019c0   0x00000028   Code   RO         2308    i.HAL_SDRAM_ProgramRefreshRate  stm32f4xx_hal_sdram.o
    0x080019e8   0x0000003a   Code   RO         2314    i.HAL_SDRAM_SendCommand  stm32f4xx_hal_sdram.o
    0x08001a22   0x00000030   Code   RO         1509    i.HAL_SPI_DeInit    stm32f4xx_hal_spi.o
    0x08001a52   0x00000088   Code   RO         1514    i.HAL_SPI_Init      stm32f4xx_hal_spi.o
    0x08001ada   0x00000002   Code   RO         1515    i.HAL_SPI_MspDeInit  stm32f4xx_hal_spi.o
    0x08001adc   0x00000074   Code   RO         2542    i.HAL_SPI_MspInit   spi.o
    0x08001b50   0x00000352   Code   RO         1523    i.HAL_SPI_TransmitReceive  stm32f4xx_hal_spi.o
    0x08001ea2   0x00000034   Code   RO          751    i.HAL_SYSTICK_Config  stm32f4xx_hal_cortex.o
    0x08001ed6   0x0000006e   Code   RO         1280    i.HAL_UART_Init     stm32f4xx_hal_uart.o
    0x08001f44   0x00000002   Code   RO         1282    i.HAL_UART_MspInit  stm32f4xx_hal_uart.o
    0x08001f46   0x00000004   Code   RO          362    i.HardFault_Handler  stm32f4xx_it.o
    0x08001f4a   0x00000002   PAD
    0x08001f4c   0x00000060   Code   RO         2725    i.IO_SPI1_Init      drv_fm25vxx.o
    0x08001fac   0x00000064   Code   RO         2727    i.IO_SPI1_ReadWriteByte  drv_fm25vxx.o
    0x08002010   0x00000026   Code   RO         2940    i.IapControlInit    iapcontrol.o
    0x08002036   0x00000002   PAD
    0x08002038   0x00000124   Code   RO         2941    i.IapControlMain    iapcontrol.o
    0x0800215c   0x00000070   Code   RO         3026    i.IapLoadApp        mainflashoperate.o
    0x080021cc   0x00000064   Code   RO         2503    i.LED_Init          led.o
    0x08002230   0x00000050   Code   RO         2504    i.LedRun            led.o
    0x08002280   0x0000016c   Code   RO         3078    i.MainProgramBack   mainboardboot.o
    0x080023ec   0x00000004   Code   RO          363    i.MemManage_Handler  stm32f4xx_it.o
    0x080023f0   0x00000048   Code   RO         2942    i.ModfiyPowerOnCount  iapcontrol.o
    0x08002438   0x00000002   Code   RO          364    i.NMI_Handler       stm32f4xx_it.o
    0x0800243a   0x0000000a   Code   RO          286    i.NVIC_Configuration  systemconfig.o
    0x08002444   0x00000010   Code   RO          753    i.NVIC_GetPriorityGrouping  stm32f4xx_hal_cortex.o
    0x08002454   0x00000028   Code   RO          754    i.NVIC_SetPriority  stm32f4xx_hal_cortex.o
    0x0800247c   0x00000002   Code   RO          365    i.PendSV_Handler    stm32f4xx_it.o
    0x0800247e   0x00000002   PAD
    0x08002480   0x000000a8   Code   RO         3027    i.ReadProgram       mainflashoperate.o
    0x08002528   0x000000d4   Code   RO         2943    i.ReadProgramState  iapcontrol.o
    0x080025fc   0x00000058   Code   RO         2791    i.SDRAMUseKill      sdram.o
    0x08002654   0x00000068   Code   RO         2792    i.SDRAM_Init        sdram.o
    0x080026bc   0x00000054   Code   RO         2793    i.SDRAM_Initialization_Sequence  sdram.o
    0x08002710   0x00000048   Code   RO         2794    i.SDRAM_Send_Cmd    sdram.o
    0x08002758   0x00000058   Code   RO         2543    i.SPI4_Init         spi.o
    0x080027b0   0x00000020   Code   RO         2544    i.SPI4_ReadWriteByte  spi.o
    0x080027d0   0x00000048   Code   RO         2545    i.SPI4_SetSpeed     spi.o
    0x08002818   0x00000114   Code   RO         1545    i.SPI_WaitOnFlagUntilTimeout  stm32f4xx_hal_spi.o
    0x0800292c   0x00000002   Code   RO          366    i.SVC_Handler       stm32f4xx_it.o
    0x0800292e   0x00000002   PAD
    0x08002930   0x00000128   Code   RO         3080    i.SaveMainProgram   mainboardboot.o
    0x08002a58   0x00000028   Code   RO         3028    i.ShutdownbootUse   mainflashoperate.o
    0x08002a80   0x00000030   Code   RO         2546    i.SpiUseKill        spi.o
    0x08002ab0   0x000000b8   Code   RO          287    i.Stm32_Clock_Init  systemconfig.o
    0x08002b68   0x00000018   Code   RO          288    i.SysTick_Handler   systemconfig.o
    0x08002b80   0x0000008c   Code   RO          289    i.SysTick_Init      systemconfig.o
    0x08002c0c   0x00000064   Code   RO          437    i.SystemInit        system_stm32f4xx.o
    0x08002c70   0x00000010   Code   RO          290    i.SystemconfigInit  systemconfig.o
    0x08002c80   0x00000224   Code   RO         1300    i.UART_SetConfig    stm32f4xx_hal_uart.o
    0x08002ea4   0x00000040   Code   RO         2887    i.UartUseKill       uartdriver.o
    0x08002ee4   0x00000048   Code   RO         2944    i.UpadaProgramCheck  iapcontrol.o
    0x08002f2c   0x000000c4   Code   RO         3081    i.UpdataMainProgram  mainboardboot.o
    0x08002ff0   0x00000004   Code   RO          367    i.UsageFault_Handler  stm32f4xx_it.o
    0x08002ff4   0x0000006c   Code   RO         2945    i.VersionInfo       iapcontrol.o
    0x08003060   0x00000058   Code   RO         2597    i.W25QXX_Erase_Sector  w25qxx.o
    0x080030b8   0x00000098   Code   RO         2598    i.W25QXX_Init       w25qxx.o
    0x08003150   0x00000064   Code   RO         2600    i.W25QXX_Read       w25qxx.o
    0x080031b4   0x00000048   Code   RO         2601    i.W25QXX_ReadID     w25qxx.o
    0x080031fc   0x00000050   Code   RO         2602    i.W25QXX_ReadSR     w25qxx.o
    0x0800324c   0x00000014   Code   RO         2604    i.W25QXX_Wait_Busy  w25qxx.o
    0x08003260   0x000000b8   Code   RO         2605    i.W25QXX_Write      w25qxx.o
    0x08003318   0x00000020   Code   RO         2607    i.W25QXX_Write_Enable  w25qxx.o
    0x08003338   0x00000046   Code   RO         2608    i.W25QXX_Write_NoCheck  w25qxx.o
    0x0800337e   0x00000002   PAD
    0x08003380   0x0000006c   Code   RO         2609    i.W25QXX_Write_Page  w25qxx.o
    0x080033ec   0x00000018   Code   RO         2611    i.W25qxxUseKill     w25qxx.o
    0x08003404   0x000000f0   Code   RO         3029    i.WriteProgram      mainflashoperate.o
    0x080034f4   0x00000020   Code   RO         3723    i.__0printf$8       mc_w.l(printf8.o)
    0x08003514   0x0000000e   Code   RO         3819    i.__scatterload_copy  mc_w.l(handlers.o)
    0x08003522   0x00000002   Code   RO         3820    i.__scatterload_null  mc_w.l(handlers.o)
    0x08003524   0x0000000e   Code   RO         3821    i.__scatterload_zeroinit  mc_w.l(handlers.o)
    0x08003532   0x00000002   PAD
    0x08003534   0x00000410   Code   RO         3730    i._printf_core      mc_w.l(printf8.o)
    0x08003944   0x00000024   Code   RO         3731    i._printf_post_padding  mc_w.l(printf8.o)
    0x08003968   0x0000002e   Code   RO         3732    i._printf_pre_padding  mc_w.l(printf8.o)
    0x08003996   0x00000002   PAD
    0x08003998   0x00000064   Code   RO         3121    i.check_fs          ff.o
    0x080039fc   0x00000014   Code   RO         3122    i.chk_chr           ff.o
    0x08003a10   0x00000032   Code   RO         3123    i.clmt_clust        ff.o
    0x08003a42   0x0000001a   Code   RO         3124    i.clust2sect        ff.o
    0x08003a5c   0x000000e0   Code   RO         3125    i.create_chain      ff.o
    0x08003b3c   0x0000011c   Code   RO         3126    i.create_name       ff.o
    0x08003c58   0x00000060   Code   RO         3127    i.dir_alloc         ff.o
    0x08003cb8   0x0000006a   Code   RO         3128    i.dir_find          ff.o
    0x08003d22   0x0000010c   Code   RO         3129    i.dir_next          ff.o
    0x08003e2e   0x00000074   Code   RO         3130    i.dir_read          ff.o
    0x08003ea2   0x0000003a   Code   RO         3131    i.dir_register      ff.o
    0x08003edc   0x0000009a   Code   RO         3133    i.dir_sdi           ff.o
    0x08003f76   0x0000001e   Code   RO         3450    i.disk_initialize   diskio.o
    0x08003f94   0x00000040   Code   RO         3451    i.disk_ioctl        diskio.o
    0x08003fd4   0x00000052   Code   RO         3452    i.disk_read         diskio.o
    0x08004026   0x00000006   Code   RO         3453    i.disk_status       diskio.o
    0x0800402c   0x00000052   Code   RO         3454    i.disk_write        diskio.o
    0x0800407e   0x00000026   Code   RO         3134    i.f_close           ff.o
    0x080040a4   0x000000fc   Code   RO         3136    i.f_getfree         ff.o
    0x080041a0   0x00000570   Code   RO         3141    i.f_mkfs            ff.o
    0x08004710   0x0000005c   Code   RO         3142    i.f_mount           ff.o
    0x0800476c   0x00000168   Code   RO         3143    i.f_open            ff.o
    0x080048d4   0x000001ac   Code   RO         3148    i.f_read            ff.o
    0x08004a80   0x00000148   Code   RO         3151    i.f_setlabel        ff.o
    0x08004bc8   0x000000a0   Code   RO         3153    i.f_sync            ff.o
    0x08004c68   0x000001ee   Code   RO         3156    i.f_write           ff.o
    0x08004e56   0x00000002   PAD
    0x08004e58   0x000002f4   Code   RO         3157    i.find_volume       ff.o
    0x0800514c   0x000000a2   Code   RO         3158    i.follow_path       ff.o
    0x080051ee   0x00000002   PAD
    0x080051f0   0x0000001c   Code   RO         2888    i.fputc             uartdriver.o
    0x0800520c   0x000000e0   Code   RO         3159    i.get_fat           ff.o
    0x080052ec   0x00000004   Code   RO         3457    i.get_fattime       diskio.o
    0x080052f0   0x00000048   Code   RO         3161    i.get_ldnumber      ff.o
    0x08005338   0x00000026   Code   RO         3162    i.ld_clust          ff.o
    0x0800535e   0x00000018   Code   RO         3163    i.ld_dword          ff.o
    0x08005376   0x0000000c   Code   RO         3164    i.ld_word           ff.o
    0x08005382   0x00000002   PAD
    0x08005384   0x00000014   Code   RO         2505    i.ledUseKill        led.o
    0x08005398   0x00000046   Code   RO            4    i.main              main.o
    0x080053de   0x00000024   Code   RO         3165    i.mem_cmp           ff.o
    0x08005402   0x0000001a   Code   RO         3166    i.mem_cpy           ff.o
    0x0800541c   0x00000012   Code   RO         3167    i.mem_set           ff.o
    0x0800542e   0x00000034   Code   RO         3168    i.move_window       ff.o
    0x08005462   0x00000138   Code   RO         3169    i.put_fat           ff.o
    0x0800559a   0x00000096   Code   RO         3171    i.remove_chain      ff.o
    0x08005630   0x00000024   Code   RO         3172    i.st_clust          ff.o
    0x08005654   0x00000018   Code   RO         3173    i.st_dword          ff.o
    0x0800566c   0x0000000c   Code   RO         3174    i.st_word           ff.o
    0x08005678   0x00000090   Code   RO         3175    i.sync_fs           ff.o
    0x08005708   0x00000052   Code   RO         3176    i.sync_window       ff.o
    0x0800575a   0x00000002   PAD
    0x0800575c   0x00000064   Code   RO         2889    i.uart5Config       uartdriver.o
    0x080057c0   0x0000008c   Code   RO         2890    i.uart5GpioConfig   uartdriver.o
    0x0800584c   0x0000000c   Code   RO         2891    i.uartInit          uartdriver.o
    0x08005858   0x00000042   Code   RO         3177    i.validate          ff.o
    0x0800589a   0x00000010   Data   RO         1137    .constdata          stm32f4xx_hal_rcc.o
    0x080058aa   0x0000003c   Data   RO         3178    .constdata          ff.o
    0x080058e6   0x00000002   PAD
    0x080058e8   0x00000006   Data   RO         3083    .conststring        mainboardboot.o
    0x080058ee   0x00000002   PAD
    0x080058f0   0x00000020   Data   RO         3817    Region$$Table       anon$$obj.o


    Execution Region RW_IRAM1 (Base: 0x20000000, Size: 0x00002990, Max: 0x00030000, ABSOLUTE)

    Base Addr    Size         Type   Attr      Idx    E Section Name        Object

    0x20000000   0x00000008   Data   RW          291    .data               systemconfig.o
    0x20000008   0x00000014   Data   RW          438    .data               system_stm32f4xx.o
    0x2000001c   0x00000004   Data   RW          602    .data               stm32f4xx_hal.o
    0x20000020   0x00000005   Data   RW         2506    .data               led.o
    0x20000025   0x00000001   PAD
    0x20000026   0x00000002   Data   RW         2613    .data               w25qxx.o
    0x20000028   0x00000005   Data   RW         2947    .data               iapcontrol.o
    0x2000002d   0x00000003   PAD
    0x20000030   0x00000004   Data   RW         3030    .data               mainflashoperate.o
    0x20000034   0x00000004   Data   RW         3084    .data               mainboardboot.o
    0x20000038   0x00000006   Data   RW         3179    .data               ff.o
    0x2000003e   0x00000002   PAD
    0x20000040   0x00000004   Data   RW         3791    .data               mc_w.l(stdout.o)
    0x20000044   0x00000020   Zero   RW         1767    .bss                stm32f4xx_hal_flash.o
    0x20000064   0x00000058   Zero   RW         2547    .bss                spi.o
    0x200000bc   0x00001000   Zero   RW         2612    .bss                w25qxx.o
    0x200010bc   0x00000034   Zero   RW         2795    .bss                sdram.o
    0x200010f0   0x00000040   Zero   RW         2892    .bss                uartdriver.o
    0x20001130   0x00000230   Zero   RW         2946    .bss                iapcontrol.o
    0x20001360   0x0000122c   Zero   RW         3082    .bss                mainboardboot.o
    0x2000258c   0x00000004   PAD
    0x20002590   0x00000400   Zero   RW          569    STACK               startup_stm32f429xx.o


==============================================================================

Image component sizes


      Code (inc. data)   RO Data    RW Data    ZI Data      Debug   Object Name

       268          0          0          0          0       4476   diskio.o
       604         32          0          0          0       4619   drv_fm25vxx.o
      7292        136         60          6          0      38927   ff.o
      1062        444          0          5        560      32732   iapcontrol.o
       200         34          0          5          0       2073   led.o
        70          0          0          0          0     418239   main.o
       856        348          6          4       4652       3292   mainboardboot.o
       684         98          0          4          0       9148   mainflashoperate.o
       656         54          0          0         52       4069   sdram.o
       356         40          0          0         88       3295   spi.o
        36          8        428          0       1024        828   startup_stm32f429xx.o
       118         12          0          4          0       3646   stm32f4xx_hal.o
       272         22          0          0          0      30126   stm32f4xx_hal_cortex.o
       648         56          0          0         32       5461   stm32f4xx_hal_flash.o
       496         24          0          0          0       3382   stm32f4xx_hal_flash_ex.o
       568         54          0          0          0       3099   stm32f4xx_hal_gpio.o
       164         12          0          0          0       1280   stm32f4xx_hal_pwr_ex.o
      2044         66         16          0          0       6011   stm32f4xx_hal_rcc.o
       198          0          0          0          0       3957   stm32f4xx_hal_sdram.o
      1312          0          0          0          0       4862   stm32f4xx_hal_spi.o
       660         10          0          0          0       2423   stm32f4xx_hal_uart.o
        24          0          0          0          0       3568   stm32f4xx_it.o
       396          0          0          0          0       4195   stm32f4xx_ll_fmc.o
       100         18          0         20          0       1033   system_stm32f4xx.o
       468         42          0          8          0      31585   systemconfig.o
       344         38          0          0         64       3233   uartdriver.o
       930         80          0          2       4096       7841   w25qxx.o

    ----------------------------------------------------------------------
     20848       1628        546         64      10572     637400   Object Totals
         0          0         32          0          0          0   (incl. Generated)
        22          0          4          6          4          0   (incl. Padding)

    ----------------------------------------------------------------------

      Code (inc. data)   RO Data    RW Data    ZI Data      Debug   Library Member Name

         0          0          0          0          0          0   entry.o
         0          0          0          0          0          0   entry10a.o
         0          0          0          0          0          0   entry11a.o
         8          4          0          0          0          0   entry2.o
         4          0          0          0          0          0   entry5.o
         0          0          0          0          0          0   entry7b.o
         0          0          0          0          0          0   entry8b.o
         8          4          0          0          0          0   entry9a.o
        30          0          0          0          0          0   handlers.o
        36          8          0          0          0         68   init.o
        30          0          0          0          0         68   llshl.o
        32          0          0          0          0         68   llushr.o
      1154         54          0          0          0        352   printf8.o
         0          0          0          4          0          0   stdout.o
        98          0          0          0          0         92   uldiv.o

    ----------------------------------------------------------------------
      1406         70          0          4          0        648   Library Totals
         6          0          0          0          0          0   (incl. Padding)

    ----------------------------------------------------------------------

      Code (inc. data)   RO Data    RW Data    ZI Data      Debug   Library Name

      1400         70          0          4          0        648   mc_w.l

    ----------------------------------------------------------------------
      1406         70          0          4          0        648   Library Totals

    ----------------------------------------------------------------------

==============================================================================


      Code (inc. data)   RO Data    RW Data    ZI Data      Debug   

     22254       1698        546         68      10572     622192   Grand Totals
     22254       1698        546         68      10572     622192   ELF Image Totals
     22254       1698        546         68          0          0   ROM Totals

==============================================================================

    Total RO  Size (Code + RO Data)                22800 (  22.27kB)
    Total RW  Size (RW Data + ZI Data)             10640 (  10.39kB)
    Total ROM Size (Code + RO Data + RW Data)      22868 (  22.33kB)

==============================================================================

