Component: ARM Compiler 5.06 update 4 (build 422) Tool: armlink [4d35d2]

==============================================================================

Section Cross References

    startup_stm32f10x_md.o(STACK) refers (Special) to heapauxi.o(.text) for __use_two_region_memory
    startup_stm32f10x_md.o(HEAP) refers (Special) to heapauxi.o(.text) for __use_two_region_memory
    startup_stm32f10x_md.o(RESET) refers (Special) to heapauxi.o(.text) for __use_two_region_memory
    startup_stm32f10x_md.o(RESET) refers to startup_stm32f10x_md.o(STACK) for __initial_sp
    startup_stm32f10x_md.o(RESET) refers to startup_stm32f10x_md.o(.text) for Reset_Handler
    startup_stm32f10x_md.o(RESET) refers to stm32f10x_it.o(i.NMI_Handler) for NMI_Handler
    startup_stm32f10x_md.o(RESET) refers to stm32f10x_it.o(i.HardFault_Handler) for HardFault_Handler
    startup_stm32f10x_md.o(RESET) refers to stm32f10x_it.o(i.MemManage_Handler) for MemManage_Handler
    startup_stm32f10x_md.o(RESET) refers to stm32f10x_it.o(i.BusFault_Handler) for BusFault_Handler
    startup_stm32f10x_md.o(RESET) refers to stm32f10x_it.o(i.UsageFault_Handler) for UsageFault_Handler
    startup_stm32f10x_md.o(RESET) refers to stm32f10x_it.o(i.SVC_Handler) for SVC_Handler
    startup_stm32f10x_md.o(RESET) refers to stm32f10x_it.o(i.DebugMon_Handler) for DebugMon_Handler
    startup_stm32f10x_md.o(RESET) refers to stm32f10x_it.o(i.PendSV_Handler) for PendSV_Handler
    startup_stm32f10x_md.o(RESET) refers to systemconfig.o(i.SysTick_Handler) for SysTick_Handler
    startup_stm32f10x_md.o(RESET) refers to hmi101.o(i.USART1_IRQHandler) for USART1_IRQHandler
    startup_stm32f10x_md.o(.text) refers (Special) to heapauxi.o(.text) for __use_two_region_memory
    startup_stm32f10x_md.o(.text) refers to system_stm32f10x.o(i.SystemInit) for SystemInit
    startup_stm32f10x_md.o(.text) refers to __main.o(!!!main) for __main
    startup_stm32f10x_md.o(.text) refers to startup_stm32f10x_md.o(HEAP) for Heap_Mem
    startup_stm32f10x_md.o(.text) refers to startup_stm32f10x_md.o(STACK) for Stack_Mem
    system_stm32f10x.o(i.SetSysClock) refers to system_stm32f10x.o(i.SetSysClockTo72) for SetSysClockTo72
    system_stm32f10x.o(i.SystemCoreClockUpdate) refers to system_stm32f10x.o(.data) for SystemCoreClock
    system_stm32f10x.o(i.SystemInit) refers to system_stm32f10x.o(i.SetSysClock) for SetSysClock
    stm32f10x_spi.o(i.I2S_Init) refers to stm32f10x_rcc.o(i.RCC_GetClocksFreq) for RCC_GetClocksFreq
    stm32f10x_spi.o(i.SPI_I2S_DeInit) refers to stm32f10x_rcc.o(i.RCC_APB2PeriphResetCmd) for RCC_APB2PeriphResetCmd
    stm32f10x_spi.o(i.SPI_I2S_DeInit) refers to stm32f10x_rcc.o(i.RCC_APB1PeriphResetCmd) for RCC_APB1PeriphResetCmd
    stm32f10x_usart.o(i.USART_DeInit) refers to stm32f10x_rcc.o(i.RCC_APB2PeriphResetCmd) for RCC_APB2PeriphResetCmd
    stm32f10x_usart.o(i.USART_DeInit) refers to stm32f10x_rcc.o(i.RCC_APB1PeriphResetCmd) for RCC_APB1PeriphResetCmd
    stm32f10x_usart.o(i.USART_Init) refers to stm32f10x_rcc.o(i.RCC_GetClocksFreq) for RCC_GetClocksFreq
    stm32f10x_flash.o(i.FLASH_EnableWriteProtection) refers to stm32f10x_flash.o(i.FLASH_WaitForLastOperation) for FLASH_WaitForLastOperation
    stm32f10x_flash.o(i.FLASH_EraseAllBank1Pages) refers to stm32f10x_flash.o(i.FLASH_WaitForLastBank1Operation) for FLASH_WaitForLastBank1Operation
    stm32f10x_flash.o(i.FLASH_EraseAllPages) refers to stm32f10x_flash.o(i.FLASH_WaitForLastOperation) for FLASH_WaitForLastOperation
    stm32f10x_flash.o(i.FLASH_EraseOptionBytes) refers to stm32f10x_flash.o(i.FLASH_GetReadOutProtectionStatus) for FLASH_GetReadOutProtectionStatus
    stm32f10x_flash.o(i.FLASH_EraseOptionBytes) refers to stm32f10x_flash.o(i.FLASH_WaitForLastOperation) for FLASH_WaitForLastOperation
    stm32f10x_flash.o(i.FLASH_ErasePage) refers to stm32f10x_flash.o(i.FLASH_WaitForLastOperation) for FLASH_WaitForLastOperation
    stm32f10x_flash.o(i.FLASH_ProgramHalfWord) refers to stm32f10x_flash.o(i.FLASH_WaitForLastOperation) for FLASH_WaitForLastOperation
    stm32f10x_flash.o(i.FLASH_ProgramOptionByteData) refers to stm32f10x_flash.o(i.FLASH_WaitForLastOperation) for FLASH_WaitForLastOperation
    stm32f10x_flash.o(i.FLASH_ProgramWord) refers to stm32f10x_flash.o(i.FLASH_WaitForLastOperation) for FLASH_WaitForLastOperation
    stm32f10x_flash.o(i.FLASH_ReadOutProtection) refers to stm32f10x_flash.o(i.FLASH_WaitForLastOperation) for FLASH_WaitForLastOperation
    stm32f10x_flash.o(i.FLASH_UserOptionByteConfig) refers to stm32f10x_flash.o(i.FLASH_WaitForLastOperation) for FLASH_WaitForLastOperation
    stm32f10x_flash.o(i.FLASH_WaitForLastBank1Operation) refers to stm32f10x_flash.o(i.FLASH_GetBank1Status) for FLASH_GetBank1Status
    stm32f10x_flash.o(i.FLASH_WaitForLastOperation) refers to stm32f10x_flash.o(i.FLASH_GetBank1Status) for FLASH_GetBank1Status
    stm32f10x_gpio.o(i.GPIO_AFIODeInit) refers to stm32f10x_rcc.o(i.RCC_APB2PeriphResetCmd) for RCC_APB2PeriphResetCmd
[...]
    .text                                    0x080004bc   Section        2  use_no_semi.o(.text)
    .text                                    0x080004be   Section        0  indicate_semi.o(.text)
    .text                                    0x080004c0   Section        0  sys_exit.o(.text)
    i.ASCII_GetData                          0x080004cc   Section        0  gt21l16s2w.o(i.ASCII_GetData)
    i.BusFault_Handler                       0x080005a0   Section        0  stm32f10x_it.o(i.BusFault_Handler)
    i.CloseLcdDisplay                        0x080005a4   Section        0  uc1698driver.o(i.CloseLcdDisplay)
    i.Cmd101DownControl                      0x080005c8   Section        0  hmi101.o(i.Cmd101DownControl)
    Cmd101DownControl                        0x080005c9   Thumb Code    74  hmi101.o(i.Cmd101DownControl)
    i.Cmd101SendFinish                       0x08000618   Section        0  hmi101.o(i.Cmd101SendFinish)
    i.ContinuousOutResult                    0x08000624   Section        0  inoutuser.o(i.ContinuousOutResult)
    i.DLT634_HMI_MASTER_AppProcess           0x08000674   Section        0  dlt634_hmimaster_app.o(i.DLT634_HMI_MASTER_AppProcess)
    DLT634_HMI_MASTER_AppProcess             0x08000675   Thumb Code   200  dlt634_hmimaster_app.o(i.DLT634_HMI_MASTER_AppProcess)
    i.DLT634_HMI_MASTER_CKS                  0x08000740   Section        0  dlt634_hmimaster_app.o(i.DLT634_HMI_MASTER_CKS)
    DLT634_HMI_MASTER_CKS                    0x08000741   Thumb Code    90  dlt634_hmimaster_app.o(i.DLT634_HMI_MASTER_CKS)
    i.DLT634_HMI_MASTER_C_REPLY              0x080007a0   Section        0  dlt634_hmimaster_disk.o(i.DLT634_HMI_MASTER_C_REPLY)
    i.DLT634_HMI_MASTER_CheckFram10Valid     0x080007b4   Section        0  dlt634_hmimaster_app.o(i.DLT634_HMI_MASTER_CheckFram10Valid)
    DLT634_HMI_MASTER_CheckFram10Valid       0x080007b5   Thumb Code   102  dlt634_hmimaster_app.o(i.DLT634_HMI_MASTER_CheckFram10Valid)
    i.DLT634_HMI_MASTER_CheckFram68Valid     0x08000824   Section        0  dlt634_hmimaster_app.o(i.DLT634_HMI_MASTER_CheckFram68Valid)
    DLT634_HMI_MASTER_CheckFram68Valid       0x08000825   Thumb Code   100  dlt634_hmimaster_app.o(i.DLT634_HMI_MASTER_CheckFram68Valid)
    i.DLT634_HMI_MASTER_Clock                0x08000890   Section        0  dlt634_hmimaster_app.o(i.DLT634_HMI_MASTER_Clock)
    i.DLT634_HMI_MASTER_Data1Process         0x08000934   Section        0  dlt634_hmimaster_app.o(i.DLT634_HMI_MASTER_Data1Process)
    DLT634_HMI_MASTER_Data1Process           0x08000935   Thumb Code    96  dlt634_hmimaster_app.o(i.DLT634_HMI_MASTER_Data1Process)
    i.DLT634_HMI_MASTER_DecodeFrame10        0x08000998   Section        0  dlt634_hmimaster_app.o(i.DLT634_HMI_MASTER_DecodeFrame10)
    DLT634_HMI_MASTER_DecodeFrame10          0x08000999   Thumb Code   706  dlt634_hmimaster_app.o(i.DLT634_HMI_MASTER_DecodeFrame10)
    i.DLT634_HMI_MASTER_DecodeFrame68        0x08000c64   Section        0  dlt634_hmimaster_app.o(i.DLT634_HMI_MASTER_DecodeFrame68)
    DLT634_HMI_MASTER_DecodeFrame68          0x08000c65   Thumb Code    72  dlt634_hmimaster_app.o(i.DLT634_HMI_MASTER_DecodeFrame68)
    i.DLT634_HMI_MASTER_H_HMIYX              0x08000cb0   Section        0  dlt634_hmimaster_disk.o(i.DLT634_HMI_MASTER_H_HMIYX)
    i.DLT634_HMI_MASTER_INIT                 0x08000cbc   Section        0  dlt634_hmimaster_disk.o(i.DLT634_HMI_MASTER_INIT)
    i.DLT634_HMI_MASTER_Link10Process        0x08000d54   Section        0  dlt634_hmimaster_app.o(i.DLT634_HMI_MASTER_Link10Process)
    DLT634_HMI_MASTER_Link10Process          0x08000d55   Thumb Code   408  dlt634_hmimaster_app.o(i.DLT634_HMI_MASTER_Link10Process)
    i.DLT634_HMI_MASTER_Link68Process        0x08000ef4   Section        0  dlt634_hmimaster_app.o(i.DLT634_HMI_MASTER_Link68Process)
    DLT634_HMI_MASTER_Link68Process          0x08000ef5   Thumb Code   164  dlt634_hmimaster_app.o(i.DLT634_HMI_MASTER_Link68Process)
    i.DLT634_HMI_MASTER_LinkOnTimer          0x08000fa0   Section        0  dlt634_hmimaster_app.o(i.DLT634_HMI_MASTER_LinkOnTimer)
    i.DLT634_HMI_MASTER_MasterFrame10Packet  0x08001240   Section        0  dlt634_hmimaster_app.o(i.DLT634_HMI_MASTER_MasterFrame10Packet)
    DLT634_HMI_MASTER_MasterFrame10Packet    0x08001241   Thumb Code   276  dlt634_hmimaster_app.o(i.DLT634_HMI_MASTER_MasterFrame10Packet)
    i.DLT634_HMI_MASTER_MasterFrame68Packet  0x0800135c   Section        0  dlt634_hmimaster_app.o(i.DLT634_HMI_MASTER_MasterFrame68Packet)
    DLT634_HMI_MASTER_MasterFrame68Packet    0x0800135d   Thumb Code   388  dlt634_hmimaster_app.o(i.DLT634_HMI_MASTER_MasterFrame68Packet)
    i.DLT634_HMI_MASTER_REPLY                0x080014e8   Section        0  dlt634_hmimaster_app.o(i.DLT634_HMI_MASTER_REPLY)
    i.DLT634_HMI_MASTER_ReadData             0x08001510   Section        0  dlt634_hmimaster_disk.o(i.DLT634_HMI_MASTER_ReadData)
    i.DLT634_HMI_MASTER_ReadMISIData         0x08001534   Section        0  dlt634_hmimaster_app.o(i.DLT634_HMI_MASTER_ReadMISIData)
    DLT634_HMI_MASTER_ReadMISIData           0x08001535   Thumb Code   346  dlt634_hmimaster_app.o(i.DLT634_HMI_MASTER_ReadMISIData)
    i.DLT634_HMI_MASTER_SearchValidFrame     0x08001694   Section        0  dlt634_hmimaster_app.o(i.DLT634_HMI_MASTER_SearchValidFrame)
    DLT634_HMI_MASTER_SearchValidFrame       0x08001695   Thumb Code  1528  dlt634_hmimaster_app.o(i.DLT634_HMI_MASTER_SearchValidFrame)
    i.DLT634_HMI_MASTER_SendProcess          0x08001c94   Section        0  dlt634_hmimaster_app.o(i.DLT634_HMI_MASTER_SendProcess)
    DLT634_HMI_MASTER_SendProcess            0x08001c95   Thumb Code   102  dlt634_hmimaster_app.o(i.DLT634_HMI_MASTER_SendProcess)
    i.DLT634_HMI_MASTER_SlaveFrame10Packet   0x08001d00   Section        0  dlt634_hmimaster_app.o(i.DLT634_HMI_MASTER_SlaveFrame10Packet)
    DLT634_HMI_MASTER_SlaveFrame10Packet     0x08001d01   Thumb Code   206  dlt634_hmimaster_app.o(i.DLT634_HMI_MASTER_SlaveFrame10Packet)
    i.DLT634_HMI_MASTER_TO_HMI               0x08001dd8   Section        0  dlt634_hmimaster_disk.o(i.DLT634_HMI_MASTER_TO_HMI)
    i.DLT634_HMI_MASTER_WriteData            0x08001de6   Section        0  dlt634_hmimaster_disk.o(i.DLT634_HMI_MASTER_WriteData)
    i.DLT634_HMI_MASTER_WriteDataToMISI      0x08001e0c   Section        0  dlt634_hmimaster_app.o(i.DLT634_HMI_MASTER_WriteDataToMISI)
    DLT634_HMI_MASTER_WriteDataToMISI        0x08001e0d   Thumb Code   188  dlt634_hmimaster_app.o(i.DLT634_HMI_MASTER_WriteDataToMISI)
    i.DLT634_HMI_MasterTask                  0x08001ecc   Section        0  dlt634_hmimaster_disk.o(i.DLT634_HMI_MasterTask)
    i.DLT634_HMI_SLAVE_EMPTY                 0x08001efc   Section        0  dlt634_hmimaster_disk.o(i.DLT634_HMI_SLAVE_EMPTY)
    i.DebugMon_Handler                       0x08001f06   Section        0  stm32f10x_it.o(i.DebugMon_Handler)
    i.Delay_ms                               0x08001f08   Section        0  systemconfig.o(i.Delay_ms)
    i.Delay_us                               0x08001f1c   Section        0  systemconfig.o(i.Delay_us)
    i.EndCmd101Down                          0x08001f68   Section        0  hmi101.o(i.EndCmd101Down)
    i.GPIO_Init                              0x08001f9c   Section        0  stm32f10x_gpio.o(i.GPIO_Init)
    i.GPIO_ReadInputDataBit                  0x080020b2   Section        0  stm32f10x_gpio.o(i.GPIO_ReadInputDataBit)
    i.GPIO_ReadOutputDataBit                 0x080020c4   Section        0  stm32f10x_gpio.o(i.GPIO_ReadOutputDataBit)
    i.GPIO_ResetBits                         0x080020d6   Section        0  stm32f10x_gpio.o(i.GPIO_ResetBits)
    i.GPIO_SetBits                           0x080020da   Section        0  stm32f10x_gpio.o(i.GPIO_SetBits)
    i.GUIStartInterface                      0x080020e0   Section        0  guidisplay.o(i.GUIStartInterface)
    i.GetCurrentSwitchStatus                 0x08002228   Section        0  switchdriver.o(i.GetCurrentSwitchStatus)
    i.GetKeyStatus                           0x0800223c   Section        0  keydriver.o(i.GetKeyStatus)
    GetKeyStatus                             0x0800223d   Thumb Code   166  keydriver.o(i.GetKeyStatus)
    i.GetLedStatus                           0x080022ec   Section        0  leddriver.o(i.GetLedStatus)
    i.GetSwitchStatus                        0x08002414   Section        0  switchdriver.o(i.GetSwitchStatus)
    GetSwitchStatus                          0x08002415   Thumb Code   104  switchdriver.o(i.GetSwitchStatus)
    i.GetTimer1IntervalTick                  0x08002488   Section        0  systemconfig.o(i.GetTimer1IntervalTick)
    i.GetTimer1Tick                          0x080024a4   Section        0  systemconfig.o(i.GetTimer1Tick)
    i.GetkeyQueueP                           0x080024b0   Section        0  inoutuser.o(i.GetkeyQueueP)
    i.GetswitchQueueP                        0x080024b8   Section        0  inoutuser.o(i.GetswitchQueueP)
    i.GuiAreaBitMap                          0x080024c0   Section        0  lkdguibasic.o(i.GuiAreaBitMap)
    i.GuiBiasLine                            0x0800273c   Section        0  lkdguibasic.o(i.GuiBiasLine)
    i.GuiBitMap                              0x0800285c   Section        0  lkdguibasic.o(i.GuiBitMap)
    i.GuiButton                              0x08002934   Section        0  lkdguicontrol.o(i.GuiButton)
    i.GuiCmd100Fun                           0x08002a0e   Section        0  hmi101.o(i.GuiCmd100Fun)
    i.GuiCmd101Fun                           0x08002a5e   Section        0  hmi101.o(i.GuiCmd101Fun)
    i.GuiCmd102Fun                           0x08002a98   Section        0  hmi101.o(i.GuiCmd102Fun)
    i.GuiCmd103Fun                           0x08002ab6   Section        0  hmi101.o(i.GuiCmd103Fun)
    i.GuiCmd104Fun                           0x08002ac4   Section        0  hmi101.o(i.GuiCmd104Fun)
    i.GuiCmd105Fun                           0x08002b04   Section        0  hmi101.o(i.GuiCmd105Fun)
    i.GuiCmd106Fun                           0x08002b44   Section        0  hmi101.o(i.GuiCmd106Fun)
    i.GuiCmd107Fun                           0x08002b98   Section        0  hmi101.o(i.GuiCmd107Fun)
    i.GuiCmd108Fun                           0x08002bf4   Section        0  hmi101.o(i.GuiCmd108Fun)
    i.GuiCmd109Fun                           0x08002c5a   Section        0  hmi101.o(i.GuiCmd109Fun)
    i.GuiDrawPoint                           0x08002c8c   Section        0  lkdguidriver.o(i.GuiDrawPoint)
    i.GuiExchangeColor                       0x08002cf0   Section        0  lkdguicolour.o(i.GuiExchangeColor)
    i.GuiFillRect                            0x08002d0c   Section        0  lkdguibasic.o(i.GuiFillRect)
    i.GuiFont12                              0x08002d50   Section        0  lkdguifont.o(i.GuiFont12)
    i.GuiFont12Align                         0x08002dd0   Section        0  lkdguifont.o(i.GuiFont12Align)
    i.GuiGetForecolor                        0x08002f1c   Section        0  lkdguicolour.o(i.GuiGetForecolor)
    i.GuiGetbackcolor                        0x08002f28   Section        0  lkdguicolour.o(i.GuiGetbackcolor)
    i.GuiHLine                               0x08002f34   Section        0  lkdguibasic.o(i.GuiHLine)
    i.GuiHPointLine                          0x08002f4e   Section        0  lkdguibasic.o(i.GuiHPointLine)
    i.GuiRLine                               0x08002fb8   Section        0  lkdguibasic.o(i.GuiRLine)
    i.GuiRPointLine                          0x08002fd2   Section        0  lkdguibasic.o(i.GuiRPointLine)
    i.GuiRect                                0x0800303c   Section        0  lkdguibasic.o(i.GuiRect)
    i.GuiSetForecolor                        0x08003088   Section        0  lkdguicolour.o(i.GuiSetForecolor)
    i.GuiSetbackcolor                        0x08003094   Section        0  lkdguicolour.o(i.GuiSetbackcolor)
    i.GuiUpdateDisplayAll                    0x080030a0   Section        0  lkdguidriver.o(i.GuiUpdateDisplayAll)
    i.GuiVScroll                             0x080030f4   Section        0  lkdguicontrol.o(i.GuiVScroll)
    i.HardFault_Handler                      0x0800324c   Section        0  stm32f10x_it.o(i.HardFault_Handler)
    i.Hmi101Init                             0x08003250   Section        0  hmi101.o(i.Hmi101Init)
    i.Hmi101Main                             0x0800325c   Section        0  hmi101.o(i.Hmi101Main)
    i.HmiCmd001Fun                           0x080032b0   Section        0  hmi101.o(i.HmiCmd001Fun)
    i.HmiGuiCmdResult                        0x080032f6   Section        0  hmi101.o(i.HmiGuiCmdResult)
    i.InOutUserMain                          0x080033a6   Section        0  inoutuser.o(i.InOutUserMain)
    i.KeyChangeCmdSend                       0x080033b4   Section        0  hmi101.o(i.KeyChangeCmdSend)
    i.KeyDriverInit                          0x08003468   Section        0  keydriver.o(i.KeyDriverInit)
    i.KeyGpioInit                            0x08003480   Section        0  keydriver.o(i.KeyGpioInit)
    KeyGpioInit                              0x08003481   Thumb Code   164  keydriver.o(i.KeyGpioInit)
    i.KeyQueueInit                           0x0800352c   Section        0  inoutuser.o(i.KeyQueueInit)
    i.LcdGpioConfig                          0x0800353c   Section        0  uc1698driver.o(i.LcdGpioConfig)
    LcdGpioConfig                            0x0800353d   Thumb Code   144  uc1698driver.o(i.LcdGpioConfig)
    i.LcdInit                                0x080035dc   Section        0  uc1698driver.o(i.LcdInit)
    i.LedDriverInit                          0x080036b8   Section        0  leddriver.o(i.LedDriverInit)
    i.LedGpioInit                            0x080036c8   Section        0  leddriver.o(i.LedGpioInit)
    i.MemManage_Handler                      0x08003804   Section        0  stm32f10x_it.o(i.MemManage_Handler)
    i.NMI_Handler                            0x08003808   Section        0  stm32f10x_it.o(i.NMI_Handler)
    i.NVIC_Configuration                     0x0800380a   Section        0  systemconfig.o(i.NVIC_Configuration)
    i.NVIC_Init                              0x08003818   Section        0  misc.o(i.NVIC_Init)
    i.NVIC_PriorityGroupConfig               0x08003888   Section        0  misc.o(i.NVIC_PriorityGroupConfig)
    i.OpenLcdDisplay                         0x0800389c   Section        0  uc1698driver.o(i.OpenLcdDisplay)
    i.PendSV_Handler                         0x080038c4   Section        0  stm32f10x_it.o(i.PendSV_Handler)
    i.RCC_APB2PeriphClockCmd                 0x080038c8   Section        0  stm32f10x_rcc.o(i.RCC_APB2PeriphClockCmd)
    i.RCC_GetClocksFreq                      0x080038e8   Section        0  stm32f10x_rcc.o(i.RCC_GetClocksFreq)
    i.Readx                                  0x080039bc   Section        0  hmi101.o(i.Readx)
    i.SPI_Cmd                                0x08003ab8   Section        0  stm32f10x_spi.o(i.SPI_Cmd)
    i.SPI_DataSizeConfig                     0x08003ad0   Section        0  stm32f10x_spi.o(i.SPI_DataSizeConfig)
    i.SPI_I2S_GetFlagStatus                  0x08003ae2   Section        0  stm32f10x_spi.o(i.SPI_I2S_GetFlagStatus)
    i.SPI_I2S_ReceiveData                    0x08003af4   Section        0  stm32f10x_spi.o(i.SPI_I2S_ReceiveData)
    i.SPI_I2S_SendData                       0x08003afa   Section        0  stm32f10x_spi.o(i.SPI_I2S_SendData)
    i.SPI_Init                               0x08003afe   Section        0  stm32f10x_spi.o(i.SPI_Init)
    i.SVC_Handler                            0x08003b3a   Section        0  stm32f10x_it.o(i.SVC_Handler)
    i.ScanKeyStatus                          0x08003b3c   Section        0  keydriver.o(i.ScanKeyStatus)
    i.ScanSwitchStatus                       0x08003bd4   Section        0  switchdriver.o(i.ScanSwitchStatus)
    i.SetLcdCol                              0x08003c68   Section        0  uc1698driver.o(i.SetLcdCol)
    i.SetLcdRow                              0x08003c82   Section        0  uc1698driver.o(i.SetLcdRow)
    i.SetLedState                            0x08003ca0   Section        0  leddriver.o(i.SetLedState)
    i.SetSysClock                            0x08003e74   Section        0  system_stm32f10x.o(i.SetSysClock)
    SetSysClock                              0x08003e75   Thumb Code     8  system_stm32f10x.o(i.SetSysClock)
    i.SetSysClockTo72                        0x08003e7c   Section        0  system_stm32f10x.o(i.SetSysClockTo72)
    SetSysClockTo72                          0x08003e7d   Thumb Code   214  system_stm32f10x.o(i.SetSysClockTo72)
    i.SetUserLedStatus                       0x08003f5c   Section        0  inoutuser.o(i.SetUserLedStatus)
    i.SwitchAllStateCmdSend                  0x08003fb4   Section        0  hmi101.o(i.SwitchAllStateCmdSend)
    i.SwitchAllStateFill                     0x08004058   Section        0  inoutuser.o(i.SwitchAllStateFill)
    i.SwitchAllStateSendControl              0x0800408c   Section        0  hmi101.o(i.SwitchAllStateSendControl)
    i.SwitchChangeCmdSend                    0x080040d4   Section        0  hmi101.o(i.SwitchChangeCmdSend)
    i.SwitchDriverInit                       0x0800418c   Section        0  switchdriver.o(i.SwitchDriverInit)
    i.SwitchGpioInit                         0x080041a4   Section        0  switchdriver.o(i.SwitchGpioInit)
    SwitchGpioInit                           0x080041a5   Thumb Code   106  switchdriver.o(i.SwitchGpioInit)
    i.SwitchQueueInit                        0x0800421c   Section        0  inoutuser.o(i.SwitchQueueInit)
    i.SysTick_Handler                        0x0800422c   Section        0  systemconfig.o(i.SysTick_Handler)
    i.SysTick_Init                           0x0800423c   Section        0  systemconfig.o(i.SysTick_Init)
    i.SystemInit                             0x080042c8   Section        0  system_stm32f10x.o(i.SystemInit)
    i.SystemconfigInit                       0x08004328   Section        0  systemconfig.o(i.SystemconfigInit)
    i.USART1_IRQHandler                      0x08004338   Section        0  hmi101.o(i.USART1_IRQHandler)
    i.USART_Cmd                              0x080043ac   Section        0  stm32f10x_usart.o(i.USART_Cmd)
    i.USART_GetFlagStatus                    0x080043c4   Section        0  stm32f10x_usart.o(i.USART_GetFlagStatus)
    i.USART_ITConfig                         0x080043de   Section        0  stm32f10x_usart.o(i.USART_ITConfig)
    i.USART_Init                             0x08004428   Section        0  stm32f10x_usart.o(i.USART_Init)
    i.USART_SendData                         0x08004500   Section        0  stm32f10x_usart.o(i.USART_SendData)
    i.UsageFault_Handler                     0x08004508   Section        0  stm32f10x_it.o(i.UsageFault_Handler)
    i.UserCommunLed                          0x0800450c   Section        0  inoutuser.o(i.UserCommunLed)
    UserCommunLed                            0x0800450d   Thumb Code   170  inoutuser.o(i.UserCommunLed)
    i.UserKeyChangeDeal                      0x080045cc   Section        0  inoutuser.o(i.UserKeyChangeDeal)
    i.UserRunLed                             0x08004628   Section        0  inoutuser.o(i.UserRunLed)
    UserRunLed                               0x08004629   Thumb Code    58  inoutuser.o(i.UserRunLed)
    i.UserSwitchChangeDeal                   0x0800466c   Section        0  inoutuser.o(i.UserSwitchChangeDeal)
    i.Write8DotsUC1698U                      0x080046c8   Section        0  uc1698driver.o(i.Write8DotsUC1698U)
    i.WriteLcdCommand                        0x08004738   Section        0  uc1698driver.o(i.WriteLcdCommand)
    i.WriteLcdData                           0x0800482c   Section        0  uc1698driver.o(i.WriteLcdData)
    i.WriteX                                 0x08004920   Section        0  hmi101.o(i.WriteX)
    i.ZiKuInit                               0x08004950   Section        0  zikuspi.o(i.ZiKuInit)
    i.ZikuGpioConfig                         0x0800495c   Section        0  zikuspi.o(i.ZikuGpioConfig)
    ZikuGpioConfig                           0x0800495d   Thumb Code    98  zikuspi.o(i.ZikuGpioConfig)
    i.ZikuSpiConfig                          0x080049c4   Section        0  zikuspi.o(i.ZikuSpiConfig)
    ZikuSpiConfig                            0x080049c5   Thumb Code    96  zikuspi.o(i.ZikuSpiConfig)
    i.ZikuSpiReadWriteByte                   0x08004a28   Section        0  zikuspi.o(i.ZikuSpiReadWriteByte)
    ZikuSpiReadWriteByte                     0x08004a29   Thumb Code    80  zikuspi.o(i.ZikuSpiReadWriteByte)
    i.gt_12_GetData                          0x08004a7c   Section        0  gt21l16s2w.o(i.gt_12_GetData)
    i.hmi101Scan                             0x08004af0   Section        0  hmi101.o(i.hmi101Scan)
    i.main                                   0x08004b72   Section        0  main.o(i.main)
    i.r_dat_bat                              0x08004bbc   Section        0  zikuspi.o(i.r_dat_bat)
    i.uartGpioConfig                         0x08004c14   Section        0  uartdriver.o(i.uartGpioConfig)
    uartGpioConfig                           0x08004c15   Thumb Code   154  uartdriver.o(i.uartGpioConfig)
    i.uartInit                               0x08004cb8   Section        0  uartdriver.o(i.uartInit)
    x$fpl$fadd                               0x08004cc0   Section      196  faddsub_clz.o(x$fpl$fadd)
    _fadd1                                   0x08004ccf   Thumb Code     0  faddsub_clz.o(x$fpl$fadd)
    x$fpl$fdiv                               0x08004d84   Section      388  fdiv.o(x$fpl$fdiv)
    _fdiv1                                   0x08004d85   Thumb Code     0  fdiv.o(x$fpl$fdiv)
    x$fpl$ffix                               0x08004f08   Section       54  ffix.o(x$fpl$ffix)
    x$fpl$ffixu                              0x08004f40   Section       62  ffixu.o(x$fpl$ffixu)
    x$fpl$fflt                               0x08004f80   Section       48  fflt_clz.o(x$fpl$fflt)
    x$fpl$ffltu                              0x08004fb0   Section       38  fflt_clz.o(x$fpl$ffltu)
    x$fpl$fmul                               0x08004fd8   Section      258  fmul.o(x$fpl$fmul)
    x$fpl$fnaninf                            0x080050da   Section      140  fnaninf.o(x$fpl$fnaninf)
    x$fpl$fretinf                            0x08005166   Section       10  fretinf.o(x$fpl$fretinf)
    x$fpl$fsub                               0x08005170   Section      234  faddsub_clz.o(x$fpl$fsub)
    _fsub1                                   0x0800517f   Thumb Code     0  faddsub_clz.o(x$fpl$fsub)
    .constdata                               0x0800525a   Section       40  inoutuser.o(.constdata)
    x$fpl$usenofp                            0x0800525a   Section        0  usenofp.o(x$fpl$usenofp)
    .constdata                               0x08005282   Section      601  imagearray.o(.constdata)
    .constdata                               0x080054db   Section        8  lkdguibasic.o(.constdata)
    .constdata                               0x080054e3   Section        8  lkdguidriver.o(.constdata)
    colBit                                   0x080054e3   Data           8  lkdguidriver.o(.constdata)
    .data                                    0x20000000   Section       20  system_stm32f10x.o(.data)
    .data                                    0x20000014   Section       20  stm32f10x_rcc.o(.data)
    APBAHBPrescTable                         0x20000014   Data          16  stm32f10x_rcc.o(.data)
    ADCPrescTable                            0x20000024   Data           4  stm32f10x_rcc.o(.data)
    .data                                    0x20000028   Section       12  systemconfig.o(.data)
    Fac_us                                   0x20000028   Data           4  systemconfig.o(.data)
    timeCount                                0x20000030   Data           4  systemconfig.o(.data)
    .data                                    0x20000034   Section        4  switchdriver.o(.data)
    .data                                    0x20000038   Section        4  keydriver.o(.data)
    .data                                    0x2000003c   Section       11  inoutuser.o(.data)
    LedRunCount                              0x2000003c   Data           4  inoutuser.o(.data)
    communLedCount                           0x20000040   Data           4  inoutuser.o(.data)
    communLedCount2                          0x20000044   Data           2  inoutuser.o(.data)
    ledCountStep                             0x20000046   Data           1  inoutuser.o(.data)
    .data                                    0x20000048   Section       12  imagearray.o(.data)
    .data                                    0x20000054   Section        2  lkdguicolour.o(.data)
    .data                                    0x20000056   Section        1  dlt634_hmimaster_disk.o(.data)
    hmi_init                                 0x20000056   Data           1  dlt634_hmimaster_disk.o(.data)
    .data                                    0x20000058   Section       13  hmi101.o(.data)
    FirstRunState                            0x20000058   Data           1  hmi101.o(.data)
    sendTick                                 0x2000005c   Data           4  hmi101.o(.data)
    hmi101Tick                               0x20000060   Data           4  hmi101.o(.data)
    switchflag                               0x20000064   Data           1  hmi101.o(.data)
    .bss                                     0x20000068   Section       36  switchdriver.o(.bss)
    .bss                                     0x2000008c   Section       60  keydriver.o(.bss)
    .bss                                     0x200000c8   Section      278  inoutuser.o(.bss)
    .bss                                     0x200001de   Section     3200  lkdguidriver.o(.bss)
    lkdGuiBuff                               0x200001de   Data        3200  lkdguidriver.o(.bss)
    .bss                                     0x20000e60   Section     6222  dlt634_hmimaster_app.o(.bss)
    .bss                                     0x200026ae   Section     2058  hmi101.o(.bss)
    hmiRevInfo                               0x20002ab4   Data        1028  hmi101.o(.bss)
    .bss                                     0x20002eb8   Section      228  rand.o(.bss)
    .bss                                     0x20002f9c   Section       96  libspace.o(.bss)
    HEAP                                     0x20003000   Section      512  startup_stm32f10x_md.o(HEAP)
    Heap_Mem                                 0x20003000   Data         512  startup_stm32f10x_md.o(HEAP)
    STACK                                    0x20003200   Section     2048  startup_stm32f10x_md.o(STACK)
    Stack_Mem                                0x20003200   Data        2048  startup_stm32f10x_md.o(STACK)
    __initial_sp                             0x20003a00   Data           0  startup_stm32f10x_md.o(STACK)

    Global Symbols

    Symbol Name                              Value     Ov Type        Size  Object(Section)

    BuildAttributes$$THM_ISAv4$P$D$K$B$S$PE$A:L22UL41UL21$X:L11$S22US41US21$IEEE1$IW$USESV6$~STKCKD$USESV7$~SHL$OSPACE$ROPI$EBA8$UX$STANDARDLIB$REQ8$PRES8$EABIv2 0x00000000   Number         0  anon$$obj.o ABSOLUTE
    __ARM_use_no_argv                        0x00000000   Number         0  main.o ABSOLUTE
    __ARM_exceptions_init                     - Undefined Weak Reference
    __alloca_initialize                       - Undefined Weak Reference
    __arm_preinit_                            - Undefined Weak Reference
    __cpp_initialize__aeabi_                  - Undefined Weak Reference
    __cxa_finalize                            - Undefined Weak Reference
    __rt_locale                               - Undefined Weak Reference
    __sigvec_lookup                           - Undefined Weak Reference
    _atexit_init                              - Undefined Weak Reference
    _call_atexit_fns                          - Undefined Weak Reference
    _clock_init                               - Undefined Weak Reference
    _fp_trap_init                             - Undefined Weak Reference
    _fp_trap_shutdown                         - Undefined Weak Reference
    _get_lc_collate                           - Undefined Weak Reference
    _get_lc_ctype                             - Undefined Weak Reference
    _get_lc_monetary                          - Undefined Weak Reference
    _get_lc_numeric                           - Undefined Weak Reference
    _get_lc_time                              - Undefined Weak Reference
    _getenv_init                              - Undefined Weak Reference
    _handle_redirection                       - Undefined Weak Reference
    _init_alloc                               - Undefined Weak Reference
    _init_user_alloc                          - Undefined Weak Reference
    _initio                                   - Undefined Weak Reference
    _signal_finish                            - Undefined Weak Reference
    _signal_init                              - Undefined Weak Reference
    _terminate_alloc                          - Undefined Weak Reference
    _terminate_user_alloc                     - Undefined Weak Reference
    _terminateio                              - Undefined Weak Reference
    __Vectors_Size                           0x000000ec   Number         0  startup_stm32f10x_md.o ABSOLUTE
    __Vectors                                0x08000000   Data           4  startup_stm32f10x_md.o(RESET)
    __Vectors_End                            0x080000ec   Data           0  startup_stm32f10x_md.o(RESET)
    __main                                   0x080000ed   Thumb Code     8  __main.o(!!!main)
    __scatterload                            0x080000f5   Thumb Code     0  __scatter.o(!!!scatter)
    __scatterload_rt2                        0x080000f5   Thumb Code    44  __scatter.o(!!!scatter)
    __scatterload_rt2_thumb_only             0x080000f5   Thumb Code     0  __scatter.o(!!!scatter)
    __scatterload_null                       0x08000103   Thumb Code     0  __scatter.o(!!!scatter)
    __scatterload_copy                       0x08000129   Thumb Code    26  __scatter_copy.o(!!handler_copy)
    __scatterload_zeroinit                   0x08000145   Thumb Code    28  __scatter_zi.o(!!handler_zi)
    __rt_lib_init                            0x08000161   Thumb Code     0  libinit.o(.ARM.Collect$$libinit$$00000000)
    __rt_lib_init_fp_1                       0x08000163   Thumb Code     0  libinit2.o(.ARM.Collect$$libinit$$00000002)
    __rt_lib_init_heap_1                     0x08000163   Thumb Code     0  libinit2.o(.ARM.Collect$$libinit$$0000000A)
    __rt_lib_init_preinit_1                  0x08000163   Thumb Code     0  libinit2.o(.ARM.Collect$$libinit$$00000004)
    __rt_lib_init_rand_2                     0x08000163   Thumb Code     0  libinit2.o(.ARM.Collect$$libinit$$0000000D)
    __rt_lib_init_user_alloc_1               0x08000163   Thumb Code     0  libinit2.o(.ARM.Collect$$libinit$$0000000C)
    __rt_lib_init_alloca_1                   0x08000167   Thumb Code     0  libinit2.o(.ARM.Collect$$libinit$$0000002E)
    __rt_lib_init_argv_1                     0x08000167   Thumb Code     0  libinit2.o(.ARM.Collect$$libinit$$0000002C)
    __rt_lib_init_atexit_1                   0x08000167   Thumb Code     0  libinit2.o(.ARM.Collect$$libinit$$0000001B)
    __rt_lib_init_clock_1                    0x08000167   Thumb Code     0  libinit2.o(.ARM.Collect$$libinit$$00000021)
    __rt_lib_init_cpp_1                      0x08000167   Thumb Code     0  libinit2.o(.ARM.Collect$$libinit$$00000032)
    __rt_lib_init_exceptions_1               0x08000167   Thumb Code     0  libinit2.o(.ARM.Collect$$libinit$$00000030)
    __rt_lib_init_fp_trap_1                  0x08000167   Thumb Code     0  libinit2.o(.ARM.Collect$$libinit$$0000001F)
    __rt_lib_init_getenv_1                   0x08000167   Thumb Code     0  libinit2.o(.ARM.Collect$$libinit$$00000023)
    __rt_lib_init_lc_collate_1               0x08000167   Thumb Code     0  libinit2.o(.ARM.Collect$$libinit$$00000011)
    __rt_lib_init_lc_ctype_1                 0x08000167   Thumb Code     0  libinit2.o(.ARM.Collect$$libinit$$00000013)
    __rt_lib_init_lc_monetary_1              0x08000167   Thumb Code     0  libinit2.o(.ARM.Collect$$libinit$$00000015)
    __rt_lib_init_lc_numeric_1               0x08000167   Thumb Code     0  libinit2.o(.ARM.Collect$$libinit$$00000017)
    __rt_lib_init_lc_time_1                  0x08000167   Thumb Code     0  libinit2.o(.ARM.Collect$$libinit$$00000019)
    __rt_lib_init_rand_1                     0x08000167   Thumb Code     0  libinit2.o(.ARM.Collect$$libinit$$0000000E)
    __rt_lib_init_return                     0x08000167   Thumb Code     0  libinit2.o(.ARM.Collect$$libinit$$00000033)
    __rt_lib_init_signal_1                   0x08000167   Thumb Code     0  libinit2.o(.ARM.Collect$$libinit$$0000001D)
    __rt_lib_init_stdio_1                    0x08000167   Thumb Code     0  libinit2.o(.ARM.Collect$$libinit$$00000025)
    __rt_lib_shutdown                        0x08000169   Thumb Code     0  libshutdown.o(.ARM.Collect$$libshutdown$$00000000)
    __rt_lib_shutdown_cpp_1                  0x0800016b   Thumb Code     0  libshutdown2.o(.ARM.Collect$$libshutdown$$00000002)
    __rt_lib_shutdown_fp_trap_1              0x0800016b   Thumb Code     0  libshutdown2.o(.ARM.Collect$$libshutdown$$00000007)
    __rt_lib_shutdown_heap_1                 0x0800016b   Thumb Code     0  libshutdown2.o(.ARM.Collect$$libshutdown$$0000000F)
    __rt_lib_shutdown_return                 0x0800016b   Thumb Code     0  libshutdown2.o(.ARM.Collect$$libshutdown$$00000010)
    __rt_lib_shutdown_signal_1               0x0800016b   Thumb Code     0  libshutdown2.o(.ARM.Collect$$libshutdown$$0000000A)
    __rt_lib_shutdown_stdio_1                0x0800016b   Thumb Code     0  libshutdown2.o(.ARM.Collect$$libshutdown$$00000004)
    __rt_lib_shutdown_user_alloc_1           0x0800016b   Thumb Code     0  libshutdown2.o(.ARM.Collect$$libshutdown$$0000000C)
    __rt_entry                               0x0800016d   Thumb Code     0  __rtentry.o(.ARM.Collect$$rtentry$$00000000)
    __rt_entry_presh_1                       0x0800016d   Thumb Code     0  __rtentry2.o(.ARM.Collect$$rtentry$$00000002)
    __rt_entry_sh                            0x0800016d   Thumb Code     0  __rtentry4.o(.ARM.Collect$$rtentry$$00000004)
    __rt_entry_li                            0x08000173   Thumb Code     0  __rtentry2.o(.ARM.Collect$$rtentry$$0000000A)
    __rt_entry_postsh_1                      0x08000173   Thumb Code     0  __rtentry2.o(.ARM.Collect$$rtentry$$00000009)
    __rt_entry_main                          0x08000177   Thumb Code     0  __rtentry2.o(.ARM.Collect$$rtentry$$0000000D)
    __rt_entry_postli_1                      0x08000177   Thumb Code     0  __rtentry2.o(.ARM.Collect$$rtentry$$0000000C)
    __rt_exit                                0x0800017f   Thumb Code     0  rtexit.o(.ARM.Collect$$rtexit$$00000000)
    __rt_exit_ls                             0x08000181   Thumb Code     0  rtexit2.o(.ARM.Collect$$rtexit$$00000003)
    __rt_exit_prels_1                        0x08000181   Thumb Code     0  rtexit2.o(.ARM.Collect$$rtexit$$00000002)
    __rt_exit_exit                           0x08000185   Thumb Code     0  rtexit2.o(.ARM.Collect$$rtexit$$00000004)
    rand                                     0x0800018d   Thumb Code    48  rand.o(.emb_text)
    Reset_Handler                            0x080001c1   Thumb Code     8  startup_stm32f10x_md.o(.text)
    ADC1_2_IRQHandler                        0x080001db   Thumb Code     0  startup_stm32f10x_md.o(.text)
    CAN1_RX1_IRQHandler                      0x080001db   Thumb Code     0  startup_stm32f10x_md.o(.text)
    CAN1_SCE_IRQHandler                      0x080001db   Thumb Code     0  startup_stm32f10x_md.o(.text)
    DMA1_Channel1_IRQHandler                 0x080001db   Thumb Code     0  startup_stm32f10x_md.o(.text)
    DMA1_Channel2_IRQHandler                 0x080001db   Thumb Code     0  startup_stm32f10x_md.o(.text)
    DMA1_Channel3_IRQHandler                 0x080001db   Thumb Code     0  startup_stm32f10x_md.o(.text)
    DMA1_Channel4_IRQHandler                 0x080001db   Thumb Code     0  startup_stm32f10x_md.o(.text)
    DMA1_Channel5_IRQHandler                 0x080001db   Thumb Code     0  startup_stm32f10x_md.o(.text)
    DMA1_Channel6_IRQHandler                 0x080001db   Thumb Code     0  startup_stm32f10x_md.o(.text)
    DMA1_Channel7_IRQHandler                 0x080001db   Thumb Code     0  startup_stm32f10x_md.o(.text)
    EXTI0_IRQHandler                         0x080001db   Thumb Code     0  startup_stm32f10x_md.o(.text)
    EXTI15_10_IRQHandler                     0x080001db   Thumb Code     0  startup_stm32f10x_md.o(.text)
    EXTI1_IRQHandler                         0x080001db   Thumb Code     0  startup_stm32f10x_md.o(.text)
    EXTI2_IRQHandler                         0x080001db   Thumb Code     0  startup_stm32f10x_md.o(.text)
    EXTI3_IRQHandler                         0x080001db   Thumb Code     0  startup_stm32f10x_md.o(.text)
    EXTI4_IRQHandler                         0x080001db   Thumb Code     0  startup_stm32f10x_md.o(.text)
    EXTI9_5_IRQHandler                       0x080001db   Thumb Code     0  startup_stm32f10x_md.o(.text)
    FLASH_IRQHandler                         0x080001db   Thumb Code     0  startup_stm32f10x_md.o(.text)
    I2C1_ER_IRQHandler                       0x080001db   Thumb Code     0  startup_stm32f10x_md.o(.text)
    I2C1_EV_IRQHandler                       0x080001db   Thumb Code     0  startup_stm32f10x_md.o(.text)
    I2C2_ER_IRQHandler                       0x080001db   Thumb Code     0  startup_stm32f10x_md.o(.text)
    I2C2_EV_IRQHandler                       0x080001db   Thumb Code     0  startup_stm32f10x_md.o(.text)
    PVD_IRQHandler                           0x080001db   Thumb Code     0  startup_stm32f10x_md.o(.text)
    RCC_IRQHandler                           0x080001db   Thumb Code     0  startup_stm32f10x_md.o(.text)
    RTCAlarm_IRQHandler                      0x080001db   Thumb Code     0  startup_stm32f10x_md.o(.text)
    RTC_IRQHandler                           0x080001db   Thumb Code     0  startup_stm32f10x_md.o(.text)
    SPI1_IRQHandler                          0x080001db   Thumb Code     0  startup_stm32f10x_md.o(.text)
    SPI2_IRQHandler                          0x080001db   Thumb Code     0  startup_stm32f10x_md.o(.text)
    TAMPER_IRQHandler                        0x080001db   Thumb Code     0  startup_stm32f10x_md.o(.text)
    TIM1_BRK_IRQHandler                      0x080001db   Thumb Code     0  startup_stm32f10x_md.o(.text)
    TIM1_CC_IRQHandler                       0x080001db   Thumb Code     0  startup_stm32f10x_md.o(.text)
    TIM1_TRG_COM_IRQHandler                  0x080001db   Thumb Code     0  startup_stm32f10x_md.o(.text)
    TIM1_UP_IRQHandler                       0x080001db   Thumb Code     0  startup_stm32f10x_md.o(.text)
    TIM2_IRQHandler                          0x080001db   Thumb Code     0  startup_stm32f10x_md.o(.text)
    TIM3_IRQHandler                          0x080001db   Thumb Code     0  startup_stm32f10x_md.o(.text)
    TIM4_IRQHandler                          0x080001db   Thumb Code     0  startup_stm32f10x_md.o(.text)
    USART2_IRQHandler                        0x080001db   Thumb Code     0  startup_stm32f10x_md.o(.text)
    USART3_IRQHandler                        0x080001db   Thumb Code     0  startup_stm32f10x_md.o(.text)
    USBWakeUp_IRQHandler                     0x080001db   Thumb Code     0  startup_stm32f10x_md.o(.text)
    USB_HP_CAN1_TX_IRQHandler                0x080001db   Thumb Code     0  startup_stm32f10x_md.o(.text)
    USB_LP_CAN1_RX0_IRQHandler               0x080001db   Thumb Code     0  startup_stm32f10x_md.o(.text)
    WWDG_IRQHandler                          0x080001db   Thumb Code     0  startup_stm32f10x_md.o(.text)
    __user_initial_stackheap                 0x080001dd   Thumb Code     0  startup_stm32f10x_md.o(.text)
    srand                                    0x08000201   Thumb Code    42  rand.o(.text)
    _rand_init                               0x0800022b   Thumb Code     4  rand.o(.text)
    memcmp                                   0x0800023d   Thumb Code    88  memcmp.o(.text)
    strlen                                   0x08000295   Thumb Code    62  strlen.o(.text)
    __aeabi_memcpy                           0x080002d3   Thumb Code     0  rt_memcpy_v6.o(.text)
    __rt_memcpy                              0x080002d3   Thumb Code   138  rt_memcpy_v6.o(.text)
    _memcpy_lastbytes                        0x08000339   Thumb Code     0  rt_memcpy_v6.o(.text)
    __aeabi_memclr                           0x0800035d   Thumb Code     0  rt_memclr.o(.text)
    __rt_memclr                              0x0800035d   Thumb Code    68  rt_memclr.o(.text)
    _memset                                  0x08000361   Thumb Code     0  rt_memclr.o(.text)
    __use_two_region_memory                  0x080003a1   Thumb Code     2  heapauxi.o(.text)
    __rt_heap_escrow$2region                 0x080003a3   Thumb Code     2  heapauxi.o(.text)
    __rt_heap_expand$2region                 0x080003a5   Thumb Code     2  heapauxi.o(.text)
    __aeabi_memcpy4                          0x080003a7   Thumb Code     0  rt_memcpy_w.o(.text)
    __aeabi_memcpy8                          0x080003a7   Thumb Code     0  rt_memcpy_w.o(.text)
    __rt_memcpy_w                            0x080003a7   Thumb Code   100  rt_memcpy_w.o(.text)
    _memcpy_lastbytes_aligned                0x080003ef   Thumb Code     0  rt_memcpy_w.o(.text)
    __aeabi_memclr4                          0x0800040b   Thumb Code     0  rt_memclr_w.o(.text)
    __aeabi_memclr8                          0x0800040b   Thumb Code     0  rt_memclr_w.o(.text)
    __rt_memclr_w                            0x0800040b   Thumb Code    78  rt_memclr_w.o(.text)
    _memset_w                                0x0800040f   Thumb Code     0  rt_memclr_w.o(.text)
    __user_setup_stackheap                   0x08000459   Thumb Code    74  sys_stackheap_outer.o(.text)
    exit                                     0x080004a3   Thumb Code    18  exit.o(.text)
    __user_libspace                          0x080004b5   Thumb Code     8  libspace.o(.text)
    __user_perproc_libspace                  0x080004b5   Thumb Code     0  libspace.o(.text)
    __user_perthread_libspace                0x080004b5   Thumb Code     0  libspace.o(.text)
    __I$use$semihosting                      0x080004bd   Thumb Code     0  use_no_semi.o(.text)
    __use_no_semihosting_swi                 0x080004bd   Thumb Code     2  use_no_semi.o(.text)
    __semihosting_library_function           0x080004bf   Thumb Code     0  indicate_semi.o(.text)
    _sys_exit                                0x080004c1   Thumb Code     8  sys_exit.o(.text)
    ASCII_GetData                            0x080004cd   Thumb Code   188  gt21l16s2w.o(i.ASCII_GetData)
    BusFault_Handler                         0x080005a1   Thumb Code     4  stm32f10x_it.o(i.BusFault_Handler)
    CloseLcdDisplay                          0x080005a5   Thumb Code    32  uc1698driver.o(i.CloseLcdDisplay)
    Cmd101SendFinish                         0x08000619   Thumb Code     8  hmi101.o(i.Cmd101SendFinish)
    ContinuousOutResult                      0x08000625   Thumb Code    74  inoutuser.o(i.ContinuousOutResult)
    DLT634_HMI_MASTER_C_REPLY                0x080007a1   Thumb Code    18  dlt634_hmimaster_disk.o(i.DLT634_HMI_MASTER_C_REPLY)
    DLT634_HMI_MASTER_Clock                  0x08000891   Thumb Code   156  dlt634_hmimaster_app.o(i.DLT634_HMI_MASTER_Clock)
    DLT634_HMI_MASTER_H_HMIYX                0x08000cb1   Thumb Code    12  dlt634_hmimaster_disk.o(i.DLT634_HMI_MASTER_H_HMIYX)
    DLT634_HMI_MASTER_INIT                   0x08000cbd   Thumb Code   146  dlt634_hmimaster_disk.o(i.DLT634_HMI_MASTER_INIT)
    DLT634_HMI_MASTER_LinkOnTimer            0x08000fa1   Thumb Code   662  dlt634_hmimaster_app.o(i.DLT634_HMI_MASTER_LinkOnTimer)
    DLT634_HMI_MASTER_REPLY                  0x080014e9   Thumb Code    36  dlt634_hmimaster_app.o(i.DLT634_HMI_MASTER_REPLY)
    DLT634_HMI_MASTER_ReadData               0x08001511   Thumb Code    36  dlt634_hmimaster_disk.o(i.DLT634_HMI_MASTER_ReadData)
    DLT634_HMI_MASTER_TO_HMI                 0x08001dd9   Thumb Code    14  dlt634_hmimaster_disk.o(i.DLT634_HMI_MASTER_TO_HMI)
    DLT634_HMI_MASTER_WriteData              0x08001de7   Thumb Code    36  dlt634_hmimaster_disk.o(i.DLT634_HMI_MASTER_WriteData)
    DLT634_HMI_MasterTask                    0x08001ecd   Thumb Code    44  dlt634_hmimaster_disk.o(i.DLT634_HMI_MasterTask)
    DLT634_HMI_SLAVE_EMPTY                   0x08001efd   Thumb Code    10  dlt634_hmimaster_disk.o(i.DLT634_HMI_SLAVE_EMPTY)
    DebugMon_Handler                         0x08001f07   Thumb Code     2  stm32f10x_it.o(i.DebugMon_Handler)
    Delay_ms                                 0x08001f09   Thumb Code    18  systemconfig.o(i.Delay_ms)
    Delay_us                                 0x08001f1d   Thumb Code    70  systemconfig.o(i.Delay_us)
    EndCmd101Down                            0x08001f69   Thumb Code    46  hmi101.o(i.EndCmd101Down)
    GPIO_Init                                0x08001f9d   Thumb Code   278  stm32f10x_gpio.o(i.GPIO_Init)
    GPIO_ReadInputDataBit                    0x080020b3   Thumb Code    18  stm32f10x_gpio.o(i.GPIO_ReadInputDataBit)
    GPIO_ReadOutputDataBit                   0x080020c5   Thumb Code    18  stm32f10x_gpio.o(i.GPIO_ReadOutputDataBit)
    GPIO_ResetBits                           0x080020d7   Thumb Code     4  stm32f10x_gpio.o(i.GPIO_ResetBits)
    GPIO_SetBits                             0x080020db   Thumb Code     4  stm32f10x_gpio.o(i.GPIO_SetBits)
    GUIStartInterface                        0x080020e1   Thumb Code   288  guidisplay.o(i.GUIStartInterface)
    GetCurrentSwitchStatus                   0x08002229   Thumb Code    16  switchdriver.o(i.GetCurrentSwitchStatus)
    GetLedStatus                             0x080022ed   Thumb Code   276  leddriver.o(i.GetLedStatus)
    GetTimer1IntervalTick                    0x08002489   Thumb Code    26  systemconfig.o(i.GetTimer1IntervalTick)
    GetTimer1Tick                            0x080024a5   Thumb Code     6  systemconfig.o(i.GetTimer1Tick)
    GetkeyQueueP                             0x080024b1   Thumb Code     4  inoutuser.o(i.GetkeyQueueP)
    GetswitchQueueP                          0x080024b9   Thumb Code     4  inoutuser.o(i.GetswitchQueueP)
    GuiAreaBitMap                            0x080024c1   Thumb Code   630  lkdguibasic.o(i.GuiAreaBitMap)
    GuiBiasLine                              0x0800273d   Thumb Code   286  lkdguibasic.o(i.GuiBiasLine)
    GuiBitMap                                0x0800285d   Thumb Code   212  lkdguibasic.o(i.GuiBitMap)
    GuiButton                                0x08002935   Thumb Code   218  lkdguicontrol.o(i.GuiButton)
    GuiCmd100Fun                             0x08002a0f   Thumb Code    80  hmi101.o(i.GuiCmd100Fun)
    GuiCmd101Fun                             0x08002a5f   Thumb Code    58  hmi101.o(i.GuiCmd101Fun)
    GuiCmd102Fun                             0x08002a99   Thumb Code    30  hmi101.o(i.GuiCmd102Fun)
    GuiCmd103Fun                             0x08002ab7   Thumb Code    12  hmi101.o(i.GuiCmd103Fun)
    GuiCmd104Fun                             0x08002ac5   Thumb Code    60  hmi101.o(i.GuiCmd104Fun)
    GuiCmd105Fun                             0x08002b05   Thumb Code    62  hmi101.o(i.GuiCmd105Fun)
    GuiCmd106Fun                             0x08002b45   Thumb Code    68  hmi101.o(i.GuiCmd106Fun)
    GuiCmd107Fun                             0x08002b99   Thumb Code    88  hmi101.o(i.GuiCmd107Fun)
    GuiCmd108Fun                             0x08002bf5   Thumb Code   102  hmi101.o(i.GuiCmd108Fun)
    GuiCmd109Fun                             0x08002c5b   Thumb Code    48  hmi101.o(i.GuiCmd109Fun)
    GuiDrawPoint                             0x08002c8d   Thumb Code    92  lkdguidriver.o(i.GuiDrawPoint)
    GuiExchangeColor                         0x08002cf1   Thumb Code    18  lkdguicolour.o(i.GuiExchangeColor)
    GuiFillRect                              0x08002d0d   Thumb Code    66  lkdguibasic.o(i.GuiFillRect)
    GuiFont12                                0x08002d51   Thumb Code   122  lkdguifont.o(i.GuiFont12)
    GuiFont12Align                           0x08002dd1   Thumb Code   328  lkdguifont.o(i.GuiFont12Align)
    GuiGetForecolor                          0x08002f1d   Thumb Code     6  lkdguicolour.o(i.GuiGetForecolor)
    GuiGetbackcolor                          0x08002f29   Thumb Code     6  lkdguicolour.o(i.GuiGetbackcolor)
    GuiHLine                                 0x08002f35   Thumb Code    26  lkdguibasic.o(i.GuiHLine)
    GuiHPointLine                            0x08002f4f   Thumb Code   106  lkdguibasic.o(i.GuiHPointLine)
    GuiRLine                                 0x08002fb9   Thumb Code    26  lkdguibasic.o(i.GuiRLine)
    GuiRPointLine                            0x08002fd3   Thumb Code   106  lkdguibasic.o(i.GuiRPointLine)
    GuiRect                                  0x0800303d   Thumb Code    74  lkdguibasic.o(i.GuiRect)
    GuiSetForecolor                          0x08003089   Thumb Code     6  lkdguicolour.o(i.GuiSetForecolor)
    GuiSetbackcolor                          0x08003095   Thumb Code     6  lkdguicolour.o(i.GuiSetbackcolor)
    GuiUpdateDisplayAll                      0x080030a1   Thumb Code    76  lkdguidriver.o(i.GuiUpdateDisplayAll)
    GuiVScroll                               0x080030f5   Thumb Code   344  lkdguicontrol.o(i.GuiVScroll)
    HardFault_Handler                        0x0800324d   Thumb Code     4  stm32f10x_it.o(i.HardFault_Handler)
    Hmi101Init                               0x08003251   Thumb Code     8  hmi101.o(i.Hmi101Init)
    Hmi101Main                               0x0800325d   Thumb Code    70  hmi101.o(i.Hmi101Main)
    HmiCmd001Fun                             0x080032b1   Thumb Code    70  hmi101.o(i.HmiCmd001Fun)
    HmiGuiCmdResult                          0x080032f7   Thumb Code   176  hmi101.o(i.HmiGuiCmdResult)
    InOutUserMain                            0x080033a7   Thumb Code    12  inoutuser.o(i.InOutUserMain)
    KeyChangeCmdSend                         0x080033b5   Thumb Code   176  hmi101.o(i.KeyChangeCmdSend)
    KeyDriverInit                            0x08003469   Thumb Code    14  keydriver.o(i.KeyDriverInit)
    KeyQueueInit                             0x0800352d   Thumb Code    12  inoutuser.o(i.KeyQueueInit)
    LcdInit                                  0x080035dd   Thumb Code   214  uc1698driver.o(i.LcdInit)
    LedDriverInit                            0x080036b9   Thumb Code    16  leddriver.o(i.LedDriverInit)
    LedGpioInit                              0x080036c9   Thumb Code   294  leddriver.o(i.LedGpioInit)
    MemManage_Handler                        0x08003805   Thumb Code     4  stm32f10x_it.o(i.MemManage_Handler)
    NMI_Handler                              0x08003809   Thumb Code     2  stm32f10x_it.o(i.NMI_Handler)
    NVIC_Configuration                       0x0800380b   Thumb Code    12  systemconfig.o(i.NVIC_Configuration)
    NVIC_Init                                0x08003819   Thumb Code   100  misc.o(i.NVIC_Init)
    NVIC_PriorityGroupConfig                 0x08003889   Thumb Code    10  misc.o(i.NVIC_PriorityGroupConfig)
    OpenLcdDisplay                           0x0800389d   Thumb Code    34  uc1698driver.o(i.OpenLcdDisplay)
    PendSV_Handler                           0x080038c5   Thumb Code     2  stm32f10x_it.o(i.PendSV_Handler)
    RCC_APB2PeriphClockCmd                   0x080038c9   Thumb Code    26  stm32f10x_rcc.o(i.RCC_APB2PeriphClockCmd)
    RCC_GetClocksFreq                        0x080038e9   Thumb Code   192  stm32f10x_rcc.o(i.RCC_GetClocksFreq)
    Readx                                    0x080039bd   Thumb Code   246  hmi101.o(i.Readx)
    SPI_Cmd                                  0x08003ab9   Thumb Code    24  stm32f10x_spi.o(i.SPI_Cmd)
    SPI_DataSizeConfig                       0x08003ad1   Thumb Code    18  stm32f10x_spi.o(i.SPI_DataSizeConfig)
    SPI_I2S_GetFlagStatus                    0x08003ae3   Thumb Code    18  stm32f10x_spi.o(i.SPI_I2S_GetFlagStatus)
    SPI_I2S_ReceiveData                      0x08003af5   Thumb Code     6  stm32f10x_spi.o(i.SPI_I2S_ReceiveData)
    SPI_I2S_SendData                         0x08003afb   Thumb Code     4  stm32f10x_spi.o(i.SPI_I2S_SendData)
    SPI_Init                                 0x08003aff   Thumb Code    60  stm32f10x_spi.o(i.SPI_Init)
    SVC_Handler                              0x08003b3b   Thumb Code     2  stm32f10x_it.o(i.SVC_Handler)
    ScanKeyStatus                            0x08003b3d   Thumb Code   144  keydriver.o(i.ScanKeyStatus)
    ScanSwitchStatus                         0x08003bd5   Thumb Code   138  switchdriver.o(i.ScanSwitchStatus)
    SetLcdCol                                0x08003c69   Thumb Code    26  uc1698driver.o(i.SetLcdCol)
    SetLcdRow                                0x08003c83   Thumb Code    28  uc1698driver.o(i.SetLcdRow)
    SetLedState                              0x08003ca1   Thumb Code   448  leddriver.o(i.SetLedState)
    SetUserLedStatus                         0x08003f5d   Thumb Code    80  inoutuser.o(i.SetUserLedStatus)
    SwitchAllStateCmdSend                    0x08003fb5   Thumb Code   158  hmi101.o(i.SwitchAllStateCmdSend)
    SwitchAllStateFill                       0x08004059   Thumb Code    46  inoutuser.o(i.SwitchAllStateFill)
    SwitchAllStateSendControl                0x0800408d   Thumb Code    66  hmi101.o(i.SwitchAllStateSendControl)
    SwitchChangeCmdSend                      0x080040d5   Thumb Code   180  hmi101.o(i.SwitchChangeCmdSend)
    SwitchDriverInit                         0x0800418d   Thumb Code    14  switchdriver.o(i.SwitchDriverInit)
    SwitchQueueInit                          0x0800421d   Thumb Code    12  inoutuser.o(i.SwitchQueueInit)
    SysTick_Handler                          0x0800422d   Thumb Code    12  systemconfig.o(i.SysTick_Handler)
    SysTick_Init                             0x0800423d   Thumb Code   120  systemconfig.o(i.SysTick_Init)
    SystemInit                               0x080042c9   Thumb Code    78  system_stm32f10x.o(i.SystemInit)
    SystemconfigInit                         0x08004329   Thumb Code    16  systemconfig.o(i.SystemconfigInit)
    USART1_IRQHandler                        0x08004339   Thumb Code   108  hmi101.o(i.USART1_IRQHandler)
    USART_Cmd                                0x080043ad   Thumb Code    24  stm32f10x_usart.o(i.USART_Cmd)
    USART_GetFlagStatus                      0x080043c5   Thumb Code    26  stm32f10x_usart.o(i.USART_GetFlagStatus)
    USART_ITConfig                           0x080043df   Thumb Code    74  stm32f10x_usart.o(i.USART_ITConfig)
    USART_Init                               0x08004429   Thumb Code   210  stm32f10x_usart.o(i.USART_Init)
    USART_SendData                           0x08004501   Thumb Code     8  stm32f10x_usart.o(i.USART_SendData)
    UsageFault_Handler                       0x08004509   Thumb Code     4  stm32f10x_it.o(i.UsageFault_Handler)
    UserKeyChangeDeal                        0x080045cd   Thumb Code    82  inoutuser.o(i.UserKeyChangeDeal)
    UserSwitchChangeDeal                     0x0800466d   Thumb Code    82  inoutuser.o(i.UserSwitchChangeDeal)
    Write8DotsUC1698U                        0x080046c9   Thumb Code   110  uc1698driver.o(i.Write8DotsUC1698U)
    WriteLcdCommand                          0x08004739   Thumb Code   226  uc1698driver.o(i.WriteLcdCommand)
    WriteLcdData                             0x0800482d   Thumb Code   226  uc1698driver.o(i.WriteLcdData)
    WriteX                                   0x08004921   Thumb Code    44  hmi101.o(i.WriteX)
    ZiKuInit                                 0x08004951   Thumb Code    12  zikuspi.o(i.ZiKuInit)
    gt_12_GetData                            0x08004a7d   Thumb Code   110  gt21l16s2w.o(i.gt_12_GetData)
    hmi101Scan                               0x08004af1   Thumb Code   130  hmi101.o(i.hmi101Scan)
    main                                     0x08004b73   Thumb Code    74  main.o(i.main)
    r_dat_bat                                0x08004bbd   Thumb Code    84  zikuspi.o(i.r_dat_bat)
    uartInit                                 0x08004cb9   Thumb Code     8  uartdriver.o(i.uartInit)
    __aeabi_fadd                             0x08004cc1   Thumb Code     0  faddsub_clz.o(x$fpl$fadd)
    _fadd                                    0x08004cc1   Thumb Code   196  faddsub_clz.o(x$fpl$fadd)
    __aeabi_fdiv                             0x08004d85   Thumb Code     0  fdiv.o(x$fpl$fdiv)
    _fdiv                                    0x08004d85   Thumb Code   384  fdiv.o(x$fpl$fdiv)
    __aeabi_f2iz                             0x08004f09   Thumb Code     0  ffix.o(x$fpl$ffix)
    _ffix                                    0x08004f09   Thumb Code    54  ffix.o(x$fpl$ffix)
    __aeabi_f2uiz                            0x08004f41   Thumb Code     0  ffixu.o(x$fpl$ffixu)
    _ffixu                                   0x08004f41   Thumb Code    62  ffixu.o(x$fpl$ffixu)
    __aeabi_i2f                              0x08004f81   Thumb Code     0  fflt_clz.o(x$fpl$fflt)
    _fflt                                    0x08004f81   Thumb Code    48  fflt_clz.o(x$fpl$fflt)
    __aeabi_ui2f                             0x08004fb1   Thumb Code     0  fflt_clz.o(x$fpl$ffltu)
    _ffltu                                   0x08004fb1   Thumb Code    38  fflt_clz.o(x$fpl$ffltu)
    __aeabi_fmul                             0x08004fd9   Thumb Code     0  fmul.o(x$fpl$fmul)
    _fmul                                    0x08004fd9   Thumb Code   258  fmul.o(x$fpl$fmul)
    __fpl_fnaninf                            0x080050db   Thumb Code   140  fnaninf.o(x$fpl$fnaninf)
    __fpl_fretinf                            0x08005167   Thumb Code    10  fretinf.o(x$fpl$fretinf)
    __aeabi_fsub                             0x08005171   Thumb Code     0  faddsub_clz.o(x$fpl$fsub)
    _fsub                                    0x08005171   Thumb Code   234  faddsub_clz.o(x$fpl$fsub)
    __I$use$fp                               0x0800525a   Number         0  usenofp.o(x$fpl$usenofp)
    userLedNoTab                             0x0800525a   Data          16  inoutuser.o(.constdata)
    userSwitchNoTab                          0x0800526a   Data           6  inoutuser.o(.constdata)
    userKeyNoTab                             0x08005270   Data          10  inoutuser.o(.constdata)
    LedBitLook                               0x0800527a   Data           8  inoutuser.o(.constdata)
    sojoImage                                0x08005282   Data         600  imagearray.o(.constdata)
    imageTabItems                            0x080054da   Data           1  imagearray.o(.constdata)
    GetBit                                   0x080054db   Data           8  lkdguibasic.o(.constdata)
    Region$$Table$$Base                      0x080054ec   Number         0  anon$$obj.o(Region$$Table)
    Region$$Table$$Limit                     0x0800550c   Number         0  anon$$obj.o(Region$$Table)
    SystemCoreClock                          0x20000000   Data           4  system_stm32f10x.o(.data)
    AHBPrescTable                            0x20000004   Data          16  system_stm32f10x.o(.data)
    LsiFreq                                  0x2000002c   Data           4  systemconfig.o(.data)
    SwitchChangeDealWith                     0x20000034   Data           4  switchdriver.o(.data)
    KeyChangeDealWith                        0x20000038   Data           4  keydriver.o(.data)
    imageTab                                 0x20000048   Data          12  imagearray.o(.data)
    forecolor                                0x20000054   Data           1  lkdguicolour.o(.data)
    backcolor                                0x20000055   Data           1  lkdguicolour.o(.data)
    switchInfo                               0x20000068   Data          36  switchdriver.o(.bss)
    keyInfo                                  0x2000008c   Data          60  keydriver.o(.bss)
    userLedNoStatus                          0x200000c8   Data          16  inoutuser.o(.bss)
    switchQueue                              0x200000d8   Data         131  inoutuser.o(.bss)
    keyQueue                                 0x2000015b   Data         131  inoutuser.o(.bss)
    DLT634_HMIMaster_Pad                     0x20000e60   Data          36  dlt634_hmimaster_app.o(.bss)
    DLT634_HMIMaster_App                     0x20000e84   Data        6186  dlt634_hmimaster_app.o(.bss)
    hmiSendInfo                              0x200026ae   Data        1030  hmi101.o(.bss)
    _random_number_data                      0x20002eb8   Data         228  rand.o(.bss)
    __libspace_start                         0x20002f9c   Data          96  libspace.o(.bss)
    __temporary_stack_top$libspace           0x20002ffc   Data           0  libspace.o(.bss)



==============================================================================

Memory Map of the image

  Image Entry point : 0x080000ed

  Load Region LR_IROM1 (Base: 0x08000000, Size: 0x00005574, Max: 0x00040000, ABSOLUTE)

    Execution Region ER_IROM1 (Base: 0x08000000, Size: 0x0000550c, Max: 0x00040000, ABSOLUTE)

    Base Addr    Size         Type   Attr      Idx    E Section Name        Object

    0x08000000   0x000000ec   Data   RO            3    RESET               startup_stm32f10x_md.o
    0x080000ec   0x00000008   Code   RO         2247  * !!!main             c_w.l(__main.o)
    0x080000f4   0x00000034   Code   RO         2439    !!!scatter          c_w.l(__scatter.o)
    0x08000128   0x0000001a   Code   RO         2441    !!handler_copy      c_w.l(__scatter_copy.o)
    0x08000142   0x00000002   PAD
    0x08000144   0x0000001c   Code   RO         2443    !!handler_zi        c_w.l(__scatter_zi.o)
    0x08000160   0x00000002   Code   RO         2362    .ARM.Collect$$libinit$$00000000  c_w.l(libinit.o)
    0x08000162   0x00000000   Code   RO         2281    .ARM.Collect$$libinit$$00000002  c_w.l(libinit2.o)
    0x08000162   0x00000000   Code   RO         2283    .ARM.Collect$$libinit$$00000004  c_w.l(libinit2.o)
    0x08000162   0x00000000   Code   RO         2286    .ARM.Collect$$libinit$$0000000A  c_w.l(libinit2.o)
    0x08000162   0x00000000   Code   RO         2288    .ARM.Collect$$libinit$$0000000C  c_w.l(libinit2.o)
    0x08000162   0x00000004   Code   RO         2289    .ARM.Collect$$libinit$$0000000D  c_w.l(libinit2.o)
    0x08000166   0x00000000   Code   RO         2290    .ARM.Collect$$libinit$$0000000E  c_w.l(libinit2.o)
    0x08000166   0x00000000   Code   RO         2293    .ARM.Collect$$libinit$$00000011  c_w.l(libinit2.o)
    0x08000166   0x00000000   Code   RO         2295    .ARM.Collect$$libinit$$00000013  c_w.l(libinit2.o)
    0x08000166   0x00000000   Code   RO         2297    .ARM.Collect$$libinit$$00000015  c_w.l(libinit2.o)
    0x08000166   0x00000000   Code   RO         2299    .ARM.Collect$$libinit$$00000017  c_w.l(libinit2.o)
    0x08000166   0x00000000   Code   RO         2301    .ARM.Collect$$libinit$$00000019  c_w.l(libinit2.o)
    0x08000166   0x00000000   Code   RO         2303    .ARM.Collect$$libinit$$0000001B  c_w.l(libinit2.o)
    0x08000166   0x00000000   Code   RO         2305    .ARM.Collect$$libinit$$0000001D  c_w.l(libinit2.o)
    0x08000166   0x00000000   Code   RO         2307    .ARM.Collect$$libinit$$0000001F  c_w.l(libinit2.o)
    0x08000166   0x00000000   Code   RO         2309    .ARM.Collect$$libinit$$00000021  c_w.l(libinit2.o)
    0x08000166   0x00000000   Code   RO         2311    .ARM.Collect$$libinit$$00000023  c_w.l(libinit2.o)
    0x08000166   0x00000000   Code   RO         2313    .ARM.Collect$$libinit$$00000025  c_w.l(libinit2.o)
    0x08000166   0x00000000   Code   RO         2317    .ARM.Collect$$libinit$$0000002C  c_w.l(libinit2.o)
    0x08000166   0x00000000   Code   RO         2319    .ARM.Collect$$libinit$$0000002E  c_w.l(libinit2.o)
    0x08000166   0x00000000   Code   RO         2321    .ARM.Collect$$libinit$$00000030  c_w.l(libinit2.o)
    0x08000166   0x00000000   Code   RO         2323    .ARM.Collect$$libinit$$00000032  c_w.l(libinit2.o)
    0x08000166   0x00000002   Code   RO         2324    .ARM.Collect$$libinit$$00000033  c_w.l(libinit2.o)
    0x08000168   0x00000002   Code   RO         2400    .ARM.Collect$$libshutdown$$00000000  c_w.l(libshutdown.o)
    0x0800016a   0x00000000   Code   RO         2406    .ARM.Collect$$libshutdown$$00000002  c_w.l(libshutdown2.o)
    0x0800016a   0x00000000   Code   RO         2408    .ARM.Collect$$libshutdown$$00000004  c_w.l(libshutdown2.o)
    0x0800016a   0x00000000   Code   RO         2411    .ARM.Collect$$libshutdown$$00000007  c_w.l(libshutdown2.o)
    0x0800016a   0x00000000   Code   RO         2414    .ARM.Collect$$libshutdown$$0000000A  c_w.l(libshutdown2.o)
    0x0800016a   0x00000000   Code   RO         2416    .ARM.Collect$$libshutdown$$0000000C  c_w.l(libshutdown2.o)
    0x0800016a   0x00000000   Code   RO         2419    .ARM.Collect$$libshutdown$$0000000F  c_w.l(libshutdown2.o)
    0x0800016a   0x00000002   Code   RO         2420    .ARM.Collect$$libshutdown$$00000010  c_w.l(libshutdown2.o)
    0x0800016c   0x00000000   Code   RO         2275    .ARM.Collect$$rtentry$$00000000  c_w.l(__rtentry.o)
    0x0800016c   0x00000000   Code   RO         2331    .ARM.Collect$$rtentry$$00000002  c_w.l(__rtentry2.o)
    0x0800016c   0x00000006   Code   RO         2343    .ARM.Collect$$rtentry$$00000004  c_w.l(__rtentry4.o)
    0x08000172   0x00000000   Code   RO         2333    .ARM.Collect$$rtentry$$00000009  c_w.l(__rtentry2.o)
    0x08000172   0x00000004   Code   RO         2334    .ARM.Collect$$rtentry$$0000000A  c_w.l(__rtentry2.o)
    0x08000176   0x00000000   Code   RO         2336    .ARM.Collect$$rtentry$$0000000C  c_w.l(__rtentry2.o)
    0x08000176   0x00000008   Code   RO         2337    .ARM.Collect$$rtentry$$0000000D  c_w.l(__rtentry2.o)
    0x0800017e   0x00000002   Code   RO         2368    .ARM.Collect$$rtexit$$00000000  c_w.l(rtexit.o)
    0x08000180   0x00000000   Code   RO         2380    .ARM.Collect$$rtexit$$00000002  c_w.l(rtexit2.o)
    0x08000180   0x00000004   Code   RO         2381    .ARM.Collect$$rtexit$$00000003  c_w.l(rtexit2.o)
    0x08000184   0x00000006   Code   RO         2382    .ARM.Collect$$rtexit$$00000004  c_w.l(rtexit2.o)
    0x0800018a   0x00000002   PAD
    0x0800018c   0x00000034   Code   RO         2232    .emb_text           c_w.l(rand.o)
    0x080001c0   0x00000040   Code   RO            4    .text               startup_stm32f10x_md.o
    0x08000200   0x0000003c   Code   RO         2233    .text               c_w.l(rand.o)
    0x0800023c   0x00000058   Code   RO         2237    .text               c_w.l(memcmp.o)
    0x08000294   0x0000003e   Code   RO         2239    .text               c_w.l(strlen.o)
    0x080002d2   0x0000008a   Code   RO         2241    .text               c_w.l(rt_memcpy_v6.o)
    0x0800035c   0x00000044   Code   RO         2243    .text               c_w.l(rt_memclr.o)
    0x080003a0   0x00000006   Code   RO         2245    .text               c_w.l(heapauxi.o)
    0x080003a6   0x00000064   Code   RO         2276    .text               c_w.l(rt_memcpy_w.o)
    0x0800040a   0x0000004e   Code   RO         2278    .text               c_w.l(rt_memclr_w.o)
    0x08000458   0x0000004a   Code   RO         2349    .text               c_w.l(sys_stackheap_outer.o)
    0x080004a2   0x00000012   Code   RO         2351    .text               c_w.l(exit.o)
    0x080004b4   0x00000008   Code   RO         2365    .text               c_w.l(libspace.o)
    0x080004bc   0x00000002   Code   RO         2376    .text               c_w.l(use_no_semi.o)
    0x080004be   0x00000000   Code   RO         2378    .text               c_w.l(indicate_semi.o)
    0x080004be   0x00000002   PAD
    0x080004c0   0x0000000c   Code   RO         2392    .text               c_w.l(sys_exit.o)
    0x080004cc   0x000000d4   Code   RO         2173    i.ASCII_GetData     GT21L16S2W_lib.lib(gt21l16s2w.o)
    0x080005a0   0x00000004   Code   RO         1221    i.BusFault_Handler  stm32f10x_it.o
    0x080005a4   0x00000024   Code   RO         1551    i.CloseLcdDisplay   uc1698driver.o
    0x080005c8   0x00000050   Code   RO         2014    i.Cmd101DownControl  hmi101.o
    0x08000618   0x0000000c   Code   RO         2015    i.Cmd101SendFinish  hmi101.o
    0x08000624   0x00000050   Code   RO         1404    i.ContinuousOutResult  inoutuser.o
    0x08000674   0x000000cc   Code   RO         1836    i.DLT634_HMI_MASTER_AppProcess  dlt634_hmimaster_app.o
    0x08000740   0x00000060   Code   RO         1837    i.DLT634_HMI_MASTER_CKS  dlt634_hmimaster_app.o
    0x080007a0   0x00000012   Code   RO         1949    i.DLT634_HMI_MASTER_C_REPLY  dlt634_hmimaster_disk.o
    0x080007b2   0x00000002   PAD
    0x080007b4   0x00000070   Code   RO         1838    i.DLT634_HMI_MASTER_CheckFram10Valid  dlt634_hmimaster_app.o
    0x08000824   0x0000006c   Code   RO         1839    i.DLT634_HMI_MASTER_CheckFram68Valid  dlt634_hmimaster_app.o
    0x08000890   0x000000a4   Code   RO         1840    i.DLT634_HMI_MASTER_Clock  dlt634_hmimaster_app.o
    0x08000934   0x00000064   Code   RO         1841    i.DLT634_HMI_MASTER_Data1Process  dlt634_hmimaster_app.o
    0x08000998   0x000002cc   Code   RO         1842    i.DLT634_HMI_MASTER_DecodeFrame10  dlt634_hmimaster_app.o
    0x08000c64   0x0000004c   Code   RO         1843    i.DLT634_HMI_MASTER_DecodeFrame68  dlt634_hmimaster_app.o
    0x08000cb0   0x0000000c   Code   RO         1950    i.DLT634_HMI_MASTER_H_HMIYX  dlt634_hmimaster_disk.o
    0x08000cbc   0x00000098   Code   RO         1951    i.DLT634_HMI_MASTER_INIT  dlt634_hmimaster_disk.o
    0x08000d54   0x000001a0   Code   RO         1844    i.DLT634_HMI_MASTER_Link10Process  dlt634_hmimaster_app.o
    0x08000ef4   0x000000ac   Code   RO         1845    i.DLT634_HMI_MASTER_Link68Process  dlt634_hmimaster_app.o
    0x08000fa0   0x000002a0   Code   RO         1846    i.DLT634_HMI_MASTER_LinkOnTimer  dlt634_hmimaster_app.o
    0x08001240   0x0000011c   Code   RO         1847    i.DLT634_HMI_MASTER_MasterFrame10Packet  dlt634_hmimaster_app.o
    0x0800135c   0x0000018c   Code   RO         1848    i.DLT634_HMI_MASTER_MasterFrame68Packet  dlt634_hmimaster_app.o
    0x080014e8   0x00000028   Code   RO         1849    i.DLT634_HMI_MASTER_REPLY  dlt634_hmimaster_app.o
    0x08001510   0x00000024   Code   RO         1953    i.DLT634_HMI_MASTER_ReadData  dlt634_hmimaster_disk.o
    0x08001534   0x00000160   Code   RO         1850    i.DLT634_HMI_MASTER_ReadMISIData  dlt634_hmimaster_app.o
    0x08001694   0x00000600   Code   RO         1851    i.DLT634_HMI_MASTER_SearchValidFrame  dlt634_hmimaster_app.o
    0x08001c94   0x0000006c   Code   RO         1852    i.DLT634_HMI_MASTER_SendProcess  dlt634_hmimaster_app.o
    0x08001d00   0x000000d8   Code   RO         1853    i.DLT634_HMI_MASTER_SlaveFrame10Packet  dlt634_hmimaster_app.o
    0x08001dd8   0x0000000e   Code   RO         1954    i.DLT634_HMI_MASTER_TO_HMI  dlt634_hmimaster_disk.o
    0x08001de6   0x00000024   Code   RO         1955    i.DLT634_HMI_MASTER_WriteData  dlt634_hmimaster_disk.o
    0x08001e0a   0x00000002   PAD
    0x08001e0c   0x000000c0   Code   RO         1854    i.DLT634_HMI_MASTER_WriteDataToMISI  dlt634_hmimaster_app.o
    0x08001ecc   0x00000030   Code   RO         1956    i.DLT634_HMI_MasterTask  dlt634_hmimaster_disk.o
    0x08001efc   0x0000000a   Code   RO         1957    i.DLT634_HMI_SLAVE_EMPTY  dlt634_hmimaster_disk.o
    0x08001f06   0x00000002   Code   RO         1222    i.DebugMon_Handler  stm32f10x_it.o
    0x08001f08   0x00000012   Code   RO         1160    i.Delay_ms          systemconfig.o
    0x08001f1a   0x00000002   PAD
    0x08001f1c   0x0000004c   Code   RO         1161    i.Delay_us          systemconfig.o
    0x08001f68   0x00000034   Code   RO         2016    i.EndCmd101Down     hmi101.o
    0x08001f9c   0x00000116   Code   RO          735    i.GPIO_Init         stm32f10x_gpio.o
    0x080020b2   0x00000012   Code   RO          739    i.GPIO_ReadInputDataBit  stm32f10x_gpio.o
    0x080020c4   0x00000012   Code   RO          741    i.GPIO_ReadOutputDataBit  stm32f10x_gpio.o
    0x080020d6   0x00000004   Code   RO          742    i.GPIO_ResetBits    stm32f10x_gpio.o
    0x080020da   0x00000004   Code   RO          743    i.GPIO_SetBits      stm32f10x_gpio.o
    0x080020de   0x00000002   PAD
    0x080020e0   0x00000148   Code   RO         1507    i.GUIStartInterface  guidisplay.o
    0x08002228   0x00000014   Code   RO         1328    i.GetCurrentSwitchStatus  switchdriver.o
    0x0800223c   0x000000b0   Code   RO         1369    i.GetKeyStatus      keydriver.o
    0x080022ec   0x00000128   Code   RO         1295    i.GetLedStatus      leddriver.o
    0x08002414   0x00000074   Code   RO         1329    i.GetSwitchStatus   switchdriver.o
    0x08002488   0x0000001a   Code   RO         1162    i.GetTimer1IntervalTick  systemconfig.o
    0x080024a2   0x00000002   PAD
    0x080024a4   0x0000000c   Code   RO         1163    i.GetTimer1Tick     systemconfig.o
    0x080024b0   0x00000008   Code   RO         1405    i.GetkeyQueueP      inoutuser.o
    0x080024b8   0x00000008   Code   RO         1406    i.GetswitchQueueP   inoutuser.o
    0x080024c0   0x0000027c   Code   RO         1610    i.GuiAreaBitMap     lkdguibasic.o
    0x0800273c   0x0000011e   Code   RO         1611    i.GuiBiasLine       lkdguibasic.o
    0x0800285a   0x00000002   PAD
    0x0800285c   0x000000d8   Code   RO         1612    i.GuiBitMap         lkdguibasic.o
    0x08002934   0x000000da   Code   RO         1785    i.GuiButton         lkdguicontrol.o
    0x08002a0e   0x00000050   Code   RO         2017    i.GuiCmd100Fun      hmi101.o
    0x08002a5e   0x0000003a   Code   RO         2018    i.GuiCmd101Fun      hmi101.o
    0x08002a98   0x0000001e   Code   RO         2019    i.GuiCmd102Fun      hmi101.o
    0x08002ab6   0x0000000c   Code   RO         2020    i.GuiCmd103Fun      hmi101.o
    0x08002ac2   0x00000002   PAD
    0x08002ac4   0x00000040   Code   RO         2021    i.GuiCmd104Fun      hmi101.o
    0x08002b04   0x0000003e   Code   RO         2022    i.GuiCmd105Fun      hmi101.o
    0x08002b42   0x00000002   PAD
    0x08002b44   0x00000054   Code   RO         2023    i.GuiCmd106Fun      hmi101.o
    0x08002b98   0x0000005c   Code   RO         2024    i.GuiCmd107Fun      hmi101.o
    0x08002bf4   0x00000066   Code   RO         2025    i.GuiCmd108Fun      hmi101.o
    0x08002c5a   0x00000030   Code   RO         2026    i.GuiCmd109Fun      hmi101.o
    0x08002c8a   0x00000002   PAD
    0x08002c8c   0x00000064   Code   RO         1727    i.GuiDrawPoint      lkdguidriver.o
    0x08002cf0   0x0000001c   Code   RO         1685    i.GuiExchangeColor  lkdguicolour.o
    0x08002d0c   0x00000042   Code   RO         1614    i.GuiFillRect       lkdguibasic.o
    0x08002d4e   0x00000002   PAD
    0x08002d50   0x00000080   Code   RO         1761    i.GuiFont12         lkdguifont.o
    0x08002dd0   0x0000014c   Code   RO         1762    i.GuiFont12Align    lkdguifont.o
    0x08002f1c   0x0000000c   Code   RO         1686    i.GuiGetForecolor   lkdguicolour.o
    0x08002f28   0x0000000c   Code   RO         1687    i.GuiGetbackcolor   lkdguicolour.o
    0x08002f34   0x0000001a   Code   RO         1615    i.GuiHLine          lkdguibasic.o
    0x08002f4e   0x0000006a   Code   RO         1616    i.GuiHPointLine     lkdguibasic.o
    0x08002fb8   0x0000001a   Code   RO         1618    i.GuiRLine          lkdguibasic.o
    0x08002fd2   0x0000006a   Code   RO         1619    i.GuiRPointLine     lkdguibasic.o
    0x0800303c   0x0000004a   Code   RO         1620    i.GuiRect           lkdguibasic.o
    0x08003086   0x00000002   PAD
    0x08003088   0x0000000c   Code   RO         1688    i.GuiSetForecolor   lkdguicolour.o
    0x08003094   0x0000000c   Code   RO         1689    i.GuiSetbackcolor   lkdguicolour.o
    0x080030a0   0x00000054   Code   RO         1729    i.GuiUpdateDisplayAll  lkdguidriver.o
    0x080030f4   0x00000158   Code   RO         1786    i.GuiVScroll        lkdguicontrol.o
    0x0800324c   0x00000004   Code   RO         1223    i.HardFault_Handler  stm32f10x_it.o
    0x08003250   0x0000000c   Code   RO         2027    i.Hmi101Init        hmi101.o
    0x0800325c   0x00000054   Code   RO         2028    i.Hmi101Main        hmi101.o
    0x080032b0   0x00000046   Code   RO         2029    i.HmiCmd001Fun      hmi101.o
    0x080032f6   0x000000b0   Code   RO         2030    i.HmiGuiCmdResult   hmi101.o
    0x080033a6   0x0000000c   Code   RO         1407    i.InOutUserMain     inoutuser.o
    0x080033b2   0x00000002   PAD
    0x080033b4   0x000000b4   Code   RO         2031    i.KeyChangeCmdSend  hmi101.o
    0x08003468   0x00000018   Code   RO         1370    i.KeyDriverInit     keydriver.o
    0x08003480   0x000000ac   Code   RO         1371    i.KeyGpioInit       keydriver.o
    0x0800352c   0x00000010   Code   RO         1408    i.KeyQueueInit      inoutuser.o
    0x0800353c   0x000000a0   Code   RO         1552    i.LcdGpioConfig     uc1698driver.o
    0x080035dc   0x000000dc   Code   RO         1553    i.LcdInit           uc1698driver.o
    0x080036b8   0x00000010   Code   RO         1296    i.LedDriverInit     leddriver.o
    0x080036c8   0x0000013c   Code   RO         1297    i.LedGpioInit       leddriver.o
    0x08003804   0x00000004   Code   RO         1224    i.MemManage_Handler  stm32f10x_it.o
    0x08003808   0x00000002   Code   RO         1225    i.NMI_Handler       stm32f10x_it.o
    0x0800380a   0x0000000c   Code   RO         1164    i.NVIC_Configuration  systemconfig.o
    0x08003816   0x00000002   PAD
    0x08003818   0x00000070   Code   RO          693    i.NVIC_Init         misc.o
    0x08003888   0x00000014   Code   RO          694    i.NVIC_PriorityGroupConfig  misc.o
    0x0800389c   0x00000028   Code   RO         1554    i.OpenLcdDisplay    uc1698driver.o
    0x080038c4   0x00000002   Code   RO         1226    i.PendSV_Handler    stm32f10x_it.o
    0x080038c6   0x00000002   PAD
    0x080038c8   0x00000020   Code   RO          847    i.RCC_APB2PeriphClockCmd  stm32f10x_rcc.o
    0x080038e8   0x000000d4   Code   RO          855    i.RCC_GetClocksFreq  stm32f10x_rcc.o
    0x080039bc   0x000000fc   Code   RO         2032    i.Readx             hmi101.o
    0x08003ab8   0x00000018   Code   RO          142    i.SPI_Cmd           stm32f10x_spi.o
    0x08003ad0   0x00000012   Code   RO          143    i.SPI_DataSizeConfig  stm32f10x_spi.o
    0x08003ae2   0x00000012   Code   RO          150    i.SPI_I2S_GetFlagStatus  stm32f10x_spi.o
    0x08003af4   0x00000006   Code   RO          153    i.SPI_I2S_ReceiveData  stm32f10x_spi.o
    0x08003afa   0x00000004   Code   RO          154    i.SPI_I2S_SendData  stm32f10x_spi.o
    0x08003afe   0x0000003c   Code   RO          155    i.SPI_Init          stm32f10x_spi.o
    0x08003b3a   0x00000002   Code   RO         1227    i.SVC_Handler       stm32f10x_it.o
    0x08003b3c   0x00000098   Code   RO         1372    i.ScanKeyStatus     keydriver.o
    0x08003bd4   0x00000094   Code   RO         1330    i.ScanSwitchStatus  switchdriver.o
    0x08003c68   0x0000001a   Code   RO         1555    i.SetLcdCol         uc1698driver.o
    0x08003c82   0x0000001c   Code   RO         1556    i.SetLcdRow         uc1698driver.o
    0x08003c9e   0x00000002   PAD
    0x08003ca0   0x000001d4   Code   RO         1298    i.SetLedState       leddriver.o
    0x08003e74   0x00000008   Code   RO           24    i.SetSysClock       system_stm32f10x.o
    0x08003e7c   0x000000e0   Code   RO           25    i.SetSysClockTo72   system_stm32f10x.o
    0x08003f5c   0x00000058   Code   RO         1409    i.SetUserLedStatus  inoutuser.o
    0x08003fb4   0x000000a4   Code   RO         2033    i.SwitchAllStateCmdSend  hmi101.o
    0x08004058   0x00000034   Code   RO         1410    i.SwitchAllStateFill  inoutuser.o
    0x0800408c   0x00000048   Code   RO         2034    i.SwitchAllStateSendControl  hmi101.o
    0x080040d4   0x000000b8   Code   RO         2035    i.SwitchChangeCmdSend  hmi101.o
    0x0800418c   0x00000018   Code   RO         1331    i.SwitchDriverInit  switchdriver.o
    0x080041a4   0x00000078   Code   RO         1332    i.SwitchGpioInit    switchdriver.o
    0x0800421c   0x00000010   Code   RO         1411    i.SwitchQueueInit   inoutuser.o
    0x0800422c   0x00000010   Code   RO         1165    i.SysTick_Handler   systemconfig.o
    0x0800423c   0x0000008c   Code   RO         1166    i.SysTick_Init      systemconfig.o
    0x080042c8   0x00000060   Code   RO           27    i.SystemInit        system_stm32f10x.o
    0x08004328   0x00000010   Code   RO         1167    i.SystemconfigInit  systemconfig.o
    0x08004338   0x00000074   Code   RO         2036    i.USART1_IRQHandler  hmi101.o
    0x080043ac   0x00000018   Code   RO          289    i.USART_Cmd         stm32f10x_usart.o
    0x080043c4   0x0000001a   Code   RO          292    i.USART_GetFlagStatus  stm32f10x_usart.o
    0x080043de   0x0000004a   Code   RO          295    i.USART_ITConfig    stm32f10x_usart.o
    0x08004428   0x000000d8   Code   RO          296    i.USART_Init        stm32f10x_usart.o
    0x08004500   0x00000008   Code   RO          306    i.USART_SendData    stm32f10x_usart.o
    0x08004508   0x00000004   Code   RO         1228    i.UsageFault_Handler  stm32f10x_it.o
    0x0800450c   0x000000c0   Code   RO         1412    i.UserCommunLed     inoutuser.o
    0x080045cc   0x0000005c   Code   RO         1413    i.UserKeyChangeDeal  inoutuser.o
    0x08004628   0x00000044   Code   RO         1414    i.UserRunLed        inoutuser.o
    0x0800466c   0x0000005c   Code   RO         1415    i.UserSwitchChangeDeal  inoutuser.o
    0x080046c8   0x0000006e   Code   RO         1557    i.Write8DotsUC1698U  uc1698driver.o
    0x08004736   0x00000002   PAD
    0x08004738   0x000000f4   Code   RO         1558    i.WriteLcdCommand   uc1698driver.o
    0x0800482c   0x000000f4   Code   RO         1559    i.WriteLcdData      uc1698driver.o
    0x08004920   0x00000030   Code   RO         2037    i.WriteX            hmi101.o
    0x08004950   0x0000000c   Code   RO         1803    i.ZiKuInit          zikuspi.o
    0x0800495c   0x00000068   Code   RO         1804    i.ZikuGpioConfig    zikuspi.o
    0x080049c4   0x00000064   Code   RO         1805    i.ZikuSpiConfig     zikuspi.o
    0x08004a28   0x00000054   Code   RO         1806    i.ZikuSpiReadWriteByte  zikuspi.o
    0x08004a7c   0x00000074   Code   RO         2179    i.gt_12_GetData     GT21L16S2W_lib.lib(gt21l16s2w.o)
    0x08004af0   0x00000082   Code   RO         2038    i.hmi101Scan        hmi101.o
    0x08004b72   0x0000004a   Code   RO         1085    i.main              main.o
    0x08004bbc   0x00000058   Code   RO         1807    i.r_dat_bat         zikuspi.o
    0x08004c14   0x000000a4   Code   RO         1278    i.uartGpioConfig    uartdriver.o
    0x08004cb8   0x00000008   Code   RO         1279    i.uartInit          uartdriver.o
    0x08004cc0   0x000000c4   Code   RO         2249    x$fpl$fadd          fz_ws.l(faddsub_clz.o)
    0x08004d84   0x00000184   Code   RO         2256    x$fpl$fdiv          fz_ws.l(fdiv.o)
    0x08004f08   0x00000036   Code   RO         2259    x$fpl$ffix          fz_ws.l(ffix.o)
    0x08004f3e   0x00000002   PAD
    0x08004f40   0x0000003e   Code   RO         2263    x$fpl$ffixu         fz_ws.l(ffixu.o)
    0x08004f7e   0x00000002   PAD
    0x08004f80   0x00000030   Code   RO         2268    x$fpl$fflt          fz_ws.l(fflt_clz.o)
    0x08004fb0   0x00000026   Code   RO         2267    x$fpl$ffltu         fz_ws.l(fflt_clz.o)
    0x08004fd6   0x00000002   PAD
    0x08004fd8   0x00000102   Code   RO         2273    x$fpl$fmul          fz_ws.l(fmul.o)
    0x080050da   0x0000008c   Code   RO         2325    x$fpl$fnaninf       fz_ws.l(fnaninf.o)
    0x08005166   0x0000000a   Code   RO         2327    x$fpl$fretinf       fz_ws.l(fretinf.o)
    0x08005170   0x000000ea   Code   RO         2251    x$fpl$fsub          fz_ws.l(faddsub_clz.o)
    0x0800525a   0x00000000   Code   RO         2329    x$fpl$usenofp       fz_ws.l(usenofp.o)
    0x0800525a   0x00000028   Data   RO         1417    .constdata          inoutuser.o
    0x08005282   0x00000259   Data   RO         1494    .constdata          imagearray.o
    0x080054db   0x00000008   Data   RO         1621    .constdata          lkdguibasic.o
    0x080054e3   0x00000008   Data   RO         1731    .constdata          lkdguidriver.o
    0x080054eb   0x00000001   PAD
    0x080054ec   0x00000020   Data   RO         2437    Region$$Table       anon$$obj.o


    Execution Region RW_IRAM1 (Base: 0x20000000, Size: 0x00003a00, Max: 0x0000c000, ABSOLUTE)

    Base Addr    Size         Type   Attr      Idx    E Section Name        Object

    0x20000000   0x00000014   Data   RW           28    .data               system_stm32f10x.o
    0x20000014   0x00000014   Data   RW          875    .data               stm32f10x_rcc.o
    0x20000028   0x0000000c   Data   RW         1168    .data               systemconfig.o
    0x20000034   0x00000004   Data   RW         1334    .data               switchdriver.o
    0x20000038   0x00000004   Data   RW         1374    .data               keydriver.o
    0x2000003c   0x0000000b   Data   RW         1418    .data               inoutuser.o
    0x20000047   0x00000001   PAD
    0x20000048   0x0000000c   Data   RW         1495    .data               imagearray.o
    0x20000054   0x00000002   Data   RW         1690    .data               lkdguicolour.o
    0x20000056   0x00000001   Data   RW         1958    .data               dlt634_hmimaster_disk.o
    0x20000057   0x00000001   PAD
    0x20000058   0x0000000d   Data   RW         2040    .data               hmi101.o
    0x20000065   0x00000003   PAD
    0x20000068   0x00000024   Zero   RW         1333    .bss                switchdriver.o
    0x2000008c   0x0000003c   Zero   RW         1373    .bss                keydriver.o
    0x200000c8   0x00000116   Zero   RW         1416    .bss                inoutuser.o
    0x200001de   0x00000c80   Zero   RW         1730    .bss                lkdguidriver.o
    0x20000e5e   0x00000002   PAD
    0x20000e60   0x0000184e   Zero   RW         1855    .bss                dlt634_hmimaster_app.o
    0x200026ae   0x0000080a   Zero   RW         2039    .bss                hmi101.o
    0x20002eb8   0x000000e4   Zero   RW         2234    .bss                c_w.l(rand.o)
    0x20002f9c   0x00000060   Zero   RW         2366    .bss                c_w.l(libspace.o)
    0x20002ffc   0x00000004   PAD
    0x20003000   0x00000200   Zero   RW            2    HEAP                startup_stm32f10x_md.o
    0x20003200   0x00000800   Zero   RW            1    STACK               startup_stm32f10x_md.o


==============================================================================

Image component sizes


      Code (inc. data)   RO Data    RW Data    ZI Data      Debug   Object Name

         0          0          0          0          0       4508   core_cm3.o
      5960        138          0          0       6222      14080   dlt634_hmimaster_app.o
       326         10          0          1          0       5236   dlt634_hmimaster_disk.o
       328         40          0          0          0       4496   guidisplay.o
      2264        102          0         13       2058      14781   hmi101.o
         0          0        601         12          0       1067   imagearray.o
       724         88         40         11        278       7195   inoutuser.o
       524         46          0          4         60       3808   keydriver.o
      1096        110          0          0          0       4259   leddriver.o
      1542         10          8          0          0       9045   lkdguibasic.o
        76         34          0          2          0       2997   lkdguicolour.o
       562          0          0          0          0       1781   lkdguicontrol.o
       184         16          8          0       3200       2767   lkdguidriver.o
       460         10          0          0          0       2065   lkdguifont.o
        74          0          0          0          0      19116   main.o
       132         22          0          0          0       1479   misc.o
        64         26        236          0       2560        856   startup_stm32f10x_md.o
       322          0          0          0          0       4185   stm32f10x_gpio.o
        24          0          0          0          0       3300   stm32f10x_it.o
       244         26          0         20          0       3797   stm32f10x_rcc.o
       130          0          0          0          0       4271   stm32f10x_spi.o
       348          6          0          0          0       4757   stm32f10x_usart.o
       428         56          0          4         36       4009   switchdriver.o
       328         28          0         20          0     237033   system_stm32f10x.o
       316         36          0         12          0      19776   systemconfig.o
       172         10          0          0          0       1047   uartdriver.o
      1108         68          0          0          0       4974   uc1698driver.o
       388         18          0          0          0       2763   zikuspi.o

    ----------------------------------------------------------------------
     18156        900        926        104      14416     389448   Object Totals
         0          0         32          0          0          0   (incl. Generated)
        32          0          1          5          2          0   (incl. Padding)

    ----------------------------------------------------------------------

      Code (inc. data)   RO Data    RW Data    ZI Data      Debug   Library Member Name

       328         30          0          0          0       1580   gt21l16s2w.o
         8          0          0          0          0         68   __main.o
         0          0          0          0          0          0   __rtentry.o
        12          0          0          0          0          0   __rtentry2.o
         6          0          0          0          0          0   __rtentry4.o
        52          8          0          0          0          0   __scatter.o
        26          0          0          0          0          0   __scatter_copy.o
        28          0          0          0          0          0   __scatter_zi.o
        18          0          0          0          0         80   exit.o
         6          0          0          0          0        152   heapauxi.o
         0          0          0          0          0          0   indicate_semi.o
         2          0          0          0          0          0   libinit.o
         6          0          0          0          0          0   libinit2.o
         2          0          0          0          0          0   libshutdown.o
         2          0          0          0          0          0   libshutdown2.o
         8          4          0          0         96         68   libspace.o
        88          0          0          0          0         76   memcmp.o
       112         18          0          0        228        160   rand.o
        68          0          0          0          0         68   rt_memclr.o
        78          0          0          0          0         80   rt_memclr_w.o
       138          0          0          0          0         68   rt_memcpy_v6.o
       100          0          0          0          0         80   rt_memcpy_w.o
         2          0          0          0          0          0   rtexit.o
        10          0          0          0          0          0   rtexit2.o
        62          0          0          0          0         76   strlen.o
        12          4          0          0          0         68   sys_exit.o
        74          0          0          0          0         80   sys_stackheap_outer.o
         2          0          0          0          0         68   use_no_semi.o
       430          8          0          0          0        168   faddsub_clz.o
       388         76          0          0          0         96   fdiv.o
        54          4          0          0          0         84   ffix.o
        62          4          0          0          0         84   ffixu.o
        86          0          0          0          0        136   fflt_clz.o
       258          4          0          0          0         84   fmul.o
       140          4          0          0          0         84   fnaninf.o
        10          0          0          0          0         68   fretinf.o
         0          0          0          0          0          0   usenofp.o

    ----------------------------------------------------------------------
      2690        164          0          0        328       3576   Library Totals
        12          0          0          0          4          0   (incl. Padding)

    ----------------------------------------------------------------------

      Code (inc. data)   RO Data    RW Data    ZI Data      Debug   Library Name

       328         30          0          0          0       1580   GT21L16S2W_lib.lib
       922         34          0          0        324       1192   c_w.l
      1428        100          0          0          0        804   fz_ws.l

    ----------------------------------------------------------------------
      2690        164          0          0        328       3576   Library Totals

    ----------------------------------------------------------------------

==============================================================================


      Code (inc. data)   RO Data    RW Data    ZI Data      Debug   

     20846       1064        926        104      14744     384136   Grand Totals
     20846       1064        926        104      14744     384136   ELF Image Totals
     20846       1064        926        104          0          0   ROM Totals

==============================================================================

    Total RO  Size (Code + RO Data)                21772 (  21.26kB)
    Total RW  Size (RW Data + ZI Data)             14848 (  14.50kB)
    Total ROM Size (Code + RO Data + RW Data)      21876 (  21.36kB)

==============================================================================

