Component: ARM Compiler 5.06 update 5 (build 528) Tool: armlink [4d35e2]

==============================================================================

Section Cross References

    startup_stm32f10x_md.o(STACK) refers (Special) to heapauxi.o(.text) for __use_two_region_memory
    startup_stm32f10x_md.o(HEAP) refers (Special) to heapauxi.o(.text) for __use_two_region_memory
    startup_stm32f10x_md.o(RESET) refers (Special) to heapauxi.o(.text) for __use_two_region_memory
    startup_stm32f10x_md.o(RESET) refers to startup_stm32f10x_md.o(STACK) for __initial_sp
    startup_stm32f10x_md.o(RESET) refers to startup_stm32f10x_md.o(.text) for Reset_Handler
    startup_stm32f10x_md.o(RESET) refers to stm32f10x_it.o(i.NMI_Handler) for NMI_Handler
    startup_stm32f10x_md.o(RESET) refers to stm32f10x_it.o(i.HardFault_Handler) for HardFault_Handler
    startup_stm32f10x_md.o(RESET) refers to stm32f10x_it.o(i.MemManage_Handler) for MemManage_Handler
    startup_stm32f10x_md.o(RESET) refers to stm32f10x_it.o(i.BusFault_Handler) for BusFault_Handler
    startup_stm32f10x_md.o(RESET) refers to stm32f10x_it.o(i.UsageFault_Handler) for UsageFault_Handler
    startup_stm32f10x_md.o(RESET) refers to stm32f10x_it.o(i.SVC_Handler) for SVC_Handler
    startup_stm32f10x_md.o(RESET) refers to stm32f10x_it.o(i.DebugMon_Handler) for DebugMon_Handler
    startup_stm32f10x_md.o(RESET) refers to stm32f10x_it.o(i.PendSV_Handler) for PendSV_Handler
    startup_stm32f10x_md.o(RESET) refers to systemconfig.o(i.SysTick_Handler) for SysTick_Handler
    startup_stm32f10x_md.o(RESET) refers to hmi101.o(i.USART1_IRQHandler) for USART1_IRQHandler
    startup_stm32f10x_md.o(.text) refers (Special) to heapauxi.o(.text) for __use_two_region_memory
    startup_stm32f10x_md.o(.text) refers to system_stm32f10x.o(i.SystemInit) for SystemInit
    startup_stm32f10x_md.o(.text) refers to __main.o(!!!main) for __main
    startup_stm32f10x_md.o(.text) refers to startup_stm32f10x_md.o(HEAP) for Heap_Mem
    startup_stm32f10x_md.o(.text) refers to startup_stm32f10x_md.o(STACK) for Stack_Mem
    system_stm32f10x.o(i.SetSysClock) refers to system_stm32f10x.o(i.SetSysClockTo72) for SetSysClockTo72
    system_stm32f10x.o(i.SystemCoreClockUpdate) refers to system_stm32f10x.o(.data) for SystemCoreClock
    system_stm32f10x.o(i.SystemInit) refers to system_stm32f10x.o(i.SetSysClock) for SetSysClock
    stm32f10x_spi.o(i.I2S_Init) refers to stm32f10x_rcc.o(i.RCC_GetClocksFreq) for RCC_GetClocksFreq
    stm32f10x_spi.o(i.SPI_I2S_DeInit) refers to stm32f10x_rcc.o(i.RCC_APB2PeriphResetCmd) for RCC_APB2PeriphResetCmd
    stm32f10x_spi.o(i.SPI_I2S_DeInit) refers to stm32f10x_rcc.o(i.RCC_APB1PeriphResetCmd) for RCC_APB1PeriphResetCmd
    stm32f10x_usart.o(i.USART_DeInit) refers to stm32f10x_rcc.o(i.RCC_APB2PeriphResetCmd) for RCC_APB2PeriphResetCmd
    stm32f10x_usart.o(i.USART_DeInit) refers to stm32f10x_rcc.o(i.RCC_APB1PeriphResetCmd) for RCC_APB1PeriphResetCmd
    stm32f10x_usart.o(i.USART_Init) refers to stm32f10x_rcc.o(i.RCC_GetClocksFreq) for RCC_GetClocksFreq
    stm32f10x_flash.o(i.FLASH_EnableWriteProtection) refers to stm32f10x_flash.o(i.FLASH_WaitForLastOperation) for FLASH_WaitForLastOperation
    stm32f10x_flash.o(i.FLASH_EraseAllBank1Pages) refers to stm32f10x_flash.o(i.FLASH_WaitForLastBank1Operation) for FLASH_WaitForLastBank1Operation
    stm32f10x_flash.o(i.FLASH_EraseAllPages) refers to stm32f10x_flash.o(i.FLASH_WaitForLastOperation) for FLASH_WaitForLastOperation
    stm32f10x_flash.o(i.FLASH_EraseOptionBytes) refers to stm32f10x_flash.o(i.FLASH_GetReadOutProtectionStatus) for FLASH_GetReadOutProtectionStatus
    stm32f10x_flash.o(i.FLASH_EraseOptionBytes) refers to stm32f10x_flash.o(i.FLASH_WaitForLastOperation) for FLASH_WaitForLastOperation
    stm32f10x_flash.o(i.FLASH_ErasePage) refers to stm32f10x_flash.o(i.FLASH_WaitForLastOperation) for FLASH_WaitForLastOperation
    stm32f10x_flash.o(i.FLASH_ProgramHalfWord) refers to stm32f10x_flash.o(i.FLASH_WaitForLastOperation) for FLASH_WaitForLastOperation
    stm32f10x_flash.o(i.FLASH_ProgramOptionByteData) refers to stm32f10x_flash.o(i.FLASH_WaitForLastOperation) for FLASH_WaitForLastOperation
    stm32f10x_flash.o(i.FLASH_ProgramWord) refers to stm32f10x_flash.o(i.FLASH_WaitForLastOperation) for FLASH_WaitForLastOperation
    stm32f10x_flash.o(i.FLASH_ReadOutProtection) refers to stm32f10x_flash.o(i.FLASH_WaitForLastOperation) for FLASH_WaitForLastOperation
    stm32f10x_flash.o(i.FLASH_UserOptionByteConfig) refers to stm32f10x_flash.o(i.FLASH_WaitForLastOperation) for FLASH_WaitForLastOperation
    stm32f10x_flash.o(i.FLASH_WaitForLastBank1Operation) refers to stm32f10x_flash.o(i.FLASH_GetBank1Status) for FLASH_GetBank1Status
    stm32f10x_flash.o(i.FLASH_WaitForLastOperation) refers to stm32f10x_flash.o(i.FLASH_GetBank1Status) for FLASH_GetBank1Status
    stm32f10x_gpio.o(i.GPIO_AFIODeInit) refers to stm32f10x_rcc.o(i.RCC_APB2PeriphResetCmd) for RCC_APB2PeriphResetCmd
[...]
    .text                                    0x0800032c   Section        0  heapauxi.o(.text)
    .text                                    0x08000332   Section      100  rt_memcpy_w.o(.text)
    .text                                    0x08000396   Section       78  rt_memclr_w.o(.text)
    .text                                    0x080003e4   Section       74  sys_stackheap_outer.o(.text)
    .text                                    0x0800042e   Section        0  exit.o(.text)
    .text                                    0x08000440   Section        8  libspace.o(.text)
    .text                                    0x08000448   Section        0  sys_exit.o(.text)
    .text                                    0x08000454   Section        2  use_no_semi.o(.text)
    .text                                    0x08000456   Section        0  indicate_semi.o(.text)
    i.ASCII_GetData                          0x08000458   Section        0  gt21l16s2w.o(i.ASCII_GetData)
    i.BusFault_Handler                       0x0800052c   Section        0  stm32f10x_it.o(i.BusFault_Handler)
    i.CloseLcdDisplay                        0x08000530   Section        0  uc1698driver.o(i.CloseLcdDisplay)
    i.Cmd101DownControl                      0x08000554   Section        0  hmi101.o(i.Cmd101DownControl)
    Cmd101DownControl                        0x08000555   Thumb Code    74  hmi101.o(i.Cmd101DownControl)
    i.Cmd101SendFinish                       0x080005a4   Section        0  hmi101.o(i.Cmd101SendFinish)
    i.ContinuousOutResult                    0x080005b0   Section        0  inoutuser.o(i.ContinuousOutResult)
    i.DLT634_HMI_MASTER_AppProcess           0x08000600   Section        0  dlt634_hmimaster_app.o(i.DLT634_HMI_MASTER_AppProcess)
    DLT634_HMI_MASTER_AppProcess             0x08000601   Thumb Code   200  dlt634_hmimaster_app.o(i.DLT634_HMI_MASTER_AppProcess)
    i.DLT634_HMI_MASTER_CKS                  0x080006cc   Section        0  dlt634_hmimaster_app.o(i.DLT634_HMI_MASTER_CKS)
    DLT634_HMI_MASTER_CKS                    0x080006cd   Thumb Code    90  dlt634_hmimaster_app.o(i.DLT634_HMI_MASTER_CKS)
    i.DLT634_HMI_MASTER_C_REPLY              0x0800072c   Section        0  dlt634_hmimaster_disk.o(i.DLT634_HMI_MASTER_C_REPLY)
    i.DLT634_HMI_MASTER_CheckFram10Valid     0x08000740   Section        0  dlt634_hmimaster_app.o(i.DLT634_HMI_MASTER_CheckFram10Valid)
    DLT634_HMI_MASTER_CheckFram10Valid       0x08000741   Thumb Code   102  dlt634_hmimaster_app.o(i.DLT634_HMI_MASTER_CheckFram10Valid)
    i.DLT634_HMI_MASTER_CheckFram68Valid     0x080007b0   Section        0  dlt634_hmimaster_app.o(i.DLT634_HMI_MASTER_CheckFram68Valid)
    DLT634_HMI_MASTER_CheckFram68Valid       0x080007b1   Thumb Code   100  dlt634_hmimaster_app.o(i.DLT634_HMI_MASTER_CheckFram68Valid)
    i.DLT634_HMI_MASTER_Clock                0x0800081c   Section        0  dlt634_hmimaster_app.o(i.DLT634_HMI_MASTER_Clock)
    i.DLT634_HMI_MASTER_Data1Process         0x080008a0   Section        0  dlt634_hmimaster_app.o(i.DLT634_HMI_MASTER_Data1Process)
    DLT634_HMI_MASTER_Data1Process           0x080008a1   Thumb Code    96  dlt634_hmimaster_app.o(i.DLT634_HMI_MASTER_Data1Process)
    i.DLT634_HMI_MASTER_DecodeFrame10        0x08000904   Section        0  dlt634_hmimaster_app.o(i.DLT634_HMI_MASTER_DecodeFrame10)
    DLT634_HMI_MASTER_DecodeFrame10          0x08000905   Thumb Code   706  dlt634_hmimaster_app.o(i.DLT634_HMI_MASTER_DecodeFrame10)
    i.DLT634_HMI_MASTER_DecodeFrame68        0x08000bd0   Section        0  dlt634_hmimaster_app.o(i.DLT634_HMI_MASTER_DecodeFrame68)
    DLT634_HMI_MASTER_DecodeFrame68          0x08000bd1   Thumb Code    72  dlt634_hmimaster_app.o(i.DLT634_HMI_MASTER_DecodeFrame68)
    i.DLT634_HMI_MASTER_H_HMIYX              0x08000c1c   Section        0  dlt634_hmimaster_disk.o(i.DLT634_HMI_MASTER_H_HMIYX)
    i.DLT634_HMI_MASTER_INIT                 0x08000c28   Section        0  dlt634_hmimaster_disk.o(i.DLT634_HMI_MASTER_INIT)
    i.DLT634_HMI_MASTER_Link10Process        0x08000cc0   Section        0  dlt634_hmimaster_app.o(i.DLT634_HMI_MASTER_Link10Process)
    DLT634_HMI_MASTER_Link10Process          0x08000cc1   Thumb Code   408  dlt634_hmimaster_app.o(i.DLT634_HMI_MASTER_Link10Process)
    i.DLT634_HMI_MASTER_Link68Process        0x08000e60   Section        0  dlt634_hmimaster_app.o(i.DLT634_HMI_MASTER_Link68Process)
    DLT634_HMI_MASTER_Link68Process          0x08000e61   Thumb Code   164  dlt634_hmimaster_app.o(i.DLT634_HMI_MASTER_Link68Process)
    i.DLT634_HMI_MASTER_LinkOnTimer          0x08000f0c   Section        0  dlt634_hmimaster_app.o(i.DLT634_HMI_MASTER_LinkOnTimer)
    i.DLT634_HMI_MASTER_MasterFrame10Packet  0x080011ac   Section        0  dlt634_hmimaster_app.o(i.DLT634_HMI_MASTER_MasterFrame10Packet)
    DLT634_HMI_MASTER_MasterFrame10Packet    0x080011ad   Thumb Code   276  dlt634_hmimaster_app.o(i.DLT634_HMI_MASTER_MasterFrame10Packet)
    i.DLT634_HMI_MASTER_MasterFrame68Packet  0x080012c8   Section        0  dlt634_hmimaster_app.o(i.DLT634_HMI_MASTER_MasterFrame68Packet)
    DLT634_HMI_MASTER_MasterFrame68Packet    0x080012c9   Thumb Code   388  dlt634_hmimaster_app.o(i.DLT634_HMI_MASTER_MasterFrame68Packet)
    i.DLT634_HMI_MASTER_REPLY                0x08001454   Section        0  dlt634_hmimaster_app.o(i.DLT634_HMI_MASTER_REPLY)
    i.DLT634_HMI_MASTER_ReadData             0x0800147c   Section        0  dlt634_hmimaster_disk.o(i.DLT634_HMI_MASTER_ReadData)
    i.DLT634_HMI_MASTER_ReadMISIData         0x080014a0   Section        0  dlt634_hmimaster_app.o(i.DLT634_HMI_MASTER_ReadMISIData)
    DLT634_HMI_MASTER_ReadMISIData           0x080014a1   Thumb Code   346  dlt634_hmimaster_app.o(i.DLT634_HMI_MASTER_ReadMISIData)
    i.DLT634_HMI_MASTER_SearchValidFrame     0x08001600   Section        0  dlt634_hmimaster_app.o(i.DLT634_HMI_MASTER_SearchValidFrame)
    DLT634_HMI_MASTER_SearchValidFrame       0x08001601   Thumb Code  1528  dlt634_hmimaster_app.o(i.DLT634_HMI_MASTER_SearchValidFrame)
    i.DLT634_HMI_MASTER_SendProcess          0x08001c00   Section        0  dlt634_hmimaster_app.o(i.DLT634_HMI_MASTER_SendProcess)
    DLT634_HMI_MASTER_SendProcess            0x08001c01   Thumb Code   102  dlt634_hmimaster_app.o(i.DLT634_HMI_MASTER_SendProcess)
    i.DLT634_HMI_MASTER_SlaveFrame10Packet   0x08001c6c   Section        0  dlt634_hmimaster_app.o(i.DLT634_HMI_MASTER_SlaveFrame10Packet)
    DLT634_HMI_MASTER_SlaveFrame10Packet     0x08001c6d   Thumb Code   206  dlt634_hmimaster_app.o(i.DLT634_HMI_MASTER_SlaveFrame10Packet)
    i.DLT634_HMI_MASTER_TO_HMI               0x08001d44   Section        0  dlt634_hmimaster_disk.o(i.DLT634_HMI_MASTER_TO_HMI)
    i.DLT634_HMI_MASTER_WriteData            0x08001d52   Section        0  dlt634_hmimaster_disk.o(i.DLT634_HMI_MASTER_WriteData)
    i.DLT634_HMI_MASTER_WriteDataToMISI      0x08001d78   Section        0  dlt634_hmimaster_app.o(i.DLT634_HMI_MASTER_WriteDataToMISI)
    DLT634_HMI_MASTER_WriteDataToMISI        0x08001d79   Thumb Code   188  dlt634_hmimaster_app.o(i.DLT634_HMI_MASTER_WriteDataToMISI)
    i.DLT634_HMI_MasterTask                  0x08001e38   Section        0  dlt634_hmimaster_disk.o(i.DLT634_HMI_MasterTask)
    i.DLT634_HMI_SLAVE_EMPTY                 0x08001e44   Section        0  dlt634_hmimaster_disk.o(i.DLT634_HMI_SLAVE_EMPTY)
    i.DebugMon_Handler                       0x08001e4e   Section        0  stm32f10x_it.o(i.DebugMon_Handler)
    i.Delay_ms                               0x08001e50   Section        0  systemconfig.o(i.Delay_ms)
    i.Delay_us                               0x08001e64   Section        0  systemconfig.o(i.Delay_us)
    i.EndCmd101Down                          0x08001eb0   Section        0  hmi101.o(i.EndCmd101Down)
    i.GPIOInit                               0x08001ee4   Section        0  leddriver.o(i.GPIOInit)
    i.GPIO_Init                              0x08001f2c   Section        0  stm32f10x_gpio.o(i.GPIO_Init)
    i.GPIO_ReadInputDataBit                  0x08002042   Section        0  stm32f10x_gpio.o(i.GPIO_ReadInputDataBit)
    i.GPIO_ReadOutputDataBit                 0x08002054   Section        0  stm32f10x_gpio.o(i.GPIO_ReadOutputDataBit)
    i.GPIO_ResetBits                         0x08002066   Section        0  stm32f10x_gpio.o(i.GPIO_ResetBits)
    i.GPIO_SetBits                           0x0800206a   Section        0  stm32f10x_gpio.o(i.GPIO_SetBits)
    i.GetKeyStatus                           0x08002070   Section        0  keydriver.o(i.GetKeyStatus)
    GetKeyStatus                             0x08002071   Thumb Code   166  keydriver.o(i.GetKeyStatus)
    i.GetLedStatus                           0x08002120   Section        0  leddriver.o(i.GetLedStatus)
    i.GetSwitchStatus                        0x080021f4   Section        0  switchdriver.o(i.GetSwitchStatus)
    GetSwitchStatus                          0x080021f5   Thumb Code   104  switchdriver.o(i.GetSwitchStatus)
    i.GetTimer1IntervalTick                  0x08002268   Section        0  systemconfig.o(i.GetTimer1IntervalTick)
    i.GetTimer1Tick                          0x08002284   Section        0  systemconfig.o(i.GetTimer1Tick)
    i.GetkeyQueueP                           0x08002290   Section        0  inoutuser.o(i.GetkeyQueueP)
    i.GetswitchQueueP                        0x08002298   Section        0  inoutuser.o(i.GetswitchQueueP)
    i.GuiAreaBitMap                          0x080022a0   Section        0  lkdguibasic.o(i.GuiAreaBitMap)
    i.GuiBiasLine                            0x0800251c   Section        0  lkdguibasic.o(i.GuiBiasLine)
    i.GuiBitMap                              0x0800263c   Section        0  lkdguibasic.o(i.GuiBitMap)
    i.GuiButton                              0x08002714   Section        0  lkdguicontrol.o(i.GuiButton)
    i.GuiCmd100Fun                           0x080027ee   Section        0  hmi101.o(i.GuiCmd100Fun)
    i.GuiCmd101Fun                           0x0800283e   Section        0  hmi101.o(i.GuiCmd101Fun)
    i.GuiCmd102Fun                           0x08002878   Section        0  hmi101.o(i.GuiCmd102Fun)
    i.GuiCmd103Fun                           0x08002896   Section        0  hmi101.o(i.GuiCmd103Fun)
    i.GuiCmd104Fun                           0x080028a4   Section        0  hmi101.o(i.GuiCmd104Fun)
    i.GuiCmd105Fun                           0x080028e4   Section        0  hmi101.o(i.GuiCmd105Fun)
    i.GuiCmd106Fun                           0x08002924   Section        0  hmi101.o(i.GuiCmd106Fun)
    i.GuiCmd107Fun                           0x08002978   Section        0  hmi101.o(i.GuiCmd107Fun)
    i.GuiCmd108Fun                           0x080029d4   Section        0  hmi101.o(i.GuiCmd108Fun)
    i.GuiCmd109Fun                           0x08002a3a   Section        0  hmi101.o(i.GuiCmd109Fun)
    i.GuiDrawPoint                           0x08002a6c   Section        0  lkdguidriver.o(i.GuiDrawPoint)
    i.GuiExchangeColor                       0x08002ad0   Section        0  lkdguicolour.o(i.GuiExchangeColor)
    i.GuiFillRect                            0x08002aec   Section        0  lkdguibasic.o(i.GuiFillRect)
    i.GuiFont12                              0x08002b30   Section        0  lkdguifont.o(i.GuiFont12)
    i.GuiFont12Align                         0x08002bb0   Section        0  lkdguifont.o(i.GuiFont12Align)
    i.GuiGetForecolor                        0x08002cfc   Section        0  lkdguicolour.o(i.GuiGetForecolor)
    i.GuiGetbackcolor                        0x08002d08   Section        0  lkdguicolour.o(i.GuiGetbackcolor)
    i.GuiHLine                               0x08002d14   Section        0  lkdguibasic.o(i.GuiHLine)
    i.GuiHPointLine                          0x08002d2e   Section        0  lkdguibasic.o(i.GuiHPointLine)
    i.GuiRLine                               0x08002d98   Section        0  lkdguibasic.o(i.GuiRLine)
    i.GuiRPointLine                          0x08002db2   Section        0  lkdguibasic.o(i.GuiRPointLine)
    i.GuiRect                                0x08002e1c   Section        0  lkdguibasic.o(i.GuiRect)
    i.GuiSetForecolor                        0x08002e68   Section        0  lkdguicolour.o(i.GuiSetForecolor)
    i.GuiSetbackcolor                        0x08002e74   Section        0  lkdguicolour.o(i.GuiSetbackcolor)
    i.GuiUpdateDisplayAll                    0x08002e80   Section        0  lkdguidriver.o(i.GuiUpdateDisplayAll)
    i.GuiVScroll                             0x08002ed4   Section        0  lkdguicontrol.o(i.GuiVScroll)
    i.HardFault_Handler                      0x0800302c   Section        0  stm32f10x_it.o(i.HardFault_Handler)
    i.Hmi101Main                             0x08003030   Section        0  hmi101.o(i.Hmi101Main)
    i.HmiCmd001Fun                           0x0800305c   Section        0  hmi101.o(i.HmiCmd001Fun)
    i.HmiGuiCmdResult                        0x080030a2   Section        0  hmi101.o(i.HmiGuiCmdResult)
    i.KeyChangeCmdSend                       0x08003154   Section        0  hmi101.o(i.KeyChangeCmdSend)
    i.KeyDriverInit                          0x08003208   Section        0  keydriver.o(i.KeyDriverInit)
    i.KeyGpioInit                            0x08003220   Section        0  keydriver.o(i.KeyGpioInit)
    KeyGpioInit                              0x08003221   Thumb Code   164  keydriver.o(i.KeyGpioInit)
    i.LcdGpioConfig                          0x080032cc   Section        0  uc1698driver.o(i.LcdGpioConfig)
    LcdGpioConfig                            0x080032cd   Thumb Code   144  uc1698driver.o(i.LcdGpioConfig)
    i.LcdInit                                0x0800336c   Section        0  uc1698driver.o(i.LcdInit)
    i.LedDriverInit                          0x08003448   Section        0  leddriver.o(i.LedDriverInit)
    i.LedGpioInit                            0x08003450   Section        0  leddriver.o(i.LedGpioInit)
    i.LedInit                                0x08003520   Section        0  leddriver.o(i.LedInit)
    i.LedRun                                 0x0800352c   Section        0  leddriver.o(i.LedRun)
    i.MemManage_Handler                      0x08003580   Section        0  stm32f10x_it.o(i.MemManage_Handler)
    i.NMI_Handler                            0x08003584   Section        0  stm32f10x_it.o(i.NMI_Handler)
    i.NVIC_Configuration                     0x08003586   Section        0  systemconfig.o(i.NVIC_Configuration)
    i.NVIC_Init                              0x08003594   Section        0  misc.o(i.NVIC_Init)
    i.NVIC_PriorityGroupConfig               0x08003604   Section        0  misc.o(i.NVIC_PriorityGroupConfig)
    i.OpenLcdDisplay                         0x08003618   Section        0  uc1698driver.o(i.OpenLcdDisplay)
    i.PendSV_Handler                         0x08003640   Section        0  stm32f10x_it.o(i.PendSV_Handler)
    i.RCC_APB2PeriphClockCmd                 0x08003644   Section        0  stm32f10x_rcc.o(i.RCC_APB2PeriphClockCmd)
    i.RCC_GetClocksFreq                      0x08003664   Section        0  stm32f10x_rcc.o(i.RCC_GetClocksFreq)
    i.Readx                                  0x08003738   Section        0  hmi101.o(i.Readx)
    i.SPI_Cmd                                0x08003834   Section        0  stm32f10x_spi.o(i.SPI_Cmd)
    i.SPI_DataSizeConfig                     0x0800384c   Section        0  stm32f10x_spi.o(i.SPI_DataSizeConfig)
    i.SPI_I2S_GetFlagStatus                  0x0800385e   Section        0  stm32f10x_spi.o(i.SPI_I2S_GetFlagStatus)
    i.SPI_I2S_ReceiveData                    0x08003870   Section        0  stm32f10x_spi.o(i.SPI_I2S_ReceiveData)
    i.SPI_I2S_SendData                       0x08003876   Section        0  stm32f10x_spi.o(i.SPI_I2S_SendData)
    i.SPI_Init                               0x0800387a   Section        0  stm32f10x_spi.o(i.SPI_Init)
    i.SVC_Handler                            0x080038b6   Section        0  stm32f10x_it.o(i.SVC_Handler)
    i.ScanKeyStatus                          0x080038b8   Section        0  keydriver.o(i.ScanKeyStatus)
    i.ScanSwitchStatus                       0x08003950   Section        0  switchdriver.o(i.ScanSwitchStatus)
    i.SetLcdCol                              0x080039e4   Section        0  uc1698driver.o(i.SetLcdCol)
    i.SetLcdRow                              0x080039fe   Section        0  uc1698driver.o(i.SetLcdRow)
    i.SetLedState                            0x08003a1c   Section        0  leddriver.o(i.SetLedState)
    i.SetSysClock                            0x08003b68   Section        0  system_stm32f10x.o(i.SetSysClock)
    SetSysClock                              0x08003b69   Thumb Code     8  system_stm32f10x.o(i.SetSysClock)
    i.SetSysClockTo72                        0x08003b70   Section        0  system_stm32f10x.o(i.SetSysClockTo72)
    SetSysClockTo72                          0x08003b71   Thumb Code   214  system_stm32f10x.o(i.SetSysClockTo72)
    i.SetUserLedStatus                       0x08003c50   Section        0  inoutuser.o(i.SetUserLedStatus)
    i.SwitchChangeCmdSend                    0x08003c9c   Section        0  hmi101.o(i.SwitchChangeCmdSend)
    i.SwitchDriverInit                       0x08003d54   Section        0  switchdriver.o(i.SwitchDriverInit)
    i.SwitchGpioInit                         0x08003d6c   Section        0  switchdriver.o(i.SwitchGpioInit)
    SwitchGpioInit                           0x08003d6d   Thumb Code   106  switchdriver.o(i.SwitchGpioInit)
    i.SysTick_Handler                        0x08003de4   Section        0  systemconfig.o(i.SysTick_Handler)
    i.SysTick_Init                           0x08003dfc   Section        0  systemconfig.o(i.SysTick_Init)
    i.SystemInit                             0x08003e88   Section        0  system_stm32f10x.o(i.SystemInit)
    i.SystemconfigInit                       0x08003ee8   Section        0  systemconfig.o(i.SystemconfigInit)
    i.USART1_IRQHandler                      0x08003ef8   Section        0  hmi101.o(i.USART1_IRQHandler)
    i.USART_Cmd                              0x08003f6c   Section        0  stm32f10x_usart.o(i.USART_Cmd)
    i.USART_GetFlagStatus                    0x08003f84   Section        0  stm32f10x_usart.o(i.USART_GetFlagStatus)
    i.USART_ITConfig                         0x08003f9e   Section        0  stm32f10x_usart.o(i.USART_ITConfig)
    i.USART_Init                             0x08003fe8   Section        0  stm32f10x_usart.o(i.USART_Init)
    i.USART_SendData                         0x080040c0   Section        0  stm32f10x_usart.o(i.USART_SendData)
    i.UsageFault_Handler                     0x080040c8   Section        0  stm32f10x_it.o(i.UsageFault_Handler)
    i.UserKeyChangeDeal                      0x080040cc   Section        0  inoutuser.o(i.UserKeyChangeDeal)
    i.UserSwitchChangeDeal                   0x08004128   Section        0  inoutuser.o(i.UserSwitchChangeDeal)
    i.Write8DotsUC1698U                      0x08004184   Section        0  uc1698driver.o(i.Write8DotsUC1698U)
    i.WriteLcdCommand                        0x080041f4   Section        0  uc1698driver.o(i.WriteLcdCommand)
    i.WriteLcdData                           0x080042e8   Section        0  uc1698driver.o(i.WriteLcdData)
    i.WriteX                                 0x080043dc   Section        0  hmi101.o(i.WriteX)
    i.ZiKuInit                               0x0800440c   Section        0  zikuspi.o(i.ZiKuInit)
    i.ZikuGpioConfig                         0x08004418   Section        0  zikuspi.o(i.ZikuGpioConfig)
    ZikuGpioConfig                           0x08004419   Thumb Code    98  zikuspi.o(i.ZikuGpioConfig)
    i.ZikuSpiConfig                          0x08004480   Section        0  zikuspi.o(i.ZikuSpiConfig)
    ZikuSpiConfig                            0x08004481   Thumb Code    96  zikuspi.o(i.ZikuSpiConfig)
    i.ZikuSpiReadWriteByte                   0x080044e4   Section        0  zikuspi.o(i.ZikuSpiReadWriteByte)
    ZikuSpiReadWriteByte                     0x080044e5   Thumb Code    80  zikuspi.o(i.ZikuSpiReadWriteByte)
    i.gt_12_GetData                          0x08004538   Section        0  gt21l16s2w.o(i.gt_12_GetData)
    i.hmi101Scan                             0x080045ac   Section        0  hmi101.o(i.hmi101Scan)
    i.main                                   0x0800462e   Section        0  main.o(i.main)
    i.r_dat_bat                              0x08004678   Section        0  zikuspi.o(i.r_dat_bat)
    i.uartGpioConfig                         0x080046d0   Section        0  uartdriver.o(i.uartGpioConfig)
    uartGpioConfig                           0x080046d1   Thumb Code   154  uartdriver.o(i.uartGpioConfig)
    i.uartInit                               0x08004774   Section        0  uartdriver.o(i.uartInit)
    i.variableInit                           0x0800477c   Section        0  leddriver.o(i.variableInit)
    variableInit                             0x0800477d   Thumb Code    20  leddriver.o(i.variableInit)
    x$fpl$fadd                               0x08004798   Section      196  faddsub_clz.o(x$fpl$fadd)
    _fadd1                                   0x080047a7   Thumb Code     0  faddsub_clz.o(x$fpl$fadd)
    x$fpl$fdiv                               0x0800485c   Section      388  fdiv.o(x$fpl$fdiv)
    _fdiv1                                   0x0800485d   Thumb Code     0  fdiv.o(x$fpl$fdiv)
    x$fpl$ffix                               0x080049e0   Section       54  ffix.o(x$fpl$ffix)
    x$fpl$ffixu                              0x08004a18   Section       62  ffixu.o(x$fpl$ffixu)
    x$fpl$fflt                               0x08004a58   Section       48  fflt_clz.o(x$fpl$fflt)
    x$fpl$ffltu                              0x08004a88   Section       38  fflt_clz.o(x$fpl$ffltu)
    x$fpl$fmul                               0x08004ab0   Section      258  fmul.o(x$fpl$fmul)
    x$fpl$fnaninf                            0x08004bb2   Section      140  fnaninf.o(x$fpl$fnaninf)
    x$fpl$fretinf                            0x08004c3e   Section       10  fretinf.o(x$fpl$fretinf)
    x$fpl$fsub                               0x08004c48   Section      234  faddsub_clz.o(x$fpl$fsub)
    _fsub1                                   0x08004c57   Thumb Code     0  faddsub_clz.o(x$fpl$fsub)
    .constdata                               0x08004d32   Section       34  inoutuser.o(.constdata)
    x$fpl$usenofp                            0x08004d32   Section        0  usenofp.o(x$fpl$usenofp)
    .constdata                               0x08004d54   Section      601  imagearray.o(.constdata)
    .constdata                               0x08004fad   Section        8  lkdguibasic.o(.constdata)
    .constdata                               0x08004fb5   Section        8  lkdguidriver.o(.constdata)
    colBit                                   0x08004fb5   Data           8  lkdguidriver.o(.constdata)
    .data                                    0x20000000   Section       20  system_stm32f10x.o(.data)
    .data                                    0x20000014   Section       20  stm32f10x_rcc.o(.data)
    APBAHBPrescTable                         0x20000014   Data          16  stm32f10x_rcc.o(.data)
    ADCPrescTable                            0x20000024   Data           4  stm32f10x_rcc.o(.data)
    .data                                    0x20000028   Section       12  systemconfig.o(.data)
    Fac_us                                   0x20000028   Data           4  systemconfig.o(.data)
    timeCount                                0x20000030   Data           4  systemconfig.o(.data)
    .data                                    0x20000034   Section        4  leddriver.o(.data)
    LedRunFlag                               0x20000034   Data           1  leddriver.o(.data)
    LedRunCount                              0x20000036   Data           2  leddriver.o(.data)
    .data                                    0x20000038   Section        4  switchdriver.o(.data)
    .data                                    0x2000003c   Section        4  keydriver.o(.data)
    .data                                    0x20000040   Section       12  imagearray.o(.data)
    .data                                    0x2000004c   Section        2  lkdguicolour.o(.data)
    .data                                    0x20000050   Section        4  hmi101.o(.data)
    hmi101Tick                               0x20000050   Data           4  hmi101.o(.data)
    .bss                                     0x20000054   Section       36  switchdriver.o(.bss)
    .bss                                     0x20000078   Section       60  keydriver.o(.bss)
    .bss                                     0x200000b4   Section      262  inoutuser.o(.bss)
    .bss                                     0x200001ba   Section     3200  lkdguidriver.o(.bss)
    lkdGuiBuff                               0x200001ba   Data        3200  lkdguidriver.o(.bss)
    .bss                                     0x20000e3c   Section     6222  dlt634_hmimaster_app.o(.bss)
    .bss                                     0x2000268a   Section     2058  hmi101.o(.bss)
    hmiRevInfo                               0x20002a90   Data        1028  hmi101.o(.bss)
    .bss                                     0x20002e94   Section       96  libspace.o(.bss)
    HEAP                                     0x20002ef8   Section      512  startup_stm32f10x_md.o(HEAP)
    Heap_Mem                                 0x20002ef8   Data         512  startup_stm32f10x_md.o(HEAP)
    STACK                                    0x200030f8   Section     2048  startup_stm32f10x_md.o(STACK)
    Stack_Mem                                0x200030f8   Data        2048  startup_stm32f10x_md.o(STACK)
    __initial_sp                             0x200038f8   Data           0  startup_stm32f10x_md.o(STACK)

    Global Symbols

    Symbol Name                              Value     Ov Type        Size  Object(Section)

    BuildAttributes$$THM_ISAv4$P$D$K$B$S$PE$A:L22UL41UL21$X:L11$S22US41US21$IEEE1$IW$USESV6$~STKCKD$USESV7$~SHL$OSPACE$ROPI$EBA8$UX$STANDARDLIB$REQ8$PRES8$EABIv2 0x00000000   Number         0  anon$$obj.o ABSOLUTE
    __ARM_use_no_argv                        0x00000000   Number         0  main.o ABSOLUTE
    __ARM_exceptions_init                     - Undefined Weak Reference
    __alloca_initialize                       - Undefined Weak Reference
    __arm_preinit_                            - Undefined Weak Reference
    __cpp_initialize__aeabi_                  - Undefined Weak Reference
    __cxa_finalize                            - Undefined Weak Reference
    __rt_locale                               - Undefined Weak Reference
    __sigvec_lookup                           - Undefined Weak Reference
    _atexit_init                              - Undefined Weak Reference
    _call_atexit_fns                          - Undefined Weak Reference
    _clock_init                               - Undefined Weak Reference
    _fp_trap_init                             - Undefined Weak Reference
    _fp_trap_shutdown                         - Undefined Weak Reference
    _get_lc_collate                           - Undefined Weak Reference
    _get_lc_ctype                             - Undefined Weak Reference
    _get_lc_monetary                          - Undefined Weak Reference
    _get_lc_numeric                           - Undefined Weak Reference
    _get_lc_time                              - Undefined Weak Reference
    _getenv_init                              - Undefined Weak Reference
    _handle_redirection                       - Undefined Weak Reference
    _init_alloc                               - Undefined Weak Reference
    _init_user_alloc                          - Undefined Weak Reference
    _initio                                   - Undefined Weak Reference
    _rand_init                                - Undefined Weak Reference
    _signal_finish                            - Undefined Weak Reference
    _signal_init                              - Undefined Weak Reference
    _terminate_alloc                          - Undefined Weak Reference
    _terminate_user_alloc                     - Undefined Weak Reference
    _terminateio                              - Undefined Weak Reference
    __Vectors_Size                           0x000000ec   Number         0  startup_stm32f10x_md.o ABSOLUTE
    __Vectors                                0x08000000   Data           4  startup_stm32f10x_md.o(RESET)
    __Vectors_End                            0x080000ec   Data           0  startup_stm32f10x_md.o(RESET)
    __main                                   0x080000ed   Thumb Code     8  __main.o(!!!main)
    __scatterload                            0x080000f5   Thumb Code     0  __scatter.o(!!!scatter)
    __scatterload_rt2                        0x080000f5   Thumb Code    44  __scatter.o(!!!scatter)
    __scatterload_rt2_thumb_only             0x080000f5   Thumb Code     0  __scatter.o(!!!scatter)
    __scatterload_null                       0x08000103   Thumb Code     0  __scatter.o(!!!scatter)
    __scatterload_copy                       0x08000129   Thumb Code    26  __scatter_copy.o(!!handler_copy)
    __scatterload_zeroinit                   0x08000145   Thumb Code    28  __scatter_zi.o(!!handler_zi)
    __rt_lib_init                            0x08000161   Thumb Code     0  libinit.o(.ARM.Collect$$libinit$$00000000)
    __rt_lib_init_alloca_1                   0x08000163   Thumb Code     0  libinit2.o(.ARM.Collect$$libinit$$0000002E)
    __rt_lib_init_argv_1                     0x08000163   Thumb Code     0  libinit2.o(.ARM.Collect$$libinit$$0000002C)
    __rt_lib_init_atexit_1                   0x08000163   Thumb Code     0  libinit2.o(.ARM.Collect$$libinit$$0000001B)
    __rt_lib_init_clock_1                    0x08000163   Thumb Code     0  libinit2.o(.ARM.Collect$$libinit$$00000021)
    __rt_lib_init_cpp_1                      0x08000163   Thumb Code     0  libinit2.o(.ARM.Collect$$libinit$$00000032)
    __rt_lib_init_exceptions_1               0x08000163   Thumb Code     0  libinit2.o(.ARM.Collect$$libinit$$00000030)
    __rt_lib_init_fp_1                       0x08000163   Thumb Code     0  libinit2.o(.ARM.Collect$$libinit$$00000002)
    __rt_lib_init_fp_trap_1                  0x08000163   Thumb Code     0  libinit2.o(.ARM.Collect$$libinit$$0000001F)
    __rt_lib_init_getenv_1                   0x08000163   Thumb Code     0  libinit2.o(.ARM.Collect$$libinit$$00000023)
    __rt_lib_init_heap_1                     0x08000163   Thumb Code     0  libinit2.o(.ARM.Collect$$libinit$$0000000A)
    __rt_lib_init_lc_collate_1               0x08000163   Thumb Code     0  libinit2.o(.ARM.Collect$$libinit$$00000011)
    __rt_lib_init_lc_ctype_1                 0x08000163   Thumb Code     0  libinit2.o(.ARM.Collect$$libinit$$00000013)
    __rt_lib_init_lc_monetary_1              0x08000163   Thumb Code     0  libinit2.o(.ARM.Collect$$libinit$$00000015)
    __rt_lib_init_lc_numeric_1               0x08000163   Thumb Code     0  libinit2.o(.ARM.Collect$$libinit$$00000017)
    __rt_lib_init_lc_time_1                  0x08000163   Thumb Code     0  libinit2.o(.ARM.Collect$$libinit$$00000019)
    __rt_lib_init_preinit_1                  0x08000163   Thumb Code     0  libinit2.o(.ARM.Collect$$libinit$$00000004)
    __rt_lib_init_rand_1                     0x08000163   Thumb Code     0  libinit2.o(.ARM.Collect$$libinit$$0000000E)
    __rt_lib_init_return                     0x08000163   Thumb Code     0  libinit2.o(.ARM.Collect$$libinit$$00000033)
    __rt_lib_init_signal_1                   0x08000163   Thumb Code     0  libinit2.o(.ARM.Collect$$libinit$$0000001D)
    __rt_lib_init_stdio_1                    0x08000163   Thumb Code     0  libinit2.o(.ARM.Collect$$libinit$$00000025)
    __rt_lib_init_user_alloc_1               0x08000163   Thumb Code     0  libinit2.o(.ARM.Collect$$libinit$$0000000C)
    __rt_lib_shutdown                        0x08000165   Thumb Code     0  libshutdown.o(.ARM.Collect$$libshutdown$$00000000)
    __rt_lib_shutdown_cpp_1                  0x08000167   Thumb Code     0  libshutdown2.o(.ARM.Collect$$libshutdown$$00000002)
    __rt_lib_shutdown_fp_trap_1              0x08000167   Thumb Code     0  libshutdown2.o(.ARM.Collect$$libshutdown$$00000007)
    __rt_lib_shutdown_heap_1                 0x08000167   Thumb Code     0  libshutdown2.o(.ARM.Collect$$libshutdown$$0000000F)
    __rt_lib_shutdown_return                 0x08000167   Thumb Code     0  libshutdown2.o(.ARM.Collect$$libshutdown$$00000010)
    __rt_lib_shutdown_signal_1               0x08000167   Thumb Code     0  libshutdown2.o(.ARM.Collect$$libshutdown$$0000000A)
    __rt_lib_shutdown_stdio_1                0x08000167   Thumb Code     0  libshutdown2.o(.ARM.Collect$$libshutdown$$00000004)
    __rt_lib_shutdown_user_alloc_1           0x08000167   Thumb Code     0  libshutdown2.o(.ARM.Collect$$libshutdown$$0000000C)
    __rt_entry                               0x08000169   Thumb Code     0  __rtentry.o(.ARM.Collect$$rtentry$$00000000)
    __rt_entry_presh_1                       0x08000169   Thumb Code     0  __rtentry2.o(.ARM.Collect$$rtentry$$00000002)
    __rt_entry_sh                            0x08000169   Thumb Code     0  __rtentry4.o(.ARM.Collect$$rtentry$$00000004)
    __rt_entry_li                            0x0800016f   Thumb Code     0  __rtentry2.o(.ARM.Collect$$rtentry$$0000000A)
    __rt_entry_postsh_1                      0x0800016f   Thumb Code     0  __rtentry2.o(.ARM.Collect$$rtentry$$00000009)
    __rt_entry_main                          0x08000173   Thumb Code     0  __rtentry2.o(.ARM.Collect$$rtentry$$0000000D)
    __rt_entry_postli_1                      0x08000173   Thumb Code     0  __rtentry2.o(.ARM.Collect$$rtentry$$0000000C)
    __rt_exit                                0x0800017b   Thumb Code     0  rtexit.o(.ARM.Collect$$rtexit$$00000000)
    __rt_exit_ls                             0x0800017d   Thumb Code     0  rtexit2.o(.ARM.Collect$$rtexit$$00000003)
    __rt_exit_prels_1                        0x0800017d   Thumb Code     0  rtexit2.o(.ARM.Collect$$rtexit$$00000002)
    __rt_exit_exit                           0x08000181   Thumb Code     0  rtexit2.o(.ARM.Collect$$rtexit$$00000004)
    Reset_Handler                            0x08000189   Thumb Code     8  startup_stm32f10x_md.o(.text)
    ADC1_2_IRQHandler                        0x080001a3   Thumb Code     0  startup_stm32f10x_md.o(.text)
    CAN1_RX1_IRQHandler                      0x080001a3   Thumb Code     0  startup_stm32f10x_md.o(.text)
    CAN1_SCE_IRQHandler                      0x080001a3   Thumb Code     0  startup_stm32f10x_md.o(.text)
    DMA1_Channel1_IRQHandler                 0x080001a3   Thumb Code     0  startup_stm32f10x_md.o(.text)
    DMA1_Channel2_IRQHandler                 0x080001a3   Thumb Code     0  startup_stm32f10x_md.o(.text)
    DMA1_Channel3_IRQHandler                 0x080001a3   Thumb Code     0  startup_stm32f10x_md.o(.text)
    DMA1_Channel4_IRQHandler                 0x080001a3   Thumb Code     0  startup_stm32f10x_md.o(.text)
    DMA1_Channel5_IRQHandler                 0x080001a3   Thumb Code     0  startup_stm32f10x_md.o(.text)
    DMA1_Channel6_IRQHandler                 0x080001a3   Thumb Code     0  startup_stm32f10x_md.o(.text)
    DMA1_Channel7_IRQHandler                 0x080001a3   Thumb Code     0  startup_stm32f10x_md.o(.text)
    EXTI0_IRQHandler                         0x080001a3   Thumb Code     0  startup_stm32f10x_md.o(.text)
    EXTI15_10_IRQHandler                     0x080001a3   Thumb Code     0  startup_stm32f10x_md.o(.text)
    EXTI1_IRQHandler                         0x080001a3   Thumb Code     0  startup_stm32f10x_md.o(.text)
    EXTI2_IRQHandler                         0x080001a3   Thumb Code     0  startup_stm32f10x_md.o(.text)
    EXTI3_IRQHandler                         0x080001a3   Thumb Code     0  startup_stm32f10x_md.o(.text)
    EXTI4_IRQHandler                         0x080001a3   Thumb Code     0  startup_stm32f10x_md.o(.text)
    EXTI9_5_IRQHandler                       0x080001a3   Thumb Code     0  startup_stm32f10x_md.o(.text)
    FLASH_IRQHandler                         0x080001a3   Thumb Code     0  startup_stm32f10x_md.o(.text)
    I2C1_ER_IRQHandler                       0x080001a3   Thumb Code     0  startup_stm32f10x_md.o(.text)
    I2C1_EV_IRQHandler                       0x080001a3   Thumb Code     0  startup_stm32f10x_md.o(.text)
    I2C2_ER_IRQHandler                       0x080001a3   Thumb Code     0  startup_stm32f10x_md.o(.text)
    I2C2_EV_IRQHandler                       0x080001a3   Thumb Code     0  startup_stm32f10x_md.o(.text)
    PVD_IRQHandler                           0x080001a3   Thumb Code     0  startup_stm32f10x_md.o(.text)
    RCC_IRQHandler                           0x080001a3   Thumb Code     0  startup_stm32f10x_md.o(.text)
    RTCAlarm_IRQHandler                      0x080001a3   Thumb Code     0  startup_stm32f10x_md.o(.text)
    RTC_IRQHandler                           0x080001a3   Thumb Code     0  startup_stm32f10x_md.o(.text)
    SPI1_IRQHandler                          0x080001a3   Thumb Code     0  startup_stm32f10x_md.o(.text)
    SPI2_IRQHandler                          0x080001a3   Thumb Code     0  startup_stm32f10x_md.o(.text)
    TAMPER_IRQHandler                        0x080001a3   Thumb Code     0  startup_stm32f10x_md.o(.text)
    TIM1_BRK_IRQHandler                      0x080001a3   Thumb Code     0  startup_stm32f10x_md.o(.text)
    TIM1_CC_IRQHandler                       0x080001a3   Thumb Code     0  startup_stm32f10x_md.o(.text)
    TIM1_TRG_COM_IRQHandler                  0x080001a3   Thumb Code     0  startup_stm32f10x_md.o(.text)
    TIM1_UP_IRQHandler                       0x080001a3   Thumb Code     0  startup_stm32f10x_md.o(.text)
    TIM2_IRQHandler                          0x080001a3   Thumb Code     0  startup_stm32f10x_md.o(.text)
    TIM3_IRQHandler                          0x080001a3   Thumb Code     0  startup_stm32f10x_md.o(.text)
    TIM4_IRQHandler                          0x080001a3   Thumb Code     0  startup_stm32f10x_md.o(.text)
    USART2_IRQHandler                        0x080001a3   Thumb Code     0  startup_stm32f10x_md.o(.text)
    USART3_IRQHandler                        0x080001a3   Thumb Code     0  startup_stm32f10x_md.o(.text)
    USBWakeUp_IRQHandler                     0x080001a3   Thumb Code     0  startup_stm32f10x_md.o(.text)
    USB_HP_CAN1_TX_IRQHandler                0x080001a3   Thumb Code     0  startup_stm32f10x_md.o(.text)
    USB_LP_CAN1_RX0_IRQHandler               0x080001a3   Thumb Code     0  startup_stm32f10x_md.o(.text)
    WWDG_IRQHandler                          0x080001a3   Thumb Code     0  startup_stm32f10x_md.o(.text)
    __user_initial_stackheap                 0x080001a5   Thumb Code     0  startup_stm32f10x_md.o(.text)
    memcmp                                   0x080001c9   Thumb Code    88  memcmp.o(.text)
    strlen                                   0x08000221   Thumb Code    62  strlen.o(.text)
    __aeabi_memcpy                           0x0800025f   Thumb Code     0  rt_memcpy_v6.o(.text)
    __rt_memcpy                              0x0800025f   Thumb Code   138  rt_memcpy_v6.o(.text)
    _memcpy_lastbytes                        0x080002c5   Thumb Code     0  rt_memcpy_v6.o(.text)
    __aeabi_memclr                           0x080002e9   Thumb Code     0  rt_memclr.o(.text)
    __rt_memclr                              0x080002e9   Thumb Code    68  rt_memclr.o(.text)
    _memset                                  0x080002ed   Thumb Code     0  rt_memclr.o(.text)
    __use_two_region_memory                  0x0800032d   Thumb Code     2  heapauxi.o(.text)
    __rt_heap_escrow$2region                 0x0800032f   Thumb Code     2  heapauxi.o(.text)
    __rt_heap_expand$2region                 0x08000331   Thumb Code     2  heapauxi.o(.text)
    __aeabi_memcpy4                          0x08000333   Thumb Code     0  rt_memcpy_w.o(.text)
    __aeabi_memcpy8                          0x08000333   Thumb Code     0  rt_memcpy_w.o(.text)
    __rt_memcpy_w                            0x08000333   Thumb Code   100  rt_memcpy_w.o(.text)
    _memcpy_lastbytes_aligned                0x0800037b   Thumb Code     0  rt_memcpy_w.o(.text)
    __aeabi_memclr4                          0x08000397   Thumb Code     0  rt_memclr_w.o(.text)
    __aeabi_memclr8                          0x08000397   Thumb Code     0  rt_memclr_w.o(.text)
    __rt_memclr_w                            0x08000397   Thumb Code    78  rt_memclr_w.o(.text)
    _memset_w                                0x0800039b   Thumb Code     0  rt_memclr_w.o(.text)
    __user_setup_stackheap                   0x080003e5   Thumb Code    74  sys_stackheap_outer.o(.text)
    exit                                     0x0800042f   Thumb Code    18  exit.o(.text)
    __user_libspace                          0x08000441   Thumb Code     8  libspace.o(.text)
    __user_perproc_libspace                  0x08000441   Thumb Code     0  libspace.o(.text)
    __user_perthread_libspace                0x08000441   Thumb Code     0  libspace.o(.text)
    _sys_exit                                0x08000449   Thumb Code     8  sys_exit.o(.text)
    __I$use$semihosting                      0x08000455   Thumb Code     0  use_no_semi.o(.text)
    __use_no_semihosting_swi                 0x08000455   Thumb Code     2  use_no_semi.o(.text)
    __semihosting_library_function           0x08000457   Thumb Code     0  indicate_semi.o(.text)
    ASCII_GetData                            0x08000459   Thumb Code   188  gt21l16s2w.o(i.ASCII_GetData)
    BusFault_Handler                         0x0800052d   Thumb Code     4  stm32f10x_it.o(i.BusFault_Handler)
    CloseLcdDisplay                          0x08000531   Thumb Code    32  uc1698driver.o(i.CloseLcdDisplay)
    Cmd101SendFinish                         0x080005a5   Thumb Code     8  hmi101.o(i.Cmd101SendFinish)
    ContinuousOutResult                      0x080005b1   Thumb Code    74  inoutuser.o(i.ContinuousOutResult)
    DLT634_HMI_MASTER_C_REPLY                0x0800072d   Thumb Code    18  dlt634_hmimaster_disk.o(i.DLT634_HMI_MASTER_C_REPLY)
    DLT634_HMI_MASTER_Clock                  0x0800081d   Thumb Code   124  dlt634_hmimaster_app.o(i.DLT634_HMI_MASTER_Clock)
    DLT634_HMI_MASTER_H_HMIYX                0x08000c1d   Thumb Code    12  dlt634_hmimaster_disk.o(i.DLT634_HMI_MASTER_H_HMIYX)
    DLT634_HMI_MASTER_INIT                   0x08000c29   Thumb Code   146  dlt634_hmimaster_disk.o(i.DLT634_HMI_MASTER_INIT)
    DLT634_HMI_MASTER_LinkOnTimer            0x08000f0d   Thumb Code   662  dlt634_hmimaster_app.o(i.DLT634_HMI_MASTER_LinkOnTimer)
    DLT634_HMI_MASTER_REPLY                  0x08001455   Thumb Code    36  dlt634_hmimaster_app.o(i.DLT634_HMI_MASTER_REPLY)
    DLT634_HMI_MASTER_ReadData               0x0800147d   Thumb Code    36  dlt634_hmimaster_disk.o(i.DLT634_HMI_MASTER_ReadData)
    DLT634_HMI_MASTER_TO_HMI                 0x08001d45   Thumb Code    14  dlt634_hmimaster_disk.o(i.DLT634_HMI_MASTER_TO_HMI)
    DLT634_HMI_MASTER_WriteData              0x08001d53   Thumb Code    36  dlt634_hmimaster_disk.o(i.DLT634_HMI_MASTER_WriteData)
    DLT634_HMI_MasterTask                    0x08001e39   Thumb Code    12  dlt634_hmimaster_disk.o(i.DLT634_HMI_MasterTask)
    DLT634_HMI_SLAVE_EMPTY                   0x08001e45   Thumb Code    10  dlt634_hmimaster_disk.o(i.DLT634_HMI_SLAVE_EMPTY)
    DebugMon_Handler                         0x08001e4f   Thumb Code     2  stm32f10x_it.o(i.DebugMon_Handler)
    Delay_ms                                 0x08001e51   Thumb Code    18  systemconfig.o(i.Delay_ms)
    Delay_us                                 0x08001e65   Thumb Code    70  systemconfig.o(i.Delay_us)
    EndCmd101Down                            0x08001eb1   Thumb Code    46  hmi101.o(i.EndCmd101Down)
    GPIOInit                                 0x08001ee5   Thumb Code    62  leddriver.o(i.GPIOInit)
    GPIO_Init                                0x08001f2d   Thumb Code   278  stm32f10x_gpio.o(i.GPIO_Init)
    GPIO_ReadInputDataBit                    0x08002043   Thumb Code    18  stm32f10x_gpio.o(i.GPIO_ReadInputDataBit)
    GPIO_ReadOutputDataBit                   0x08002055   Thumb Code    18  stm32f10x_gpio.o(i.GPIO_ReadOutputDataBit)
    GPIO_ResetBits                           0x08002067   Thumb Code     4  stm32f10x_gpio.o(i.GPIO_ResetBits)
    GPIO_SetBits                             0x0800206b   Thumb Code     4  stm32f10x_gpio.o(i.GPIO_SetBits)
    GetLedStatus                             0x08002121   Thumb Code   200  leddriver.o(i.GetLedStatus)
    GetTimer1IntervalTick                    0x08002269   Thumb Code    26  systemconfig.o(i.GetTimer1IntervalTick)
    GetTimer1Tick                            0x08002285   Thumb Code     6  systemconfig.o(i.GetTimer1Tick)
    GetkeyQueueP                             0x08002291   Thumb Code     4  inoutuser.o(i.GetkeyQueueP)
    GetswitchQueueP                          0x08002299   Thumb Code     4  inoutuser.o(i.GetswitchQueueP)
    GuiAreaBitMap                            0x080022a1   Thumb Code   630  lkdguibasic.o(i.GuiAreaBitMap)
    GuiBiasLine                              0x0800251d   Thumb Code   286  lkdguibasic.o(i.GuiBiasLine)
    GuiBitMap                                0x0800263d   Thumb Code   212  lkdguibasic.o(i.GuiBitMap)
    GuiButton                                0x08002715   Thumb Code   218  lkdguicontrol.o(i.GuiButton)
    GuiCmd100Fun                             0x080027ef   Thumb Code    80  hmi101.o(i.GuiCmd100Fun)
    GuiCmd101Fun                             0x0800283f   Thumb Code    58  hmi101.o(i.GuiCmd101Fun)
    GuiCmd102Fun                             0x08002879   Thumb Code    30  hmi101.o(i.GuiCmd102Fun)
    GuiCmd103Fun                             0x08002897   Thumb Code    12  hmi101.o(i.GuiCmd103Fun)
    GuiCmd104Fun                             0x080028a5   Thumb Code    60  hmi101.o(i.GuiCmd104Fun)
    GuiCmd105Fun                             0x080028e5   Thumb Code    62  hmi101.o(i.GuiCmd105Fun)
    GuiCmd106Fun                             0x08002925   Thumb Code    68  hmi101.o(i.GuiCmd106Fun)
    GuiCmd107Fun                             0x08002979   Thumb Code    88  hmi101.o(i.GuiCmd107Fun)
    GuiCmd108Fun                             0x080029d5   Thumb Code   102  hmi101.o(i.GuiCmd108Fun)
    GuiCmd109Fun                             0x08002a3b   Thumb Code    48  hmi101.o(i.GuiCmd109Fun)
    GuiDrawPoint                             0x08002a6d   Thumb Code    92  lkdguidriver.o(i.GuiDrawPoint)
    GuiExchangeColor                         0x08002ad1   Thumb Code    18  lkdguicolour.o(i.GuiExchangeColor)
    GuiFillRect                              0x08002aed   Thumb Code    66  lkdguibasic.o(i.GuiFillRect)
    GuiFont12                                0x08002b31   Thumb Code   122  lkdguifont.o(i.GuiFont12)
    GuiFont12Align                           0x08002bb1   Thumb Code   328  lkdguifont.o(i.GuiFont12Align)
    GuiGetForecolor                          0x08002cfd   Thumb Code     6  lkdguicolour.o(i.GuiGetForecolor)
    GuiGetbackcolor                          0x08002d09   Thumb Code     6  lkdguicolour.o(i.GuiGetbackcolor)
    GuiHLine                                 0x08002d15   Thumb Code    26  lkdguibasic.o(i.GuiHLine)
    GuiHPointLine                            0x08002d2f   Thumb Code   106  lkdguibasic.o(i.GuiHPointLine)
    GuiRLine                                 0x08002d99   Thumb Code    26  lkdguibasic.o(i.GuiRLine)
    GuiRPointLine                            0x08002db3   Thumb Code   106  lkdguibasic.o(i.GuiRPointLine)
    GuiRect                                  0x08002e1d   Thumb Code    74  lkdguibasic.o(i.GuiRect)
    GuiSetForecolor                          0x08002e69   Thumb Code     6  lkdguicolour.o(i.GuiSetForecolor)
    GuiSetbackcolor                          0x08002e75   Thumb Code     6  lkdguicolour.o(i.GuiSetbackcolor)
    GuiUpdateDisplayAll                      0x08002e81   Thumb Code    76  lkdguidriver.o(i.GuiUpdateDisplayAll)
    GuiVScroll                               0x08002ed5   Thumb Code   344  lkdguicontrol.o(i.GuiVScroll)
    HardFault_Handler                        0x0800302d   Thumb Code     4  stm32f10x_it.o(i.HardFault_Handler)
    Hmi101Main                               0x08003031   Thumb Code    38  hmi101.o(i.Hmi101Main)
    HmiCmd001Fun                             0x0800305d   Thumb Code    70  hmi101.o(i.HmiCmd001Fun)
    HmiGuiCmdResult                          0x080030a3   Thumb Code   176  hmi101.o(i.HmiGuiCmdResult)
    KeyChangeCmdSend                         0x08003155   Thumb Code   176  hmi101.o(i.KeyChangeCmdSend)
    KeyDriverInit                            0x08003209   Thumb Code    14  keydriver.o(i.KeyDriverInit)
    LcdInit                                  0x0800336d   Thumb Code   214  uc1698driver.o(i.LcdInit)
    LedDriverInit                            0x08003449   Thumb Code     8  leddriver.o(i.LedDriverInit)
    LedGpioInit                              0x08003451   Thumb Code   194  leddriver.o(i.LedGpioInit)
    LedInit                                  0x08003521   Thumb Code    12  leddriver.o(i.LedInit)
    LedRun                                   0x0800352d   Thumb Code    72  leddriver.o(i.LedRun)
    MemManage_Handler                        0x08003581   Thumb Code     4  stm32f10x_it.o(i.MemManage_Handler)
    NMI_Handler                              0x08003585   Thumb Code     2  stm32f10x_it.o(i.NMI_Handler)
    NVIC_Configuration                       0x08003587   Thumb Code    12  systemconfig.o(i.NVIC_Configuration)
    NVIC_Init                                0x08003595   Thumb Code   100  misc.o(i.NVIC_Init)
    NVIC_PriorityGroupConfig                 0x08003605   Thumb Code    10  misc.o(i.NVIC_PriorityGroupConfig)
    OpenLcdDisplay                           0x08003619   Thumb Code    34  uc1698driver.o(i.OpenLcdDisplay)
    PendSV_Handler                           0x08003641   Thumb Code     2  stm32f10x_it.o(i.PendSV_Handler)
    RCC_APB2PeriphClockCmd                   0x08003645   Thumb Code    26  stm32f10x_rcc.o(i.RCC_APB2PeriphClockCmd)
    RCC_GetClocksFreq                        0x08003665   Thumb Code   192  stm32f10x_rcc.o(i.RCC_GetClocksFreq)
    Readx                                    0x08003739   Thumb Code   246  hmi101.o(i.Readx)
    SPI_Cmd                                  0x08003835   Thumb Code    24  stm32f10x_spi.o(i.SPI_Cmd)
    SPI_DataSizeConfig                       0x0800384d   Thumb Code    18  stm32f10x_spi.o(i.SPI_DataSizeConfig)
    SPI_I2S_GetFlagStatus                    0x0800385f   Thumb Code    18  stm32f10x_spi.o(i.SPI_I2S_GetFlagStatus)
    SPI_I2S_ReceiveData                      0x08003871   Thumb Code     6  stm32f10x_spi.o(i.SPI_I2S_ReceiveData)
    SPI_I2S_SendData                         0x08003877   Thumb Code     4  stm32f10x_spi.o(i.SPI_I2S_SendData)
    SPI_Init                                 0x0800387b   Thumb Code    60  stm32f10x_spi.o(i.SPI_Init)
    SVC_Handler                              0x080038b7   Thumb Code     2  stm32f10x_it.o(i.SVC_Handler)
    ScanKeyStatus                            0x080038b9   Thumb Code   144  keydriver.o(i.ScanKeyStatus)
    ScanSwitchStatus                         0x08003951   Thumb Code   138  switchdriver.o(i.ScanSwitchStatus)
    SetLcdCol                                0x080039e5   Thumb Code    26  uc1698driver.o(i.SetLcdCol)
    SetLcdRow                                0x080039ff   Thumb Code    28  uc1698driver.o(i.SetLcdRow)
    SetLedState                              0x08003a1d   Thumb Code   320  leddriver.o(i.SetLedState)
    SetUserLedStatus                         0x08003c51   Thumb Code    70  inoutuser.o(i.SetUserLedStatus)
    SwitchChangeCmdSend                      0x08003c9d   Thumb Code   180  hmi101.o(i.SwitchChangeCmdSend)
    SwitchDriverInit                         0x08003d55   Thumb Code    14  switchdriver.o(i.SwitchDriverInit)
    SysTick_Handler                          0x08003de5   Thumb Code    18  systemconfig.o(i.SysTick_Handler)
    SysTick_Init                             0x08003dfd   Thumb Code   120  systemconfig.o(i.SysTick_Init)
    SystemInit                               0x08003e89   Thumb Code    78  system_stm32f10x.o(i.SystemInit)
    SystemconfigInit                         0x08003ee9   Thumb Code    16  systemconfig.o(i.SystemconfigInit)
    USART1_IRQHandler                        0x08003ef9   Thumb Code   108  hmi101.o(i.USART1_IRQHandler)
    USART_Cmd                                0x08003f6d   Thumb Code    24  stm32f10x_usart.o(i.USART_Cmd)
    USART_GetFlagStatus                      0x08003f85   Thumb Code    26  stm32f10x_usart.o(i.USART_GetFlagStatus)
    USART_ITConfig                           0x08003f9f   Thumb Code    74  stm32f10x_usart.o(i.USART_ITConfig)
    USART_Init                               0x08003fe9   Thumb Code   210  stm32f10x_usart.o(i.USART_Init)
    USART_SendData                           0x080040c1   Thumb Code     8  stm32f10x_usart.o(i.USART_SendData)
    UsageFault_Handler                       0x080040c9   Thumb Code     4  stm32f10x_it.o(i.UsageFault_Handler)
    UserKeyChangeDeal                        0x080040cd   Thumb Code    82  inoutuser.o(i.UserKeyChangeDeal)
    UserSwitchChangeDeal                     0x08004129   Thumb Code    82  inoutuser.o(i.UserSwitchChangeDeal)
    Write8DotsUC1698U                        0x08004185   Thumb Code   110  uc1698driver.o(i.Write8DotsUC1698U)
    WriteLcdCommand                          0x080041f5   Thumb Code   226  uc1698driver.o(i.WriteLcdCommand)
    WriteLcdData                             0x080042e9   Thumb Code   226  uc1698driver.o(i.WriteLcdData)
    WriteX                                   0x080043dd   Thumb Code    44  hmi101.o(i.WriteX)
    ZiKuInit                                 0x0800440d   Thumb Code    12  zikuspi.o(i.ZiKuInit)
    gt_12_GetData                            0x08004539   Thumb Code   110  gt21l16s2w.o(i.gt_12_GetData)
    hmi101Scan                               0x080045ad   Thumb Code   130  hmi101.o(i.hmi101Scan)
    main                                     0x0800462f   Thumb Code    74  main.o(i.main)
    r_dat_bat                                0x08004679   Thumb Code    84  zikuspi.o(i.r_dat_bat)
    uartInit                                 0x08004775   Thumb Code     8  uartdriver.o(i.uartInit)
    __aeabi_fadd                             0x08004799   Thumb Code     0  faddsub_clz.o(x$fpl$fadd)
    _fadd                                    0x08004799   Thumb Code   196  faddsub_clz.o(x$fpl$fadd)
    __aeabi_fdiv                             0x0800485d   Thumb Code     0  fdiv.o(x$fpl$fdiv)
    _fdiv                                    0x0800485d   Thumb Code   384  fdiv.o(x$fpl$fdiv)
    __aeabi_f2iz                             0x080049e1   Thumb Code     0  ffix.o(x$fpl$ffix)
    _ffix                                    0x080049e1   Thumb Code    54  ffix.o(x$fpl$ffix)
    __aeabi_f2uiz                            0x08004a19   Thumb Code     0  ffixu.o(x$fpl$ffixu)
    _ffixu                                   0x08004a19   Thumb Code    62  ffixu.o(x$fpl$ffixu)
    __aeabi_i2f                              0x08004a59   Thumb Code     0  fflt_clz.o(x$fpl$fflt)
    _fflt                                    0x08004a59   Thumb Code    48  fflt_clz.o(x$fpl$fflt)
    __aeabi_ui2f                             0x08004a89   Thumb Code     0  fflt_clz.o(x$fpl$ffltu)
    _ffltu                                   0x08004a89   Thumb Code    38  fflt_clz.o(x$fpl$ffltu)
    __aeabi_fmul                             0x08004ab1   Thumb Code     0  fmul.o(x$fpl$fmul)
    _fmul                                    0x08004ab1   Thumb Code   258  fmul.o(x$fpl$fmul)
    __fpl_fnaninf                            0x08004bb3   Thumb Code   140  fnaninf.o(x$fpl$fnaninf)
    __fpl_fretinf                            0x08004c3f   Thumb Code    10  fretinf.o(x$fpl$fretinf)
    __aeabi_fsub                             0x08004c49   Thumb Code     0  faddsub_clz.o(x$fpl$fsub)
    _fsub                                    0x08004c49   Thumb Code   234  faddsub_clz.o(x$fpl$fsub)
    __I$use$fp                               0x08004d32   Number         0  usenofp.o(x$fpl$usenofp)
    userLedNoTab                             0x08004d32   Data          10  inoutuser.o(.constdata)
    userSwitchNoTab                          0x08004d3c   Data           6  inoutuser.o(.constdata)
    userKeyNoTab                             0x08004d42   Data          10  inoutuser.o(.constdata)
    LedBitLook                               0x08004d4c   Data           8  inoutuser.o(.constdata)
    sojoImage                                0x08004d54   Data         600  imagearray.o(.constdata)
    imageTabItems                            0x08004fac   Data           1  imagearray.o(.constdata)
    GetBit                                   0x08004fad   Data           8  lkdguibasic.o(.constdata)
    Region$$Table$$Base                      0x08004fc0   Number         0  anon$$obj.o(Region$$Table)
    Region$$Table$$Limit                     0x08004fe0   Number         0  anon$$obj.o(Region$$Table)
    SystemCoreClock                          0x20000000   Data           4  system_stm32f10x.o(.data)
    AHBPrescTable                            0x20000004   Data          16  system_stm32f10x.o(.data)
    LsiFreq                                  0x2000002c   Data           4  systemconfig.o(.data)
    SwitchChangeDealWith                     0x20000038   Data           4  switchdriver.o(.data)
    KeyChangeDealWith                        0x2000003c   Data           4  keydriver.o(.data)
    imageTab                                 0x20000040   Data          12  imagearray.o(.data)
    forecolor                                0x2000004c   Data           1  lkdguicolour.o(.data)
    backcolor                                0x2000004d   Data           1  lkdguicolour.o(.data)
    switchInfo                               0x20000054   Data          36  switchdriver.o(.bss)
    keyInfo                                  0x20000078   Data          60  keydriver.o(.bss)
    switchQueue                              0x200000b4   Data         131  inoutuser.o(.bss)
    keyQueue                                 0x20000137   Data         131  inoutuser.o(.bss)
    DLT634_HMIMaster_Pad                     0x20000e3c   Data          36  dlt634_hmimaster_app.o(.bss)
    DLT634_HMIMaster_App                     0x20000e60   Data        6186  dlt634_hmimaster_app.o(.bss)
    hmiSendInfo                              0x2000268a   Data        1030  hmi101.o(.bss)
    __libspace_start                         0x20002e94   Data          96  libspace.o(.bss)
    __temporary_stack_top$libspace           0x20002ef4   Data           0  libspace.o(.bss)



==============================================================================

Memory Map of the image

  Image Entry point : 0x080000ed

  Load Region LR_IROM1 (Base: 0x08000000, Size: 0x00005034, Max: 0x00040000, ABSOLUTE)

    Execution Region ER_IROM1 (Exec base: 0x08000000, Load base: 0x08000000, Size: 0x00004fe0, Max: 0x00040000, ABSOLUTE)

    Exec Addr    Load Addr    Size         Type   Attr      Idx    E Section Name        Object

    0x08000000   0x08000000   0x000000ec   Data   RO            3    RESET               startup_stm32f10x_md.o
    0x080000ec   0x080000ec   0x00000008   Code   RO         2173  * !!!main             c_w.l(__main.o)
    0x080000f4   0x080000f4   0x00000034   Code   RO         2365    !!!scatter          c_w.l(__scatter.o)
    0x08000128   0x08000128   0x0000001a   Code   RO         2367    !!handler_copy      c_w.l(__scatter_copy.o)
    0x08000142   0x08000142   0x00000002   PAD
    0x08000144   0x08000144   0x0000001c   Code   RO         2369    !!handler_zi        c_w.l(__scatter_zi.o)
    0x08000160   0x08000160   0x00000002   Code   RO         2235    .ARM.Collect$$libinit$$00000000  c_w.l(libinit.o)
    0x08000162   0x08000162   0x00000000   Code   RO         2242    .ARM.Collect$$libinit$$00000002  c_w.l(libinit2.o)
    0x08000162   0x08000162   0x00000000   Code   RO         2244    .ARM.Collect$$libinit$$00000004  c_w.l(libinit2.o)
    0x08000162   0x08000162   0x00000000   Code   RO         2247    .ARM.Collect$$libinit$$0000000A  c_w.l(libinit2.o)
    0x08000162   0x08000162   0x00000000   Code   RO         2249    .ARM.Collect$$libinit$$0000000C  c_w.l(libinit2.o)
    0x08000162   0x08000162   0x00000000   Code   RO         2251    .ARM.Collect$$libinit$$0000000E  c_w.l(libinit2.o)
    0x08000162   0x08000162   0x00000000   Code   RO         2254    .ARM.Collect$$libinit$$00000011  c_w.l(libinit2.o)
    0x08000162   0x08000162   0x00000000   Code   RO         2256    .ARM.Collect$$libinit$$00000013  c_w.l(libinit2.o)
    0x08000162   0x08000162   0x00000000   Code   RO         2258    .ARM.Collect$$libinit$$00000015  c_w.l(libinit2.o)
    0x08000162   0x08000162   0x00000000   Code   RO         2260    .ARM.Collect$$libinit$$00000017  c_w.l(libinit2.o)
    0x08000162   0x08000162   0x00000000   Code   RO         2262    .ARM.Collect$$libinit$$00000019  c_w.l(libinit2.o)
    0x08000162   0x08000162   0x00000000   Code   RO         2264    .ARM.Collect$$libinit$$0000001B  c_w.l(libinit2.o)
    0x08000162   0x08000162   0x00000000   Code   RO         2266    .ARM.Collect$$libinit$$0000001D  c_w.l(libinit2.o)
    0x08000162   0x08000162   0x00000000   Code   RO         2268    .ARM.Collect$$libinit$$0000001F  c_w.l(libinit2.o)
    0x08000162   0x08000162   0x00000000   Code   RO         2270    .ARM.Collect$$libinit$$00000021  c_w.l(libinit2.o)
    0x08000162   0x08000162   0x00000000   Code   RO         2272    .ARM.Collect$$libinit$$00000023  c_w.l(libinit2.o)
    0x08000162   0x08000162   0x00000000   Code   RO         2274    .ARM.Collect$$libinit$$00000025  c_w.l(libinit2.o)
    0x08000162   0x08000162   0x00000000   Code   RO         2278    .ARM.Collect$$libinit$$0000002C  c_w.l(libinit2.o)
    0x08000162   0x08000162   0x00000000   Code   RO         2280    .ARM.Collect$$libinit$$0000002E  c_w.l(libinit2.o)
    0x08000162   0x08000162   0x00000000   Code   RO         2282    .ARM.Collect$$libinit$$00000030  c_w.l(libinit2.o)
    0x08000162   0x08000162   0x00000000   Code   RO         2284    .ARM.Collect$$libinit$$00000032  c_w.l(libinit2.o)
    0x08000162   0x08000162   0x00000002   Code   RO         2285    .ARM.Collect$$libinit$$00000033  c_w.l(libinit2.o)
    0x08000164   0x08000164   0x00000002   Code   RO         2305    .ARM.Collect$$libshutdown$$00000000  c_w.l(libshutdown.o)
    0x08000166   0x08000166   0x00000000   Code   RO         2318    .ARM.Collect$$libshutdown$$00000002  c_w.l(libshutdown2.o)
    0x08000166   0x08000166   0x00000000   Code   RO         2320    .ARM.Collect$$libshutdown$$00000004  c_w.l(libshutdown2.o)
    0x08000166   0x08000166   0x00000000   Code   RO         2323    .ARM.Collect$$libshutdown$$00000007  c_w.l(libshutdown2.o)
    0x08000166   0x08000166   0x00000000   Code   RO         2326    .ARM.Collect$$libshutdown$$0000000A  c_w.l(libshutdown2.o)
    0x08000166   0x08000166   0x00000000   Code   RO         2328    .ARM.Collect$$libshutdown$$0000000C  c_w.l(libshutdown2.o)
    0x08000166   0x08000166   0x00000000   Code   RO         2331    .ARM.Collect$$libshutdown$$0000000F  c_w.l(libshutdown2.o)
    0x08000166   0x08000166   0x00000002   Code   RO         2332    .ARM.Collect$$libshutdown$$00000010  c_w.l(libshutdown2.o)
    0x08000168   0x08000168   0x00000000   Code   RO         2201    .ARM.Collect$$rtentry$$00000000  c_w.l(__rtentry.o)
    0x08000168   0x08000168   0x00000000   Code   RO         2212    .ARM.Collect$$rtentry$$00000002  c_w.l(__rtentry2.o)
    0x08000168   0x08000168   0x00000006   Code   RO         2224    .ARM.Collect$$rtentry$$00000004  c_w.l(__rtentry4.o)
    0x0800016e   0x0800016e   0x00000000   Code   RO         2214    .ARM.Collect$$rtentry$$00000009  c_w.l(__rtentry2.o)
    0x0800016e   0x0800016e   0x00000004   Code   RO         2215    .ARM.Collect$$rtentry$$0000000A  c_w.l(__rtentry2.o)
    0x08000172   0x08000172   0x00000000   Code   RO         2217    .ARM.Collect$$rtentry$$0000000C  c_w.l(__rtentry2.o)
    0x08000172   0x08000172   0x00000008   Code   RO         2218    .ARM.Collect$$rtentry$$0000000D  c_w.l(__rtentry2.o)
    0x0800017a   0x0800017a   0x00000002   Code   RO         2239    .ARM.Collect$$rtexit$$00000000  c_w.l(rtexit.o)
    0x0800017c   0x0800017c   0x00000000   Code   RO         2287    .ARM.Collect$$rtexit$$00000002  c_w.l(rtexit2.o)
    0x0800017c   0x0800017c   0x00000004   Code   RO         2288    .ARM.Collect$$rtexit$$00000003  c_w.l(rtexit2.o)
    0x08000180   0x08000180   0x00000006   Code   RO         2289    .ARM.Collect$$rtexit$$00000004  c_w.l(rtexit2.o)
    0x08000186   0x08000186   0x00000002   PAD
    0x08000188   0x08000188   0x00000040   Code   RO            4    .text               startup_stm32f10x_md.o
    0x080001c8   0x080001c8   0x00000058   Code   RO         2163    .text               c_w.l(memcmp.o)
    0x08000220   0x08000220   0x0000003e   Code   RO         2165    .text               c_w.l(strlen.o)
    0x0800025e   0x0800025e   0x0000008a   Code   RO         2167    .text               c_w.l(rt_memcpy_v6.o)
    0x080002e8   0x080002e8   0x00000044   Code   RO         2169    .text               c_w.l(rt_memclr.o)
    0x0800032c   0x0800032c   0x00000006   Code   RO         2171    .text               c_w.l(heapauxi.o)
    0x08000332   0x08000332   0x00000064   Code   RO         2202    .text               c_w.l(rt_memcpy_w.o)
    0x08000396   0x08000396   0x0000004e   Code   RO         2204    .text               c_w.l(rt_memclr_w.o)
    0x080003e4   0x080003e4   0x0000004a   Code   RO         2226    .text               c_w.l(sys_stackheap_outer.o)
    0x0800042e   0x0800042e   0x00000012   Code   RO         2228    .text               c_w.l(exit.o)
    0x08000440   0x08000440   0x00000008   Code   RO         2236    .text               c_w.l(libspace.o)
    0x08000448   0x08000448   0x0000000c   Code   RO         2297    .text               c_w.l(sys_exit.o)
    0x08000454   0x08000454   0x00000002   Code   RO         2308    .text               c_w.l(use_no_semi.o)
    0x08000456   0x08000456   0x00000000   Code   RO         2310    .text               c_w.l(indicate_semi.o)
    0x08000456   0x08000456   0x00000002   PAD
    0x08000458   0x08000458   0x000000d4   Code   RO         2104    i.ASCII_GetData     GT21L16S2W_lib.lib(gt21l16s2w.o)
    0x0800052c   0x0800052c   0x00000004   Code   RO         1215    i.BusFault_Handler  stm32f10x_it.o
    0x08000530   0x08000530   0x00000024   Code   RO         1491    i.CloseLcdDisplay   uc1698driver.o
    0x08000554   0x08000554   0x00000050   Code   RO         1956    i.Cmd101DownControl  hmi101.o
    0x080005a4   0x080005a4   0x0000000c   Code   RO         1957    i.Cmd101SendFinish  hmi101.o
    0x080005b0   0x080005b0   0x00000050   Code   RO         1429    i.ContinuousOutResult  inoutuser.o
    0x08000600   0x08000600   0x000000cc   Code   RO         1779    i.DLT634_HMI_MASTER_AppProcess  dlt634_hmimaster_app.o
    0x080006cc   0x080006cc   0x00000060   Code   RO         1780    i.DLT634_HMI_MASTER_CKS  dlt634_hmimaster_app.o
    0x0800072c   0x0800072c   0x00000012   Code   RO         1892    i.DLT634_HMI_MASTER_C_REPLY  dlt634_hmimaster_disk.o
    0x0800073e   0x0800073e   0x00000002   PAD
    0x08000740   0x08000740   0x00000070   Code   RO         1781    i.DLT634_HMI_MASTER_CheckFram10Valid  dlt634_hmimaster_app.o
    0x080007b0   0x080007b0   0x0000006c   Code   RO         1782    i.DLT634_HMI_MASTER_CheckFram68Valid  dlt634_hmimaster_app.o
    0x0800081c   0x0800081c   0x00000084   Code   RO         1783    i.DLT634_HMI_MASTER_Clock  dlt634_hmimaster_app.o
    0x080008a0   0x080008a0   0x00000064   Code   RO         1784    i.DLT634_HMI_MASTER_Data1Process  dlt634_hmimaster_app.o
    0x08000904   0x08000904   0x000002cc   Code   RO         1785    i.DLT634_HMI_MASTER_DecodeFrame10  dlt634_hmimaster_app.o
    0x08000bd0   0x08000bd0   0x0000004c   Code   RO         1786    i.DLT634_HMI_MASTER_DecodeFrame68  dlt634_hmimaster_app.o
    0x08000c1c   0x08000c1c   0x0000000c   Code   RO         1893    i.DLT634_HMI_MASTER_H_HMIYX  dlt634_hmimaster_disk.o
    0x08000c28   0x08000c28   0x00000098   Code   RO         1894    i.DLT634_HMI_MASTER_INIT  dlt634_hmimaster_disk.o
    0x08000cc0   0x08000cc0   0x000001a0   Code   RO         1787    i.DLT634_HMI_MASTER_Link10Process  dlt634_hmimaster_app.o
    0x08000e60   0x08000e60   0x000000ac   Code   RO         1788    i.DLT634_HMI_MASTER_Link68Process  dlt634_hmimaster_app.o
    0x08000f0c   0x08000f0c   0x000002a0   Code   RO         1789    i.DLT634_HMI_MASTER_LinkOnTimer  dlt634_hmimaster_app.o
    0x080011ac   0x080011ac   0x0000011c   Code   RO         1790    i.DLT634_HMI_MASTER_MasterFrame10Packet  dlt634_hmimaster_app.o
    0x080012c8   0x080012c8   0x0000018c   Code   RO         1791    i.DLT634_HMI_MASTER_MasterFrame68Packet  dlt634_hmimaster_app.o
    0x08001454   0x08001454   0x00000028   Code   RO         1792    i.DLT634_HMI_MASTER_REPLY  dlt634_hmimaster_app.o
    0x0800147c   0x0800147c   0x00000024   Code   RO         1896    i.DLT634_HMI_MASTER_ReadData  dlt634_hmimaster_disk.o
    0x080014a0   0x080014a0   0x00000160   Code   RO         1793    i.DLT634_HMI_MASTER_ReadMISIData  dlt634_hmimaster_app.o
    0x08001600   0x08001600   0x00000600   Code   RO         1794    i.DLT634_HMI_MASTER_SearchValidFrame  dlt634_hmimaster_app.o
    0x08001c00   0x08001c00   0x0000006c   Code   RO         1795    i.DLT634_HMI_MASTER_SendProcess  dlt634_hmimaster_app.o
    0x08001c6c   0x08001c6c   0x000000d8   Code   RO         1796    i.DLT634_HMI_MASTER_SlaveFrame10Packet  dlt634_hmimaster_app.o
    0x08001d44   0x08001d44   0x0000000e   Code   RO         1897    i.DLT634_HMI_MASTER_TO_HMI  dlt634_hmimaster_disk.o
    0x08001d52   0x08001d52   0x00000024   Code   RO         1898    i.DLT634_HMI_MASTER_WriteData  dlt634_hmimaster_disk.o
    0x08001d76   0x08001d76   0x00000002   PAD
    0x08001d78   0x08001d78   0x000000c0   Code   RO         1797    i.DLT634_HMI_MASTER_WriteDataToMISI  dlt634_hmimaster_app.o
    0x08001e38   0x08001e38   0x0000000c   Code   RO         1899    i.DLT634_HMI_MasterTask  dlt634_hmimaster_disk.o
    0x08001e44   0x08001e44   0x0000000a   Code   RO         1900    i.DLT634_HMI_SLAVE_EMPTY  dlt634_hmimaster_disk.o
    0x08001e4e   0x08001e4e   0x00000002   Code   RO         1216    i.DebugMon_Handler  stm32f10x_it.o
    0x08001e50   0x08001e50   0x00000012   Code   RO         1154    i.Delay_ms          systemconfig.o
    0x08001e62   0x08001e62   0x00000002   PAD
    0x08001e64   0x08001e64   0x0000004c   Code   RO         1155    i.Delay_us          systemconfig.o
    0x08001eb0   0x08001eb0   0x00000034   Code   RO         1958    i.EndCmd101Down     hmi101.o
    0x08001ee4   0x08001ee4   0x00000048   Code   RO         1290    i.GPIOInit          leddriver.o
    0x08001f2c   0x08001f2c   0x00000116   Code   RO          735    i.GPIO_Init         stm32f10x_gpio.o
    0x08002042   0x08002042   0x00000012   Code   RO          739    i.GPIO_ReadInputDataBit  stm32f10x_gpio.o
    0x08002054   0x08002054   0x00000012   Code   RO          741    i.GPIO_ReadOutputDataBit  stm32f10x_gpio.o
    0x08002066   0x08002066   0x00000004   Code   RO          742    i.GPIO_ResetBits    stm32f10x_gpio.o
    0x0800206a   0x0800206a   0x00000004   Code   RO          743    i.GPIO_SetBits      stm32f10x_gpio.o
    0x0800206e   0x0800206e   0x00000002   PAD
    0x08002070   0x08002070   0x000000b0   Code   RO         1394    i.GetKeyStatus      keydriver.o
    0x08002120   0x08002120   0x000000d4   Code   RO         1291    i.GetLedStatus      leddriver.o
    0x080021f4   0x080021f4   0x00000074   Code   RO         1354    i.GetSwitchStatus   switchdriver.o
    0x08002268   0x08002268   0x0000001a   Code   RO         1156    i.GetTimer1IntervalTick  systemconfig.o
    0x08002282   0x08002282   0x00000002   PAD
    0x08002284   0x08002284   0x0000000c   Code   RO         1157    i.GetTimer1Tick     systemconfig.o
    0x08002290   0x08002290   0x00000008   Code   RO         1430    i.GetkeyQueueP      inoutuser.o
    0x08002298   0x08002298   0x00000008   Code   RO         1431    i.GetswitchQueueP   inoutuser.o
    0x080022a0   0x080022a0   0x0000027c   Code   RO         1550    i.GuiAreaBitMap     lkdguibasic.o
    0x0800251c   0x0800251c   0x0000011e   Code   RO         1551    i.GuiBiasLine       lkdguibasic.o
    0x0800263a   0x0800263a   0x00000002   PAD
    0x0800263c   0x0800263c   0x000000d8   Code   RO         1552    i.GuiBitMap         lkdguibasic.o
    0x08002714   0x08002714   0x000000da   Code   RO         1728    i.GuiButton         lkdguicontrol.o
    0x080027ee   0x080027ee   0x00000050   Code   RO         1959    i.GuiCmd100Fun      hmi101.o
    0x0800283e   0x0800283e   0x0000003a   Code   RO         1960    i.GuiCmd101Fun      hmi101.o
    0x08002878   0x08002878   0x0000001e   Code   RO         1961    i.GuiCmd102Fun      hmi101.o
    0x08002896   0x08002896   0x0000000c   Code   RO         1962    i.GuiCmd103Fun      hmi101.o
    0x080028a2   0x080028a2   0x00000002   PAD
    0x080028a4   0x080028a4   0x00000040   Code   RO         1963    i.GuiCmd104Fun      hmi101.o
    0x080028e4   0x080028e4   0x0000003e   Code   RO         1964    i.GuiCmd105Fun      hmi101.o
    0x08002922   0x08002922   0x00000002   PAD
    0x08002924   0x08002924   0x00000054   Code   RO         1965    i.GuiCmd106Fun      hmi101.o
    0x08002978   0x08002978   0x0000005c   Code   RO         1966    i.GuiCmd107Fun      hmi101.o
    0x080029d4   0x080029d4   0x00000066   Code   RO         1967    i.GuiCmd108Fun      hmi101.o
    0x08002a3a   0x08002a3a   0x00000030   Code   RO         1968    i.GuiCmd109Fun      hmi101.o
    0x08002a6a   0x08002a6a   0x00000002   PAD
    0x08002a6c   0x08002a6c   0x00000064   Code   RO         1667    i.GuiDrawPoint      lkdguidriver.o
    0x08002ad0   0x08002ad0   0x0000001c   Code   RO         1625    i.GuiExchangeColor  lkdguicolour.o
    0x08002aec   0x08002aec   0x00000042   Code   RO         1554    i.GuiFillRect       lkdguibasic.o
    0x08002b2e   0x08002b2e   0x00000002   PAD
    0x08002b30   0x08002b30   0x00000080   Code   RO         1701    i.GuiFont12         lkdguifont.o
    0x08002bb0   0x08002bb0   0x0000014c   Code   RO         1702    i.GuiFont12Align    lkdguifont.o
    0x08002cfc   0x08002cfc   0x0000000c   Code   RO         1626    i.GuiGetForecolor   lkdguicolour.o
    0x08002d08   0x08002d08   0x0000000c   Code   RO         1627    i.GuiGetbackcolor   lkdguicolour.o
    0x08002d14   0x08002d14   0x0000001a   Code   RO         1555    i.GuiHLine          lkdguibasic.o
    0x08002d2e   0x08002d2e   0x0000006a   Code   RO         1556    i.GuiHPointLine     lkdguibasic.o
    0x08002d98   0x08002d98   0x0000001a   Code   RO         1558    i.GuiRLine          lkdguibasic.o
    0x08002db2   0x08002db2   0x0000006a   Code   RO         1559    i.GuiRPointLine     lkdguibasic.o
    0x08002e1c   0x08002e1c   0x0000004a   Code   RO         1560    i.GuiRect           lkdguibasic.o
    0x08002e66   0x08002e66   0x00000002   PAD
    0x08002e68   0x08002e68   0x0000000c   Code   RO         1628    i.GuiSetForecolor   lkdguicolour.o
    0x08002e74   0x08002e74   0x0000000c   Code   RO         1629    i.GuiSetbackcolor   lkdguicolour.o
    0x08002e80   0x08002e80   0x00000054   Code   RO         1669    i.GuiUpdateDisplayAll  lkdguidriver.o
    0x08002ed4   0x08002ed4   0x00000158   Code   RO         1729    i.GuiVScroll        lkdguicontrol.o
    0x0800302c   0x0800302c   0x00000004   Code   RO         1217    i.HardFault_Handler  stm32f10x_it.o
    0x08003030   0x08003030   0x0000002c   Code   RO         1969    i.Hmi101Main        hmi101.o
    0x0800305c   0x0800305c   0x00000046   Code   RO         1970    i.HmiCmd001Fun      hmi101.o
    0x080030a2   0x080030a2   0x000000b0   Code   RO         1971    i.HmiGuiCmdResult   hmi101.o
    0x08003152   0x08003152   0x00000002   PAD
    0x08003154   0x08003154   0x000000b4   Code   RO         1972    i.KeyChangeCmdSend  hmi101.o
    0x08003208   0x08003208   0x00000018   Code   RO         1395    i.KeyDriverInit     keydriver.o
    0x08003220   0x08003220   0x000000ac   Code   RO         1396    i.KeyGpioInit       keydriver.o
    0x080032cc   0x080032cc   0x000000a0   Code   RO         1492    i.LcdGpioConfig     uc1698driver.o
    0x0800336c   0x0800336c   0x000000dc   Code   RO         1493    i.LcdInit           uc1698driver.o
    0x08003448   0x08003448   0x00000008   Code   RO         1292    i.LedDriverInit     leddriver.o
    0x08003450   0x08003450   0x000000d0   Code   RO         1293    i.LedGpioInit       leddriver.o
    0x08003520   0x08003520   0x0000000c   Code   RO         1294    i.LedInit           leddriver.o
    0x0800352c   0x0800352c   0x00000054   Code   RO         1295    i.LedRun            leddriver.o
    0x08003580   0x08003580   0x00000004   Code   RO         1218    i.MemManage_Handler  stm32f10x_it.o
    0x08003584   0x08003584   0x00000002   Code   RO         1219    i.NMI_Handler       stm32f10x_it.o
    0x08003586   0x08003586   0x0000000c   Code   RO         1158    i.NVIC_Configuration  systemconfig.o
    0x08003592   0x08003592   0x00000002   PAD
    0x08003594   0x08003594   0x00000070   Code   RO          693    i.NVIC_Init         misc.o
    0x08003604   0x08003604   0x00000014   Code   RO          694    i.NVIC_PriorityGroupConfig  misc.o
    0x08003618   0x08003618   0x00000028   Code   RO         1494    i.OpenLcdDisplay    uc1698driver.o
    0x08003640   0x08003640   0x00000002   Code   RO         1220    i.PendSV_Handler    stm32f10x_it.o
    0x08003642   0x08003642   0x00000002   PAD
    0x08003644   0x08003644   0x00000020   Code   RO          847    i.RCC_APB2PeriphClockCmd  stm32f10x_rcc.o
    0x08003664   0x08003664   0x000000d4   Code   RO          855    i.RCC_GetClocksFreq  stm32f10x_rcc.o
    0x08003738   0x08003738   0x000000fc   Code   RO         1973    i.Readx             hmi101.o
    0x08003834   0x08003834   0x00000018   Code   RO          142    i.SPI_Cmd           stm32f10x_spi.o
    0x0800384c   0x0800384c   0x00000012   Code   RO          143    i.SPI_DataSizeConfig  stm32f10x_spi.o
    0x0800385e   0x0800385e   0x00000012   Code   RO          150    i.SPI_I2S_GetFlagStatus  stm32f10x_spi.o
    0x08003870   0x08003870   0x00000006   Code   RO          153    i.SPI_I2S_ReceiveData  stm32f10x_spi.o
    0x08003876   0x08003876   0x00000004   Code   RO          154    i.SPI_I2S_SendData  stm32f10x_spi.o
    0x0800387a   0x0800387a   0x0000003c   Code   RO          155    i.SPI_Init          stm32f10x_spi.o
    0x080038b6   0x080038b6   0x00000002   Code   RO         1221    i.SVC_Handler       stm32f10x_it.o
    0x080038b8   0x080038b8   0x00000098   Code   RO         1397    i.ScanKeyStatus     keydriver.o
    0x08003950   0x08003950   0x00000094   Code   RO         1355    i.ScanSwitchStatus  switchdriver.o
    0x080039e4   0x080039e4   0x0000001a   Code   RO         1495    i.SetLcdCol         uc1698driver.o
    0x080039fe   0x080039fe   0x0000001c   Code   RO         1496    i.SetLcdRow         uc1698driver.o
    0x08003a1a   0x08003a1a   0x00000002   PAD
    0x08003a1c   0x08003a1c   0x0000014c   Code   RO         1296    i.SetLedState       leddriver.o
    0x08003b68   0x08003b68   0x00000008   Code   RO           24    i.SetSysClock       system_stm32f10x.o
    0x08003b70   0x08003b70   0x000000e0   Code   RO           25    i.SetSysClockTo72   system_stm32f10x.o
    0x08003c50   0x08003c50   0x0000004c   Code   RO         1432    i.SetUserLedStatus  inoutuser.o
    0x08003c9c   0x08003c9c   0x000000b8   Code   RO         1974    i.SwitchChangeCmdSend  hmi101.o
    0x08003d54   0x08003d54   0x00000018   Code   RO         1356    i.SwitchDriverInit  switchdriver.o
    0x08003d6c   0x08003d6c   0x00000078   Code   RO         1357    i.SwitchGpioInit    switchdriver.o
    0x08003de4   0x08003de4   0x00000018   Code   RO         1159    i.SysTick_Handler   systemconfig.o
    0x08003dfc   0x08003dfc   0x0000008c   Code   RO         1160    i.SysTick_Init      systemconfig.o
    0x08003e88   0x08003e88   0x00000060   Code   RO           27    i.SystemInit        system_stm32f10x.o
    0x08003ee8   0x08003ee8   0x00000010   Code   RO         1161    i.SystemconfigInit  systemconfig.o
    0x08003ef8   0x08003ef8   0x00000074   Code   RO         1975    i.USART1_IRQHandler  hmi101.o
    0x08003f6c   0x08003f6c   0x00000018   Code   RO          289    i.USART_Cmd         stm32f10x_usart.o
    0x08003f84   0x08003f84   0x0000001a   Code   RO          292    i.USART_GetFlagStatus  stm32f10x_usart.o
    0x08003f9e   0x08003f9e   0x0000004a   Code   RO          295    i.USART_ITConfig    stm32f10x_usart.o
    0x08003fe8   0x08003fe8   0x000000d8   Code   RO          296    i.USART_Init        stm32f10x_usart.o
    0x080040c0   0x080040c0   0x00000008   Code   RO          306    i.USART_SendData    stm32f10x_usart.o
    0x080040c8   0x080040c8   0x00000004   Code   RO         1222    i.UsageFault_Handler  stm32f10x_it.o
    0x080040cc   0x080040cc   0x0000005c   Code   RO         1433    i.UserKeyChangeDeal  inoutuser.o
    0x08004128   0x08004128   0x0000005c   Code   RO         1434    i.UserSwitchChangeDeal  inoutuser.o
    0x08004184   0x08004184   0x0000006e   Code   RO         1497    i.Write8DotsUC1698U  uc1698driver.o
    0x080041f2   0x080041f2   0x00000002   PAD
    0x080041f4   0x080041f4   0x000000f4   Code   RO         1498    i.WriteLcdCommand   uc1698driver.o
    0x080042e8   0x080042e8   0x000000f4   Code   RO         1499    i.WriteLcdData      uc1698driver.o
    0x080043dc   0x080043dc   0x00000030   Code   RO         1976    i.WriteX            hmi101.o
    0x0800440c   0x0800440c   0x0000000c   Code   RO         1746    i.ZiKuInit          zikuspi.o
    0x08004418   0x08004418   0x00000068   Code   RO         1747    i.ZikuGpioConfig    zikuspi.o
    0x08004480   0x08004480   0x00000064   Code   RO         1748    i.ZikuSpiConfig     zikuspi.o
    0x080044e4   0x080044e4   0x00000054   Code   RO         1749    i.ZikuSpiReadWriteByte  zikuspi.o
    0x08004538   0x08004538   0x00000074   Code   RO         2110    i.gt_12_GetData     GT21L16S2W_lib.lib(gt21l16s2w.o)
    0x080045ac   0x080045ac   0x00000082   Code   RO         1977    i.hmi101Scan        hmi101.o
    0x0800462e   0x0800462e   0x0000004a   Code   RO         1085    i.main              main.o
    0x08004678   0x08004678   0x00000058   Code   RO         1750    i.r_dat_bat         zikuspi.o
    0x080046d0   0x080046d0   0x000000a4   Code   RO         1272    i.uartGpioConfig    uartdriver.o
    0x08004774   0x08004774   0x00000008   Code   RO         1273    i.uartInit          uartdriver.o
    0x0800477c   0x0800477c   0x0000001c   Code   RO         1297    i.variableInit      leddriver.o
    0x08004798   0x08004798   0x000000c4   Code   RO         2175    x$fpl$fadd          fz_ws.l(faddsub_clz.o)
    0x0800485c   0x0800485c   0x00000184   Code   RO         2182    x$fpl$fdiv          fz_ws.l(fdiv.o)
    0x080049e0   0x080049e0   0x00000036   Code   RO         2185    x$fpl$ffix          fz_ws.l(ffix.o)
    0x08004a16   0x08004a16   0x00000002   PAD
    0x08004a18   0x08004a18   0x0000003e   Code   RO         2189    x$fpl$ffixu         fz_ws.l(ffixu.o)
    0x08004a56   0x08004a56   0x00000002   PAD
    0x08004a58   0x08004a58   0x00000030   Code   RO         2194    x$fpl$fflt          fz_ws.l(fflt_clz.o)
    0x08004a88   0x08004a88   0x00000026   Code   RO         2193    x$fpl$ffltu         fz_ws.l(fflt_clz.o)
    0x08004aae   0x08004aae   0x00000002   PAD
    0x08004ab0   0x08004ab0   0x00000102   Code   RO         2199    x$fpl$fmul          fz_ws.l(fmul.o)
    0x08004bb2   0x08004bb2   0x0000008c   Code   RO         2206    x$fpl$fnaninf       fz_ws.l(fnaninf.o)
    0x08004c3e   0x08004c3e   0x0000000a   Code   RO         2208    x$fpl$fretinf       fz_ws.l(fretinf.o)
    0x08004c48   0x08004c48   0x000000ea   Code   RO         2177    x$fpl$fsub          fz_ws.l(faddsub_clz.o)
    0x08004d32   0x08004d32   0x00000000   Code   RO         2210    x$fpl$usenofp       fz_ws.l(usenofp.o)
    0x08004d32   0x08004d32   0x00000022   Data   RO         1436    .constdata          inoutuser.o
    0x08004d54   0x08004d54   0x00000259   Data   RO         1478    .constdata          imagearray.o
    0x08004fad   0x08004fad   0x00000008   Data   RO         1561    .constdata          lkdguibasic.o
    0x08004fb5   0x08004fb5   0x00000008   Data   RO         1671    .constdata          lkdguidriver.o
    0x08004fbd   0x08004fbd   0x00000003   PAD
    0x08004fc0   0x08004fc0   0x00000020   Data   RO         2363    Region$$Table       anon$$obj.o


    Execution Region RW_IRAM1 (Exec base: 0x20000000, Load base: 0x08004fe0, Size: 0x000038f8, Max: 0x0000c000, ABSOLUTE)

    Exec Addr    Load Addr    Size         Type   Attr      Idx    E Section Name        Object

    0x20000000   0x08004fe0   0x00000014   Data   RW           28    .data               system_stm32f10x.o
    0x20000014   0x08004ff4   0x00000014   Data   RW          875    .data               stm32f10x_rcc.o
    0x20000028   0x08005008   0x0000000c   Data   RW         1162    .data               systemconfig.o
    0x20000034   0x08005014   0x00000004   Data   RW         1298    .data               leddriver.o
    0x20000038   0x08005018   0x00000004   Data   RW         1359    .data               switchdriver.o
    0x2000003c   0x0800501c   0x00000004   Data   RW         1399    .data               keydriver.o
    0x20000040   0x08005020   0x0000000c   Data   RW         1479    .data               imagearray.o
    0x2000004c   0x0800502c   0x00000002   Data   RW         1630    .data               lkdguicolour.o
    0x2000004e   0x0800502e   0x00000002   PAD
    0x20000050   0x08005030   0x00000004   Data   RW         1979    .data               hmi101.o
    0x20000054        -       0x00000024   Zero   RW         1358    .bss                switchdriver.o
    0x20000078        -       0x0000003c   Zero   RW         1398    .bss                keydriver.o
    0x200000b4        -       0x00000106   Zero   RW         1435    .bss                inoutuser.o
    0x200001ba        -       0x00000c80   Zero   RW         1670    .bss                lkdguidriver.o
    0x20000e3a   0x08005034   0x00000002   PAD
    0x20000e3c        -       0x0000184e   Zero   RW         1798    .bss                dlt634_hmimaster_app.o
    0x2000268a        -       0x0000080a   Zero   RW         1978    .bss                hmi101.o
    0x20002e94        -       0x00000060   Zero   RW         2237    .bss                c_w.l(libspace.o)
    0x20002ef4   0x08005034   0x00000004   PAD
    0x20002ef8        -       0x00000200   Zero   RW            2    HEAP                startup_stm32f10x_md.o
    0x200030f8        -       0x00000800   Zero   RW            1    STACK               startup_stm32f10x_md.o


==============================================================================

Image component sizes


      Code (inc. data)   RO Data    RW Data    ZI Data      Debug   Object Name

         0          0          0          0          0       4508   core_cm3.o
      5928        138          0          0       6222      14504   dlt634_hmimaster_app.o
       290          6          0          0          0       5372   dlt634_hmimaster_disk.o
      1976         78          0          4       2058      16820   hmi101.o
         0          0        601         12          0       1091   imagearray.o
       356         40         34          0        262       5249   inoutuser.o
       524         46          0          4         60       3972   keydriver.o
       956        104          0          4          0       5969   leddriver.o
      1542         10          8          0          0       9293   lkdguibasic.o
        76         34          0          2          0       3149   lkdguicolour.o
       562          0          0          0          0       1845   lkdguicontrol.o
       184         16          8          0       3200       2895   lkdguidriver.o
       460         10          0          0          0       2133   lkdguifont.o
        74          0          0          0          0      18552   main.o
       132         22          0          0          0       1547   misc.o
        64         26        236          0       2560        876   startup_stm32f10x_md.o
       322          0          0          0          0       4313   stm32f10x_gpio.o
        24          0          0          0          0       3476   stm32f10x_it.o
       244         26          0         20          0       3889   stm32f10x_rcc.o
       130          0          0          0          0       4423   stm32f10x_spi.o
       348          6          0          0          0       4889   stm32f10x_usart.o
       408         52          0          4         36       3832   switchdriver.o
       328         28          0         20          0     237281   system_stm32f10x.o
       324         38          0         12          0      20036   systemconfig.o
       172         10          0          0          0       1091   uartdriver.o
      1108         68          0          0          0       5174   uc1698driver.o
       388         18          0          0          0       2875   zikuspi.o

    ----------------------------------------------------------------------
     16952        776        922         84      14400     389054   Object Totals
         0          0         32          0          0          0   (incl. Generated)
        32          0          3          2          2          0   (incl. Padding)

    ----------------------------------------------------------------------

      Code (inc. data)   RO Data    RW Data    ZI Data      Debug   Library Member Name

       328         30          0          0          0       1580   gt21l16s2w.o
         8          0          0          0          0         68   __main.o
         0          0          0          0          0          0   __rtentry.o
        12          0          0          0          0          0   __rtentry2.o
         6          0          0          0          0          0   __rtentry4.o
        52          8          0          0          0          0   __scatter.o
        26          0          0          0          0          0   __scatter_copy.o
        28          0          0          0          0          0   __scatter_zi.o
        18          0          0          0          0         80   exit.o
         6          0          0          0          0        152   heapauxi.o
         0          0          0          0          0          0   indicate_semi.o
         2          0          0          0          0          0   libinit.o
         2          0          0          0          0          0   libinit2.o
         2          0          0          0          0          0   libshutdown.o
         2          0          0          0          0          0   libshutdown2.o
         8          4          0          0         96         68   libspace.o
        88          0          0          0          0         76   memcmp.o
        68          0          0          0          0         68   rt_memclr.o
        78          0          0          0          0         80   rt_memclr_w.o
       138          0          0          0          0         68   rt_memcpy_v6.o
       100          0          0          0          0         80   rt_memcpy_w.o
         2          0          0          0          0          0   rtexit.o
        10          0          0          0          0          0   rtexit2.o
        62          0          0          0          0         76   strlen.o
        12          4          0          0          0         68   sys_exit.o
        74          0          0          0          0         80   sys_stackheap_outer.o
         2          0          0          0          0         68   use_no_semi.o
       430          8          0          0          0        168   faddsub_clz.o
       388         76          0          0          0         96   fdiv.o
        54          4          0          0          0         84   ffix.o
        62          4          0          0          0         84   ffixu.o
        86          0          0          0          0        136   fflt_clz.o
       258          4          0          0          0         84   fmul.o
       140          4          0          0          0         84   fnaninf.o
        10          0          0          0          0         68   fretinf.o
         0          0          0          0          0          0   usenofp.o

    ----------------------------------------------------------------------
      2574        146          0          0        100       3416   Library Totals
        12          0          0          0          4          0   (incl. Padding)

    ----------------------------------------------------------------------

      Code (inc. data)   RO Data    RW Data    ZI Data      Debug   Library Name

       328         30          0          0          0       1580   GT21L16S2W_lib.lib
       806         16          0          0         96       1032   c_w.l
      1428        100          0          0          0        804   fz_ws.l

    ----------------------------------------------------------------------
      2574        146          0          0        100       3416   Library Totals

    ----------------------------------------------------------------------

==============================================================================


      Code (inc. data)   RO Data    RW Data    ZI Data      Debug   

     19526        922        922         84      14500     384050   Grand Totals
     19526        922        922         84      14500     384050   ELF Image Totals
     19526        922        922         84          0          0   ROM Totals

==============================================================================

    Total RO  Size (Code + RO Data)                20448 (  19.97kB)
    Total RW  Size (RW Data + ZI Data)             14584 (  14.24kB)
    Total ROM Size (Code + RO Data + RW Data)      20532 (  20.05kB)

==============================================================================

